###############################################################################
#
# IAR ELF Linker V9.40.1.364/W64 for ARM                  29/Mar/2025  21:23:01
# Copyright 2007-2023 IAR Systems AB.
#
#    Output file  =
#        E:\IAR\V1.1.1_25323\Demo\iar\Debug_m7_0\Exe\cyt4bb7_cm_7_0.out
#    Map file     =
#        E:\IAR\V1.1.1_25323\Demo\iar\Debug_m7_0\List\cyt4bb7_cm_7_0.map
#    Command line =
#        -f E:\IAR\V1.1.1_25323\Demo\iar\Debug_m7_0\Exe\cyt4bb7_cm_7_0.out.rsp
#        (E:\IAR\V1.1.1_25323\Demo\iar\Debug_m7_0\Obj\user_8514941877209965082.dir\cm7_0_isr.o
#        E:\IAR\V1.1.1_25323\Demo\iar\Debug_m7_0\Obj\adc_11722776235721520015.dir\cy_adc.o
#        E:\IAR\V1.1.1_25323\Demo\iar\Debug_m7_0\Obj\button_4990804375159372270.dir\cy_button.o
#        E:\IAR\V1.1.1_25323\Demo\iar\Debug_m7_0\Obj\canfd_1800690984773873875.dir\cy_canfd.o
#        E:\IAR\V1.1.1_25323\Demo\iar\Debug_m7_0\Obj\cpu_15938736945165268644.dir\cy_cpu.o
#        E:\IAR\V1.1.1_25323\Demo\iar\Debug_m7_0\Obj\crypto_1190170608956581615.dir\cy_crypto_config.o
#        E:\IAR\V1.1.1_25323\Demo\iar\Debug_m7_0\Obj\eth_phy_18133017486186456677.dir\cy_dp83867.o
#        E:\IAR\V1.1.1_25323\Demo\iar\Debug_m7_0\Obj\ethernet_6029839089178797009.dir\cy_ethif.o
#        E:\IAR\V1.1.1_25323\Demo\iar\Debug_m7_0\Obj\evtgen_3404189088603873129.dir\cy_evtgen.o
#        E:\IAR\V1.1.1_25323\Demo\iar\Debug_m7_0\Obj\flash_8529866181315662935.dir\cy_flash.o
#        E:\IAR\V1.1.1_25323\Demo\iar\Debug_m7_0\Obj\gpio_3999404635324069351.dir\cy_gpio.o
#        E:\IAR\V1.1.1_25323\Demo\iar\Debug_m7_0\Obj\audioss_1346650047966882938.dir\cy_i2s.o
#        E:\IAR\V1.1.1_25323\Demo\iar\Debug_m7_0\Obj\rev_b_6162237342861132223.dir\cy_interrupt_map.o
#        E:\IAR\V1.1.1_25323\Demo\iar\Debug_m7_0\Obj\ipc_10145506163450686023.dir\cy_ipc_drv.o
#        E:\IAR\V1.1.1_25323\Demo\iar\Debug_m7_0\Obj\ipc_10145506163450686023.dir\cy_ipc_pipe.o
#        E:\IAR\V1.1.1_25323\Demo\iar\Debug_m7_0\Obj\ipc_10145506163450686023.dir\cy_ipc_sema.o
#        E:\IAR\V1.1.1_25323\Demo\iar\Debug_m7_0\Obj\lin_18429031207028094880.dir\cy_lin.o
#        E:\IAR\V1.1.1_25323\Demo\iar\Debug_m7_0\Obj\lvd_6353935867039560245.dir\cy_lvd.o
#        E:\IAR\V1.1.1_25323\Demo\iar\Debug_m7_0\Obj\mcwdt_4052485907822033969.dir\cy_mcwdt.o
#        E:\IAR\V1.1.1_25323\Demo\iar\Debug_m7_0\Obj\dma_12106025507578611576.dir\cy_mdma.o
#        E:\IAR\V1.1.1_25323\Demo\iar\Debug_m7_0\Obj\mpu_5663187252346826382.dir\cy_mpu.o
#        E:\IAR\V1.1.1_25323\Demo\iar\Debug_m7_0\Obj\flash_864493325053435817.dir\cy_mw_flash.o
#        E:\IAR\V1.1.1_25323\Demo\iar\Debug_m7_0\Obj\dma_12106025507578611576.dir\cy_pdma.o
#        E:\IAR\V1.1.1_25323\Demo\iar\Debug_m7_0\Obj\power_14453085144426420577.dir\cy_power.o
#        E:\IAR\V1.1.1_25323\Demo\iar\Debug_m7_0\Obj\prot_10722960861768657883.dir\cy_prot.o
#        E:\IAR\V1.1.1_25323\Demo\iar\Debug_m7_0\Obj\scb_15490842639181808494.dir\cy_scb_common.o
#        E:\IAR\V1.1.1_25323\Demo\iar\Debug_m7_0\Obj\scb_15490842639181808494.dir\cy_scb_ezi2c.o
#        E:\IAR\V1.1.1_25323\Demo\iar\Debug_m7_0\Obj\scb_15490842639181808494.dir\cy_scb_i2c.o
#        E:\IAR\V1.1.1_25323\Demo\iar\Debug_m7_0\Obj\scb_15490842639181808494.dir\cy_scb_spi.o
#        E:\IAR\V1.1.1_25323\Demo\iar\Debug_m7_0\Obj\scb_15490842639181808494.dir\cy_scb_uart.o
#        E:\IAR\V1.1.1_25323\Demo\iar\Debug_m7_0\Obj\sd_host_2982766354293506895.dir\cy_sd_host.o
#        E:\IAR\V1.1.1_25323\Demo\iar\Debug_m7_0\Obj\semihosting_143864889731838620.dir\cy_semihosting.o
#        E:\IAR\V1.1.1_25323\Demo\iar\Debug_m7_0\Obj\smartio_5451710003740070188.dir\cy_smartio.o
#        E:\IAR\V1.1.1_25323\Demo\iar\Debug_m7_0\Obj\smif_427648126384146252.dir\cy_smif.o
#        E:\IAR\V1.1.1_25323\Demo\iar\Debug_m7_0\Obj\smif_mem_6470536964353725183.dir\cy_smif_device_common.o
#        E:\IAR\V1.1.1_25323\Demo\iar\Debug_m7_0\Obj\smif_mem_6470536964353725183.dir\cy_smif_hb_flash.o
#        E:\IAR\V1.1.1_25323\Demo\iar\Debug_m7_0\Obj\smif_427648126384146252.dir\cy_smif_memslot.o
#        E:\IAR\V1.1.1_25323\Demo\iar\Debug_m7_0\Obj\smif_mem_6470536964353725183.dir\cy_smif_s25fl.o
#        E:\IAR\V1.1.1_25323\Demo\iar\Debug_m7_0\Obj\smif_mem_6470536964353725183.dir\cy_smif_s25fs.o
#        E:\IAR\V1.1.1_25323\Demo\iar\Debug_m7_0\Obj\smif_mem_6470536964353725183.dir\cy_smif_semp.o
#        E:\IAR\V1.1.1_25323\Demo\iar\Debug_m7_0\Obj\smif_427648126384146252.dir\cy_smif_ver_specific.o
#        E:\IAR\V1.1.1_25323\Demo\iar\Debug_m7_0\Obj\srom_13018798572330080582.dir\cy_srom.o
#        E:\IAR\V1.1.1_25323\Demo\iar\Debug_m7_0\Obj\sw_timer_4215635015939382130.dir\cy_sw_tmr.o
#        E:\IAR\V1.1.1_25323\Demo\iar\Debug_m7_0\Obj\sysclk_16149231235676103872.dir\cy_sysclk.o
#        E:\IAR\V1.1.1_25323\Demo\iar\Debug_m7_0\Obj\sysflt_12293435975120599261.dir\cy_sysflt.o
#        E:\IAR\V1.1.1_25323\Demo\iar\Debug_m7_0\Obj\sysint_7435970359207984181.dir\cy_sysint.o
#        E:\IAR\V1.1.1_25323\Demo\iar\Debug_m7_0\Obj\syslib_16330585751512546975.dir\cy_syslib.o
#        E:\IAR\V1.1.1_25323\Demo\iar\Debug_m7_0\Obj\syslib_16330585751512546975.dir\cy_syslib_iar.o
#        E:\IAR\V1.1.1_25323\Demo\iar\Debug_m7_0\Obj\syspm_10887939769544754770.dir\cy_syspm.o
#        E:\IAR\V1.1.1_25323\Demo\iar\Debug_m7_0\Obj\sysreghc_17676636058511625587.dir\cy_sysreghc.o
#        E:\IAR\V1.1.1_25323\Demo\iar\Debug_m7_0\Obj\sysreset_14586141425677365288.dir\cy_sysreset.o
#        E:\IAR\V1.1.1_25323\Demo\iar\Debug_m7_0\Obj\sysrtc_10747768817563771611.dir\cy_sysrtc.o
#        E:\IAR\V1.1.1_25323\Demo\iar\Debug_m7_0\Obj\systick_16016591671695740695.dir\cy_systick.o
#        E:\IAR\V1.1.1_25323\Demo\iar\Debug_m7_0\Obj\syswdt_9118657615806274156.dir\cy_syswdt.o
#        E:\IAR\V1.1.1_25323\Demo\iar\Debug_m7_0\Obj\tcpwm_422923530147891246.dir\cy_tcpwm.o
#        E:\IAR\V1.1.1_25323\Demo\iar\Debug_m7_0\Obj\tcpwm_422923530147891246.dir\cy_tcpwm_counter.o
#        E:\IAR\V1.1.1_25323\Demo\iar\Debug_m7_0\Obj\tcpwm_422923530147891246.dir\cy_tcpwm_pwm.o
#        E:\IAR\V1.1.1_25323\Demo\iar\Debug_m7_0\Obj\tcpwm_422923530147891246.dir\cy_tcpwm_quaddec.o
#        E:\IAR\V1.1.1_25323\Demo\iar\Debug_m7_0\Obj\tcpwm_422923530147891246.dir\cy_tcpwm_sr.o
#        E:\IAR\V1.1.1_25323\Demo\iar\Debug_m7_0\Obj\trigmux_9729677290734583340.dir\cy_trigmux.o
#        E:\IAR\V1.1.1_25323\Demo\iar\Debug_m7_0\Obj\ethernet_6029839089178797009.dir\edd.o
#        E:\IAR\V1.1.1_25323\Demo\iar\Debug_m7_0\Obj\ethernet_6029839089178797009.dir\edd_rx.o
#        E:\IAR\V1.1.1_25323\Demo\iar\Debug_m7_0\Obj\ethernet_6029839089178797009.dir\edd_tx.o
#        E:\IAR\V1.1.1_25323\Demo\iar\Debug_m7_0\Obj\code_17896468042025673432.dir\encoder.o
#        E:\IAR\V1.1.1_25323\Demo\iar\Debug_m7_0\Obj\code_17896468042025673432.dir\gyro.o
#        E:\IAR\V1.1.1_25323\Demo\iar\Debug_m7_0\Obj\user_8514941877209965082.dir\main_cm7_0.o
#        E:\IAR\V1.1.1_25323\Demo\iar\Debug_m7_0\Obj\code_17896468042025673432.dir\motor.o
#        E:\IAR\V1.1.1_25323\Demo\iar\Debug_m7_0\Obj\code_17896468042025673432.dir\osc.o
#        E:\IAR\V1.1.1_25323\Demo\iar\Debug_m7_0\Obj\code_17896468042025673432.dir\pid.o
#        E:\IAR\V1.1.1_25323\Demo\iar\Debug_m7_0\Obj\zf_components_14936052685886095442.dir\seekfree_assistant.o
#        E:\IAR\V1.1.1_25323\Demo\iar\Debug_m7_0\Obj\zf_components_14936052685886095442.dir\seekfree_assistant_interface.o
#        E:\IAR\V1.1.1_25323\Demo\iar\Debug_m7_0\Obj\startup_479057977785470282.dir\startup.o
#        E:\IAR\V1.1.1_25323\Demo\iar\Debug_m7_0\Obj\startup_479057977785470282.dir\startup_cm7.o
#        E:\IAR\V1.1.1_25323\Demo\iar\Debug_m7_0\Obj\rev_b_4986922561640112550.dir\system_tviibh4m_cm7.o
#        E:\IAR\V1.1.1_25323\Demo\iar\Debug_m7_0\Obj\code_17896468042025673432.dir\uart.o
#        E:\IAR\V1.1.1_25323\Demo\iar\Debug_m7_0\Obj\code_17896468042025673432.dir\wluart.o
#        E:\IAR\V1.1.1_25323\Demo\iar\Debug_m7_0\Obj\zf_common_1201165462030747823.dir\zf_common_clock.o
#        E:\IAR\V1.1.1_25323\Demo\iar\Debug_m7_0\Obj\zf_common_1201165462030747823.dir\zf_common_debug.o
#        E:\IAR\V1.1.1_25323\Demo\iar\Debug_m7_0\Obj\zf_common_1201165462030747823.dir\zf_common_fifo.o
#        E:\IAR\V1.1.1_25323\Demo\iar\Debug_m7_0\Obj\zf_common_1201165462030747823.dir\zf_common_font.o
#        E:\IAR\V1.1.1_25323\Demo\iar\Debug_m7_0\Obj\zf_common_1201165462030747823.dir\zf_common_function.o
#        E:\IAR\V1.1.1_25323\Demo\iar\Debug_m7_0\Obj\zf_common_1201165462030747823.dir\zf_common_interrupt.o
#        E:\IAR\V1.1.1_25323\Demo\iar\Debug_m7_0\Obj\zf_device_6570275422786408770.dir\zf_device_absolute_encoder.o
#        E:\IAR\V1.1.1_25323\Demo\iar\Debug_m7_0\Obj\zf_device_6570275422786408770.dir\zf_device_bluetooth_ch9141.o
#        E:\IAR\V1.1.1_25323\Demo\iar\Debug_m7_0\Obj\zf_device_6570275422786408770.dir\zf_device_dl1a.o
#        E:\IAR\V1.1.1_25323\Demo\iar\Debug_m7_0\Obj\zf_device_6570275422786408770.dir\zf_device_dl1b.o
#        E:\IAR\V1.1.1_25323\Demo\iar\Debug_m7_0\Obj\zf_device_6570275422786408770.dir\zf_device_gnss.o
#        E:\IAR\V1.1.1_25323\Demo\iar\Debug_m7_0\Obj\zf_device_6570275422786408770.dir\zf_device_icm20602.o
#        E:\IAR\V1.1.1_25323\Demo\iar\Debug_m7_0\Obj\zf_device_6570275422786408770.dir\zf_device_imu660ra.o
#        E:\IAR\V1.1.1_25323\Demo\iar\Debug_m7_0\Obj\zf_device_6570275422786408770.dir\zf_device_imu963ra.o
#        E:\IAR\V1.1.1_25323\Demo\iar\Debug_m7_0\Obj\zf_device_6570275422786408770.dir\zf_device_ips114.o
#        E:\IAR\V1.1.1_25323\Demo\iar\Debug_m7_0\Obj\zf_device_6570275422786408770.dir\zf_device_ips200.o
#        E:\IAR\V1.1.1_25323\Demo\iar\Debug_m7_0\Obj\zf_device_6570275422786408770.dir\zf_device_key.o
#        E:\IAR\V1.1.1_25323\Demo\iar\Debug_m7_0\Obj\zf_device_6570275422786408770.dir\zf_device_mpu6050.o
#        E:\IAR\V1.1.1_25323\Demo\iar\Debug_m7_0\Obj\zf_device_6570275422786408770.dir\zf_device_oled.o
#        E:\IAR\V1.1.1_25323\Demo\iar\Debug_m7_0\Obj\zf_device_6570275422786408770.dir\zf_device_tft180.o
#        E:\IAR\V1.1.1_25323\Demo\iar\Debug_m7_0\Obj\zf_device_6570275422786408770.dir\zf_device_tsl1401.o
#        E:\IAR\V1.1.1_25323\Demo\iar\Debug_m7_0\Obj\zf_device_6570275422786408770.dir\zf_device_type.o
#        E:\IAR\V1.1.1_25323\Demo\iar\Debug_m7_0\Obj\zf_device_6570275422786408770.dir\zf_device_uart_receiver.o
#        E:\IAR\V1.1.1_25323\Demo\iar\Debug_m7_0\Obj\zf_device_6570275422786408770.dir\zf_device_virtual_oscilloscope.o
#        E:\IAR\V1.1.1_25323\Demo\iar\Debug_m7_0\Obj\zf_device_6570275422786408770.dir\zf_device_wifi_spi.o
#        E:\IAR\V1.1.1_25323\Demo\iar\Debug_m7_0\Obj\zf_device_6570275422786408770.dir\zf_device_wifi_uart.o
#        E:\IAR\V1.1.1_25323\Demo\iar\Debug_m7_0\Obj\zf_device_6570275422786408770.dir\zf_device_wireless_uart.o
#        E:\IAR\V1.1.1_25323\Demo\iar\Debug_m7_0\Obj\zf_driver_11922370083829174090.dir\zf_driver_adc.o
#        E:\IAR\V1.1.1_25323\Demo\iar\Debug_m7_0\Obj\zf_driver_11922370083829174090.dir\zf_driver_delay.o
#        E:\IAR\V1.1.1_25323\Demo\iar\Debug_m7_0\Obj\zf_driver_11922370083829174090.dir\zf_driver_dma.o
#        E:\IAR\V1.1.1_25323\Demo\iar\Debug_m7_0\Obj\zf_driver_11922370083829174090.dir\zf_driver_encoder.o
#        E:\IAR\V1.1.1_25323\Demo\iar\Debug_m7_0\Obj\zf_driver_11922370083829174090.dir\zf_driver_exti.o
#        E:\IAR\V1.1.1_25323\Demo\iar\Debug_m7_0\Obj\zf_driver_11922370083829174090.dir\zf_driver_flash.o
#        E:\IAR\V1.1.1_25323\Demo\iar\Debug_m7_0\Obj\zf_driver_11922370083829174090.dir\zf_driver_gpio.o
#        E:\IAR\V1.1.1_25323\Demo\iar\Debug_m7_0\Obj\zf_driver_11922370083829174090.dir\zf_driver_ipc.o
#        E:\IAR\V1.1.1_25323\Demo\iar\Debug_m7_0\Obj\zf_driver_11922370083829174090.dir\zf_driver_pit.o
#        E:\IAR\V1.1.1_25323\Demo\iar\Debug_m7_0\Obj\zf_driver_11922370083829174090.dir\zf_driver_pwm.o
#        E:\IAR\V1.1.1_25323\Demo\iar\Debug_m7_0\Obj\zf_driver_11922370083829174090.dir\zf_driver_soft_iic.o
#        E:\IAR\V1.1.1_25323\Demo\iar\Debug_m7_0\Obj\zf_driver_11922370083829174090.dir\zf_driver_soft_spi.o
#        E:\IAR\V1.1.1_25323\Demo\iar\Debug_m7_0\Obj\zf_driver_11922370083829174090.dir\zf_driver_spi.o
#        E:\IAR\V1.1.1_25323\Demo\iar\Debug_m7_0\Obj\zf_driver_11922370083829174090.dir\zf_driver_timer.o
#        E:\IAR\V1.1.1_25323\Demo\iar\Debug_m7_0\Obj\zf_driver_11922370083829174090.dir\zf_driver_uart.o
#        --no_out_extension -o
#        E:\IAR\V1.1.1_25323\Demo\iar\Debug_m7_0\Exe\cyt4bb7_cm_7_0.out
#        --config_def _CORE_cm7_0_=0 --config_def _LINK_flash_=0 --map
#        E:\IAR\V1.1.1_25323\Demo\iar\Debug_m7_0\List\cyt4bb7_cm_7_0.map
#        --config
#        E:\IAR\V1.1.1_25323\Demo\iar\project_config\..\icf\linker_directives_tviibh.icf
#        --semihosting
#        E:\IAR\V1.1.1_25323\Demo\iar\project_config\..\..\..\libraries\sdk\tviibh4m\src\drivers\crypto\libs\libcrypto_server_cm0plus_iar.a
#        E:\IAR\V1.1.1_25323\Demo\iar\project_config\..\..\..\libraries\zf_device\zf_device_config.a
#        E:\IAR\V1.1.1_25323\Demo\iar\project_config\..\..\..\libraries\sdk\common\hdr\cmsis\dsp\iar_cortexM7lf_math.a
#        --entry __iar_program_start --vfe --text_out locale --cpu=Cortex-M7
#        --fpu=VFPv5_d16) --dependencies=n
#        E:\IAR\V1.1.1_25323\Demo\iar\Debug_m7_0\Exe\cyt4bb7_cm_7_0.out.iar_deps
#
###############################################################################

*******************************************************************************
*** MESSAGES
***

Error[Li005]: no definition for "Motor_GetTarget" [referenced from E:\IAR\V1.1.
          1_25323\Demo\iar\Debug_m7_0\Obj\user_8514941877209965082.dir\main_cm7
          _0.o]


*******************************************************************************
*** RUNTIME MODEL ATTRIBUTES
***

CppFlavor       = *
__CPP_Runtime   = 1
__SystemLibrary = DLib
__dlib_version  = 6


*******************************************************************************
*** HEAP SELECTION
***

The basic heap was selected because --advanced_heap
was not specified and the application did not appear to
be primarily optimized for speed.


*******************************************************************************
*** PLACEMENT SUMMARY
***

"A0":  place at start of [from 0x1008'0000 to 0x1027'ffff] { section .intvec };
"P1":  place in [from 0x1008'0000 to 0x1027'ffff] { ro };
"P2":  place in [from 0x2802'0000 to 0x2807'ffff] { rw };
define block HEAP with size = 1K, alignment = 8 { };
define block CSTACK with size = 8K, alignment = 8 { };
define block HEAP_STACK { block HEAP, last block CSTACK };
"A1":  place at end of [from 0x2802'0000 to 0x2807'ffff] { block HEAP_STACK };
do not initialize { section .intvec_ram };
initialize by copy { rw };

No sections matched the following patterns:

  ro section .sflash_app_prot  in "P6"
  ro section .sflash_nar       in "P4"
  ro section .sflash_pkey      in "P5"
  ro section .sflash_toc2      in "P7"
  ro section .sflash_uf_rows   in "P3"
  ro section .work_flash       in "P8"


  Section            Kind         Address    Size  Object
  -------            ----         -------    ----  ------
"A0":                                        0x80
  .intvec            ro code  0x1008'0000    0x80  startup_cm7.o [31]
                            - 0x1008'0080    0x80

"P1":                                      0x9f7a
  .rodata            const    0x1008'0080  0x2000  zf_device_config.o [54]
  .text              ro code  0x1008'2080   0xe18  zf_driver_pwm.o [49]
  .text              ro code  0x1008'2e98   0x478  zf_common_debug.o [46]
  .text              ro code  0x1008'3310    0x66  ABImemset.o [52]
  .text              ro code  0x1008'3376    0x7e  lz77_init_single.o [52]
  .text              ro code  0x1008'33f4   0x194  cy_gpio.o [14]
  .text              ro code  0x1008'3588   0x20a  cy_tcpwm_pwm.o [43]
  .text              ro code  0x1008'3792    0x18  cy_tcpwm.o [43]
  .text              ro code  0x1008'37aa     0xa  xsprout.o [50]
  .text              ro code  0x1008'37b4   0x828  zf_driver_uart.o [49]
  .text              ro code  0x1008'3fdc    0x36  strlen.o [52]
  .text              ro code  0x1008'4014    0x40  sprintf.o [50]
  .text              ro code  0x1008'4054   0x610  zf_common_fifo.o [46]
  .text              ro code  0x1008'4664    0xe2  zf_common_interrupt.o [46]
  .text              ro code  0x1008'4748     0x6  ABImemclr4.o [52]
  .text              ro code  0x1008'4750   0x230  I64DivMod.o [52]
  .text              ro code  0x1008'4980   0x314  cy_scb_uart.o [24]
  .text              ro code  0x1008'4c94   0x4ed  xprintfsmall_nomb.o [50]
  .text              ro code  0x1008'5184    0xa6  ABImemcpy.o [52]
  .text              ro code  0x1008'522c    0xac  cy_sysint.o [35]
  .text              ro code  0x1008'52d8    0x32  ABImemset48.o [52]
  .text              ro code  0x1008'530c     0x2  I64DivZer.o [52]
  .text              ro code  0x1008'5310    0x16  strchr.o [52]
  .text              ro code  0x1008'5328    0x40  xfail_s.o [50]
  .text              ro code  0x1008'5368    0x58  memchr.o [52]
  .text              ro code  0x1008'53c0     0x6  abort.o [50]
  .text              ro code  0x1008'53c8    0x14  exit.o [53]
  .text              ro code  0x1008'53dc   0xb68  zf_driver_spi.o [49]
  .text              ro code  0x1008'5f44   0x1f0  cy_scb_spi.o [24]
  .text              ro code  0x1008'6134   0x8e8  cy_sysclk.o [33]
  .text              ro code  0x1008'6a1c    0x70  strncpy.o [52]
  .text              ro code  0x1008'6a8c    0xa8  cy_syslib.o [36]
  .text              ro code  0x1008'6b34     0x2  cy_syslib.o [36]
  .text              ro code  0x1008'6b38   0x40c  zf_driver_encoder.o [49]
  .text              ro code  0x1008'6f44   0x1ae  cy_tcpwm_counter.o [43]
  .text              ro code  0x1008'70f4   0x13c  zf_driver_gpio.o [49]
  .text              ro code  0x1008'7230   0x190  cy_tcpwm_quaddec.o [43]
  .text              ro code  0x1008'73c0   0x2d8  zf_driver_delay.o [49]
  .text              ro code  0x1008'7698   0x270  zf_driver_pit.o [49]
  .text              ro code  0x1008'7908   0x258  zf_device_imu660ra.o [48]
  .text              ro code  0x1008'7b60   0x24c  cy_ipc_pipe.o [15]
  .text              ro code  0x1008'7dac    0x60  cy_ipc_drv.o [15]
  .text              ro code  0x1008'7e0c   0x238  zf_device_wifi_spi.o [48]
  .text              ro code  0x1008'8044   0x204  startup.o [31]
  .text              ro code  0x1008'8248   0x150  system_tviibh4m_cm7.o [22]
  .text              ro code  0x1008'8398     0x8  startup_cm7.o [31]
  .text              ro code  0x1008'83a0     0x6  startup_cm7.o [31]
  .text              ro code  0x1008'83a8   0x1e4  motor.o [5]
  .text              ro code  0x1008'858c    0xfa  pid.o [5]
  .text              ro code  0x1008'8688   0x1cc  zf_device_wifi_uart.o [48]
  .text              ro code  0x1008'8854    0x2c  strstr.o [50]
  .text              ro code  0x1008'8880    0x8c  zf_common_function.o [46]
  .text              ro code  0x1008'890c   0x1ac  cm7_0_isr.o [45]
  .text              ro code  0x1008'8ab8   0x114  zf_device_gnss.o [48]
  .text              ro code  0x1008'8bcc    0x2a  strncmp.o [50]
  .text              ro code  0x1008'8bf8   0x1a8  gyro.o [5]
  .text              ro code  0x1008'8da0   0x198  cy_interrupt_map.o [23]
  .text              ro code  0x1008'8f38   0x148  main_cm7_0.o [45]
  .text              ro code  0x1008'9080    0x28  printf.o [50]
  .text              ro code  0x1008'90a8    0x1c  zf_common_clock.o [46]
  .text              ro code  0x1008'90c4    0x48  osc.o [5]
  .text              ro code  0x1008'910c    0x1a  wluart.o [5]
  .text              ro code  0x1008'9128   0x12c  encoder.o [5]
  .text              ro code  0x1008'9254    0x30  uart.o [5]
  .text              ro code  0x1008'9284    0xb4  zf_driver_ipc.o [49]
  .text              ro code  0x1008'9338    0x90  seekfree_assistant_interface.o [47]
  .text              ro code  0x1008'93c8    0x7c  seekfree_assistant.o [47]
  .text              ro code  0x1008'9444   0x100  zf_device_wireless_uart.o [48]
  .text              ro code  0x1008'9544    0x44  zf_device_type.o [48]
  .text              ro code  0x1008'9588    0xb0  startup_cm7.o [31]
  .text              ro code  0x1008'9638    0x9c  zf_device_bluetooth_ch9141.o [48]
  .rodata            const    0x1008'96d4    0x4c  cy_sysclk.o [33]
  .rodata            const    0x1008'9720    0x4c  cy_sysclk.o [33]
  .rodata            const    0x1008'976c    0x4c  system_tviibh4m_cm7.o [22]
  .rodata            const    0x1008'97b8    0x48  cy_ipc_pipe.o [15]
  .rodata            const    0x1008'9800    0x48  zf_device_bluetooth_ch9141.o [48]
  .rodata            const    0x1008'9848    0x44  seekfree_assistant.o [47]
  .rodata            const    0x1008'988c    0x44  zf_device_wireless_uart.o [48]
  .rodata            const    0x1008'98d0    0x40  zf_common_function.o [46]
  .rodata            const    0x1008'9910    0x40  zf_device_imu660ra.o [48]
  .rodata            const    0x1008'9950    0x40  zf_device_wifi_spi.o [48]
  .rodata            const    0x1008'9990    0x40  zf_device_wifi_uart.o [48]
  .rodata            const    0x1008'99d0    0x3c  zf_common_fifo.o [46]
  .rodata            const    0x1008'9a0c    0x3c  zf_driver_uart.o [49]
  .rodata            const    0x1008'9a48    0x38  zf_driver_pwm.o [49]
  .rodata            const    0x1008'9a80    0x38  zf_driver_spi.o [49]
  .text              ro code  0x1008'9ab8    0x38  zero_init3.o [52]
  .text              ro code  0x1008'9af0    0x28  data_init.o [52]
  .text              ro code  0x1008'9b18    0x22  fpinit_M.o [51]
  .iar.init_table    const    0x1008'9b3c    0x20  - Linker created -
  .text              ro code  0x1008'9b5c    0x20  startup_cm7.o [31]
  .text              ro code  0x1008'9b7c    0x20  putchar.o [50]
  .text              ro code  0x1008'9ba0    0x1e  cy_syslib_iar.o [36]
  .text              ro code  0x1008'9bc0    0x1e  cmain.o [52]
  .text              ro code  0x1008'9be0     0x4  startup_cm7.o [31]
  .text              ro code  0x1008'9be4     0x4  exit.o [50]
  .text              ro code  0x1008'9be8     0xa  cexit.o [52]
  .rodata            const    0x1008'9bf4    0x1c  zf_common_debug.o [46]
  .rodata            const    0x1008'9c10    0x1c  zf_device_imu660ra.o [48]
  .text              ro code  0x1008'9c2c    0x1c  startup_cm7.o [31]
  .text              ro code  0x1008'9c48    0x1c  cstartup_M.o [52]
  .rodata            const    0x1008'9c64    0x18  startup.o [31]
  .rodata            const    0x1008'9c7c    0x18  system_tviibh4m_cm7.o [22]
  .rodata            const    0x1008'9c94    0x18  zf_common_debug.o [46]
  .rodata            const    0x1008'9cac    0x18  zf_device_imu660ra.o [48]
  .text              ro code  0x1008'9cc4    0x16  xprout.o [50]
  .rodata            const    0x1008'9cdc    0x14  main_cm7_0.o [45]
  .rodata            const    0x1008'9cf0    0x14  osc.o [5]
  .rodata            const    0x1008'9d04    0x10  zf_common_debug.o [46]
  .rodata            const    0x1008'9d14    0x10  zf_common_debug.o [46]
  .rodata            const    0x1008'9d24    0x10  zf_device_wifi_uart.o [48]
  .rodata            const    0x1008'9d34     0xc  zf_common_debug.o [46]
  .rodata            const    0x1008'9d40     0xc  zf_common_debug.o [46]
  .rodata            const    0x1008'9d4c     0xc  zf_common_debug.o [46]
  .rodata            const    0x1008'9d58     0xc  zf_device_wifi_uart.o [48]
  .rodata            const    0x1008'9d64     0xc  zf_driver_ipc.o [49]
  .text              ro code  0x1008'9d70     0xc  cy_syslib.o [36]
  .rodata            const    0x1008'9d7c     0x8  cy_sysclk.o [33]
  .rodata            const    0x1008'9d84     0x8  zf_device_wifi_uart.o [48]
  .rodata            const    0x1008'9d8c     0x8  zf_device_wifi_uart.o [48]
  .rodata            const    0x1008'9d94     0x4  cy_interrupt_map.o [23]
  .rodata            const    0x1008'9d98     0x4  cy_interrupt_map.o [23]
  .rodata            const    0x1008'9d9c     0x4  cy_interrupt_map.o [23]
  .rodata            const    0x1008'9da0     0x4  cy_interrupt_map.o [23]
  .rodata            const    0x1008'9da4     0x4  cy_interrupt_map.o [23]
  .rodata            const    0x1008'9da8     0x4  cy_interrupt_map.o [23]
  .rodata            const    0x1008'9dac     0x4  cy_interrupt_map.o [23]
  .rodata            const    0x1008'9db0     0x4  cy_interrupt_map.o [23]
  .rodata            const    0x1008'9db4     0x4  cy_ipc_drv.o [15]
  .rodata            const    0x1008'9db8     0x4  cy_ipc_pipe.o [15]
  .rodata            const    0x1008'9dbc     0x4  cy_scb_spi.o [24]
  .rodata            const    0x1008'9dc0     0x4  cy_scb_spi.o [24]
  .rodata            const    0x1008'9dc4     0x4  cy_scb_spi.o [24]
  .rodata            const    0x1008'9dc8     0x4  cy_scb_spi.o [24]
  .rodata            const    0x1008'9dcc     0x4  cy_scb_uart.o [24]
  .rodata            const    0x1008'9dd0     0x4  cy_scb_uart.o [24]
  .rodata            const    0x1008'9dd4     0x4  cy_scb_uart.o [24]
  .rodata            const    0x1008'9dd8     0x4  cy_scb_uart.o [24]
  .rodata            const    0x1008'9ddc     0x4  cy_scb_uart.o [24]
  .rodata            const    0x1008'9de0     0x4  cy_scb_uart.o [24]
  .rodata            const    0x1008'9de4     0x4  cy_scb_uart.o [24]
  .rodata            const    0x1008'9de8     0x4  cy_scb_uart.o [24]
  .rodata            const    0x1008'9dec     0x4  cy_scb_uart.o [24]
  .rodata            const    0x1008'9df0     0x4  cy_scb_uart.o [24]
  .rodata            const    0x1008'9df4     0x4  cy_sysint.o [35]
  .rodata            const    0x1008'9df8     0x4  cy_sysint.o [35]
  .rodata            const    0x1008'9dfc     0x4  cy_tcpwm_counter.o [43]
  .rodata            const    0x1008'9e00     0x4  cy_tcpwm_counter.o [43]
  .rodata            const    0x1008'9e04     0x4  cy_tcpwm_counter.o [43]
  .rodata            const    0x1008'9e08     0x4  cy_tcpwm_counter.o [43]
  .rodata            const    0x1008'9e0c     0x4  cy_tcpwm_counter.o [43]
  .rodata            const    0x1008'9e10     0x4  cy_tcpwm_pwm.o [43]
  .rodata            const    0x1008'9e14     0x4  cy_tcpwm_pwm.o [43]
  .rodata            const    0x1008'9e18     0x4  cy_tcpwm_pwm.o [43]
  .rodata            const    0x1008'9e1c     0x4  cy_tcpwm_pwm.o [43]
  .rodata            const    0x1008'9e20     0x4  cy_tcpwm_pwm.o [43]
  .rodata            const    0x1008'9e24     0x4  cy_tcpwm_pwm.o [43]
  .rodata            const    0x1008'9e28     0x4  cy_tcpwm_pwm.o [43]
  .rodata            const    0x1008'9e2c     0x4  cy_tcpwm_quaddec.o [43]
  .rodata            const    0x1008'9e30     0x4  cy_tcpwm_quaddec.o [43]
  .rodata            const    0x1008'9e34     0x4  cy_tcpwm_quaddec.o [43]
  .rodata            const    0x1008'9e38     0x4  cy_tcpwm_quaddec.o [43]
  .rodata            const    0x1008'9e3c     0x4  cy_tcpwm_quaddec.o [43]
  .text              ro code  0x1008'9e40     0x4  seekfree_assistant_interface.o [47]
  .text              ro code  0x1008'9e44     0x4  seekfree_assistant_interface.o [47]
  .text              ro code  0x1008'9e48     0x4  startup_cm7.o [31]
  .text              ro code  0x1008'9e4c     0x4  startup_cm7.o [31]
  .text              ro code  0x1008'9e50     0x4  startup_cm7.o [31]
  .text              ro code  0x1008'9e54     0x4  startup_cm7.o [31]
  .text              ro code  0x1008'9e58     0x4  startup_cm7.o [31]
  .text              ro code  0x1008'9e5c     0x4  startup_cm7.o [31]
  .text              ro code  0x1008'9e60     0x4  startup_cm7.o [31]
  .text              ro code  0x1008'9e64     0x4  startup_cm7.o [31]
  .text              ro code  0x1008'9e68     0x4  startup_cm7.o [31]
  .text              ro code  0x1008'9e6c     0x4  startup_cm7.o [31]
  .text              ro code  0x1008'9e70     0x4  startup_cm7.o [31]
  .text              ro code  0x1008'9e74     0x4  startup_cm7.o [31]
  .text              ro code  0x1008'9e78     0x4  startup_cm7.o [31]
  .text              ro code  0x1008'9e7c     0x4  startup_cm7.o [31]
  .text              ro code  0x1008'9e80     0x4  startup_cm7.o [31]
  .rodata            const    0x1008'9e84     0x0  zero_init3.o [52]
  .rodata            const    0x1008'9e84     0x0  lz77_init_single.o [52]
  Initializer bytes  const    0x1008'9e84    0xa5  <for P2-1>
                            - 0x1008'9f29  0x9ea9

"P2", part 1 of 3:                          0x77c
  P2-1                        0x2802'0000   0x77c  <Init block>
    .data            inited   0x2802'0000   0x6ec  cy_interrupt_map.o [23]
    .data            inited   0x2802'06ec     0x4  cy_interrupt_map.o [23]
    .data            inited   0x2802'06f0    0x10  encoder.o [5]
    .data            inited   0x2802'0700     0x4  motor.o [5]
    .data            inited   0x2802'0704     0x4  seekfree_assistant.o [47]
    .data            inited   0x2802'0708     0x4  seekfree_assistant.o [47]
    .data            inited   0x2802'070c     0x8  zf_device_imu660ra.o [48]
    .data            inited   0x2802'0714     0x4  zf_device_type.o [48]
    .data            inited   0x2802'0718     0x4  zf_device_type.o [48]
    .data            inited   0x2802'071c     0x8  zf_driver_encoder.o [49]
    .data            inited   0x2802'0724    0x10  zf_driver_encoder.o [49]
    .data            inited   0x2802'0734     0x4  zf_driver_ipc.o [49]
    .data            inited   0x2802'0738     0xc  zf_driver_pit.o [49]
    .data            inited   0x2802'0744     0xc  zf_driver_spi.o [49]
    .data            inited   0x2802'0750    0x14  zf_driver_uart.o [49]
    .data            inited   0x2802'0764    0x14  zf_driver_uart.o [49]
    .data            inited   0x2802'0778     0x2  zf_driver_delay.o [49]
    .data            inited   0x2802'077a     0x1  zf_common_debug.o [46]
    .data            inited   0x2802'077b     0x1  zf_driver_delay.o [49]
                            - 0x2802'077c   0x77c

"P2", part 2 of 3:                          0x6f8
  .bss               zero     0x2802'077c   0x118  zf_driver_uart.o [49]
  .bss               zero     0x2802'0894    0x94  zf_device_wifi_uart.o [48]
  .bss               zero     0x2802'0928    0x80  zf_device_gnss.o [48]
  .bss               zero     0x2802'09a8    0x80  zf_device_gnss.o [48]
  .bss               zero     0x2802'0a28    0x80  zf_device_gnss.o [48]
  .bss               zero     0x2802'0aa8    0x70  cy_syslib.o [36]
  .bss               zero     0x2802'0b18    0x48  cy_ipc_pipe.o [15]
  .bss               zero     0x2802'0b60    0x40  uart.o [5]
  .bss               zero     0x2802'0ba0    0x40  zf_common_debug.o [46]
  .bss               zero     0x2802'0be0    0x40  zf_device_wireless_uart.o [48]
  .bss               zero     0x2802'0c20    0x30  motor.o [5]
  .bss               zero     0x2802'0c50    0x30  motor.o [5]
  .bss               zero     0x2802'0c80    0x30  motor.o [5]
  .bss               zero     0x2802'0cb0    0x24  osc.o [5]
  .bss               zero     0x2802'0cd4    0x20  cy_ipc_pipe.o [15]
  .bss               zero     0x2802'0cf4    0x18  cy_sysclk.o [33]
  .bss               zero     0x2802'0d0c    0x18  cy_syslib.o [36]
  .bss               zero     0x2802'0d24    0x18  gyro.o [5]
  .bss               zero     0x2802'0d3c    0x18  uart.o [5]
  .bss               zero     0x2802'0d54    0x18  zf_common_debug.o [46]
  .bss               zero     0x2802'0d6c    0x18  zf_device_bluetooth_ch9141.o [48]
  .bss               zero     0x2802'0d84    0x18  zf_device_gnss.o [48]
  .bss               zero     0x2802'0d9c    0x18  zf_device_wifi_spi.o [48]
  .bss               zero     0x2802'0db4    0x18  zf_device_wifi_uart.o [48]
  .bss               zero     0x2802'0dcc    0x18  zf_device_wireless_uart.o [48]
  .bss               zero     0x2802'0de4    0x14  zf_common_debug.o [46]
  .bss               zero     0x2802'0df8     0xc  encoder.o [5]
  .bss               zero     0x2802'0e04     0xc  encoder.o [5]
  .bss               zero     0x2802'0e10     0x4  cy_syslib.o [36]
  .bss               zero     0x2802'0e14     0x4  main_cm7_0.o [45]
  .bss               zero     0x2802'0e18     0x4  motor.o [5]
  .bss               zero     0x2802'0e1c     0x4  motor.o [5]
  .bss               zero     0x2802'0e20     0x4  system_tviibh4m_cm7.o [22]
  .bss               zero     0x2802'0e24     0x4  system_tviibh4m_cm7.o [22]
  .bss               zero     0x2802'0e28     0x4  system_tviibh4m_cm7.o [22]
  .bss               zero     0x2802'0e2c     0x4  system_tviibh4m_cm7.o [22]
  .bss               zero     0x2802'0e30     0x4  system_tviibh4m_cm7.o [22]
  .bss               zero     0x2802'0e34     0x4  zf_common_clock.o [46]
  .bss               zero     0x2802'0e38     0x4  zf_common_interrupt.o [46]
  .bss               zero     0x2802'0e3c     0x4  zf_driver_encoder.o [49]
  .bss               zero     0x2802'0e40     0x4  zf_driver_spi.o [49]
  .bss               zero     0x2802'0e44     0x4  xfail_s.o [50]
  .bss               zero     0x2802'0e48     0x2  encoder.o [5]
  .bss               zero     0x2802'0e4a     0x2  encoder.o [5]
  .bss               zero     0x2802'0e4c     0x2  encoder.o [5]
  .bss               zero     0x2802'0e4e     0x2  encoder.o [5]
  .bss               zero     0x2802'0e50     0x2  encoder.o [5]
  .bss               zero     0x2802'0e52     0x2  gyro.o [5]
  .bss               zero     0x2802'0e54     0x2  zf_device_imu660ra.o [48]
  .bss               zero     0x2802'0e56     0x2  zf_device_imu660ra.o [48]
  .bss               zero     0x2802'0e58     0x2  zf_device_imu660ra.o [48]
  .bss               zero     0x2802'0e5a     0x2  zf_device_imu660ra.o [48]
  .bss               zero     0x2802'0e5c     0x2  zf_device_imu660ra.o [48]
  .bss               zero     0x2802'0e5e     0x2  zf_device_imu660ra.o [48]
  .bss               zero     0x2802'0e60     0x1  cy_ipc_pipe.o [15]
  .bss               zero     0x2802'0e61     0x1  cy_ipc_pipe.o [15]
  .bss               zero     0x2802'0e62     0x1  cy_sysclk.o [33]
  .bss               zero     0x2802'0e63     0x1  encoder.o [5]
  .bss               zero     0x2802'0e64     0x1  gyro.o [5]
  .bss               zero     0x2802'0e65     0x1  main_cm7_0.o [45]
  .bss               zero     0x2802'0e66     0x1  main_cm7_0.o [45]
  .bss               zero     0x2802'0e67     0x1  main_cm7_0.o [45]
  .bss               zero     0x2802'0e68     0x1  zf_common_debug.o [46]
  .bss               zero     0x2802'0e69     0x1  zf_common_debug.o [46]
  .bss               zero     0x2802'0e6a     0x1  zf_common_debug.o [46]
  .bss               zero     0x2802'0e6b     0x1  zf_device_gnss.o [48]
  .bss               zero     0x2802'0e6c     0x1  zf_device_gnss.o [48]
  .bss               zero     0x2802'0e6d     0x1  zf_device_gnss.o [48]
  .bss               zero     0x2802'0e6e     0x1  zf_device_gnss.o [48]
  .bss               zero     0x2802'0e6f     0x1  zf_device_gnss.o [48]
  .bss               zero     0x2802'0e70     0x1  zf_device_type.o [48]
  .bss               zero     0x2802'0e71     0x1  zf_device_wifi_spi.o [48]
  .bss               zero     0x2802'0e72     0x1  zf_device_wireless_uart.o [48]
  .bss               zero     0x2802'0e73     0x1  zf_driver_ipc.o [49]
                            - 0x2802'0e74   0x6f8

"P2", part 3 of 3:                           0x80
  .intvec_ram        uninit   0x2802'0e80    0x80  startup_cm7.o [31]
                            - 0x2802'0f00    0x80

"A1":                                      0x2000
  HEAP_STACK                  0x2807'e000  0x2000  <Block>
    CSTACK                    0x2807'e000  0x2000  <Block>
      CSTACK         uninit   0x2807'e000  0x2000  <Block tail>
                            - 0x2808'0000  0x2000

Unused ranges:

         From           To       Size
         ----           --       ----
  0x1008'9ffa  0x1027'ffff  0x1f'6006
  0x2802'0e74  0x2802'0e7f        0xc
  0x2802'0f00  0x2807'dfff   0x5'd100


*******************************************************************************
*** INIT TABLE
***

          Address      Size
          -------      ----
Zero (__iar_zero_init3)
    1 destination range, total size 0x6f8:
          0x2802'077c  0x6f8

Copy/lz77 (__iar_lz77_init_single3)
    1 source range, total size 0xa5 (8% of destination):
          0x1008'9e84   0xa5
    1 destination range, total size 0x77c:
          0x2802'0000  0x77c



*******************************************************************************
*** MODULE SUMMARY
***

    Module                          ro code  ro data  rw data
    ------                          -------  -------  -------
command line/config:
    ---------------------------------------------------------
    Total:

E:\IAR\V1.1.1_25323\Demo\iar\Debug_m7_0\Obj\adc_11722776235721520015.dir: [1]
    ---------------------------------------------------------
    Total:

E:\IAR\V1.1.1_25323\Demo\iar\Debug_m7_0\Obj\audioss_1346650047966882938.dir: [2]
    ---------------------------------------------------------
    Total:

E:\IAR\V1.1.1_25323\Demo\iar\Debug_m7_0\Obj\button_4990804375159372270.dir: [3]
    ---------------------------------------------------------
    Total:

E:\IAR\V1.1.1_25323\Demo\iar\Debug_m7_0\Obj\canfd_1800690984773873875.dir: [4]
    ---------------------------------------------------------
    Total:

E:\IAR\V1.1.1_25323\Demo\iar\Debug_m7_0\Obj\code_17896468042025673432.dir: [5]
    encoder.o                           300        2       51
    gyro.o                              424                27
    motor.o                             484               156
    osc.o                                72       20       36
    pid.o                               250
    uart.o                               48                88
    wluart.o                             26
    ---------------------------------------------------------
    Total:                            1'604       22      358

E:\IAR\V1.1.1_25323\Demo\iar\Debug_m7_0\Obj\cpu_15938736945165268644.dir: [6]
    ---------------------------------------------------------
    Total:

E:\IAR\V1.1.1_25323\Demo\iar\Debug_m7_0\Obj\crypto_1190170608956581615.dir: [7]
    ---------------------------------------------------------
    Total:

E:\IAR\V1.1.1_25323\Demo\iar\Debug_m7_0\Obj\dma_12106025507578611576.dir: [8]
    ---------------------------------------------------------
    Total:

E:\IAR\V1.1.1_25323\Demo\iar\Debug_m7_0\Obj\eth_phy_18133017486186456677.dir: [9]
    ---------------------------------------------------------
    Total:

E:\IAR\V1.1.1_25323\Demo\iar\Debug_m7_0\Obj\ethernet_6029839089178797009.dir: [10]
    ---------------------------------------------------------
    Total:

E:\IAR\V1.1.1_25323\Demo\iar\Debug_m7_0\Obj\evtgen_3404189088603873129.dir: [11]
    ---------------------------------------------------------
    Total:

E:\IAR\V1.1.1_25323\Demo\iar\Debug_m7_0\Obj\flash_8529866181315662935.dir: [12]
    ---------------------------------------------------------
    Total:

E:\IAR\V1.1.1_25323\Demo\iar\Debug_m7_0\Obj\flash_864493325053435817.dir: [13]
    ---------------------------------------------------------
    Total:

E:\IAR\V1.1.1_25323\Demo\iar\Debug_m7_0\Obj\gpio_3999404635324069351.dir: [14]
    cy_gpio.o                           404
    ---------------------------------------------------------
    Total:                              404

E:\IAR\V1.1.1_25323\Demo\iar\Debug_m7_0\Obj\ipc_10145506163450686023.dir: [15]
    cy_ipc_drv.o                         96        4
    cy_ipc_pipe.o                       588       76      106
    ---------------------------------------------------------
    Total:                              684       80      106

E:\IAR\V1.1.1_25323\Demo\iar\Debug_m7_0\Obj\lin_18429031207028094880.dir: [16]
    ---------------------------------------------------------
    Total:

E:\IAR\V1.1.1_25323\Demo\iar\Debug_m7_0\Obj\lvd_6353935867039560245.dir: [17]
    ---------------------------------------------------------
    Total:

E:\IAR\V1.1.1_25323\Demo\iar\Debug_m7_0\Obj\mcwdt_4052485907822033969.dir: [18]
    ---------------------------------------------------------
    Total:

E:\IAR\V1.1.1_25323\Demo\iar\Debug_m7_0\Obj\mpu_5663187252346826382.dir: [19]
    ---------------------------------------------------------
    Total:

E:\IAR\V1.1.1_25323\Demo\iar\Debug_m7_0\Obj\power_14453085144426420577.dir: [20]
    ---------------------------------------------------------
    Total:

E:\IAR\V1.1.1_25323\Demo\iar\Debug_m7_0\Obj\prot_10722960861768657883.dir: [21]
    ---------------------------------------------------------
    Total:

E:\IAR\V1.1.1_25323\Demo\iar\Debug_m7_0\Obj\rev_b_4986922561640112550.dir: [22]
    system_tviibh4m_cm7.o               336      100       20
    ---------------------------------------------------------
    Total:                              336      100       20

E:\IAR\V1.1.1_25323\Demo\iar\Debug_m7_0\Obj\rev_b_6162237342861132223.dir: [23]
    cy_interrupt_map.o                  408      184    1'776
    ---------------------------------------------------------
    Total:                              408      184    1'776

E:\IAR\V1.1.1_25323\Demo\iar\Debug_m7_0\Obj\scb_15490842639181808494.dir: [24]
    cy_scb_spi.o                        496       16
    cy_scb_uart.o                       788       40
    ---------------------------------------------------------
    Total:                            1'284       56

E:\IAR\V1.1.1_25323\Demo\iar\Debug_m7_0\Obj\sd_host_2982766354293506895.dir: [25]
    ---------------------------------------------------------
    Total:

E:\IAR\V1.1.1_25323\Demo\iar\Debug_m7_0\Obj\semihosting_143864889731838620.dir: [26]
    ---------------------------------------------------------
    Total:

E:\IAR\V1.1.1_25323\Demo\iar\Debug_m7_0\Obj\smartio_5451710003740070188.dir: [27]
    ---------------------------------------------------------
    Total:

E:\IAR\V1.1.1_25323\Demo\iar\Debug_m7_0\Obj\smif_427648126384146252.dir: [28]
    ---------------------------------------------------------
    Total:

E:\IAR\V1.1.1_25323\Demo\iar\Debug_m7_0\Obj\smif_mem_6470536964353725183.dir: [29]
    ---------------------------------------------------------
    Total:

E:\IAR\V1.1.1_25323\Demo\iar\Debug_m7_0\Obj\srom_13018798572330080582.dir: [30]
    ---------------------------------------------------------
    Total:

E:\IAR\V1.1.1_25323\Demo\iar\Debug_m7_0\Obj\startup_479057977785470282.dir: [31]
    startup.o                           516       24
    startup_cm7.o                       442               128
    ---------------------------------------------------------
    Total:                              958       24      128

E:\IAR\V1.1.1_25323\Demo\iar\Debug_m7_0\Obj\sw_timer_4215635015939382130.dir: [32]
    ---------------------------------------------------------
    Total:

E:\IAR\V1.1.1_25323\Demo\iar\Debug_m7_0\Obj\sysclk_16149231235676103872.dir: [33]
    cy_sysclk.o                       2'280      160       25
    ---------------------------------------------------------
    Total:                            2'280      160       25

E:\IAR\V1.1.1_25323\Demo\iar\Debug_m7_0\Obj\sysflt_12293435975120599261.dir: [34]
    ---------------------------------------------------------
    Total:

E:\IAR\V1.1.1_25323\Demo\iar\Debug_m7_0\Obj\sysint_7435970359207984181.dir: [35]
    cy_sysint.o                         172        8
    ---------------------------------------------------------
    Total:                              172        8

E:\IAR\V1.1.1_25323\Demo\iar\Debug_m7_0\Obj\syslib_16330585751512546975.dir: [36]
    cy_syslib.o                         182               140
    cy_syslib_iar.o                      30
    ---------------------------------------------------------
    Total:                              212               140

E:\IAR\V1.1.1_25323\Demo\iar\Debug_m7_0\Obj\syspm_10887939769544754770.dir: [37]
    ---------------------------------------------------------
    Total:

E:\IAR\V1.1.1_25323\Demo\iar\Debug_m7_0\Obj\sysreghc_17676636058511625587.dir: [38]
    ---------------------------------------------------------
    Total:

E:\IAR\V1.1.1_25323\Demo\iar\Debug_m7_0\Obj\sysreset_14586141425677365288.dir: [39]
    ---------------------------------------------------------
    Total:

E:\IAR\V1.1.1_25323\Demo\iar\Debug_m7_0\Obj\sysrtc_10747768817563771611.dir: [40]
    ---------------------------------------------------------
    Total:

E:\IAR\V1.1.1_25323\Demo\iar\Debug_m7_0\Obj\systick_16016591671695740695.dir: [41]
    ---------------------------------------------------------
    Total:

E:\IAR\V1.1.1_25323\Demo\iar\Debug_m7_0\Obj\syswdt_9118657615806274156.dir: [42]
    ---------------------------------------------------------
    Total:

E:\IAR\V1.1.1_25323\Demo\iar\Debug_m7_0\Obj\tcpwm_422923530147891246.dir: [43]
    cy_tcpwm.o                           24
    cy_tcpwm_counter.o                  430       20
    cy_tcpwm_pwm.o                      522       28
    cy_tcpwm_quaddec.o                  400       20
    ---------------------------------------------------------
    Total:                            1'376       68

E:\IAR\V1.1.1_25323\Demo\iar\Debug_m7_0\Obj\trigmux_9729677290734583340.dir: [44]
    ---------------------------------------------------------
    Total:

E:\IAR\V1.1.1_25323\Demo\iar\Debug_m7_0\Obj\user_8514941877209965082.dir: [45]
    cm7_0_isr.o                         428
    main_cm7_0.o                        328       20        7
    ---------------------------------------------------------
    Total:                              756       20        7

E:\IAR\V1.1.1_25323\Demo\iar\Debug_m7_0\Obj\zf_common_1201165462030747823.dir: [46]
    zf_common_clock.o                    28                 4
    zf_common_debug.o                 1'144      120      112
    zf_common_fifo.o                  1'552       60
    zf_common_function.o                140       64
    zf_common_interrupt.o               226                 4
    ---------------------------------------------------------
    Total:                            3'090      244      120

E:\IAR\V1.1.1_25323\Demo\iar\Debug_m7_0\Obj\zf_components_14936052685886095442.dir: [47]
    seekfree_assistant.o                124       69        8
    seekfree_assistant_interface.o      152
    ---------------------------------------------------------
    Total:                              276       69        8

E:\IAR\V1.1.1_25323\Demo\iar\Debug_m7_0\Obj\zf_device_6570275422786408770.dir: [48]
    zf_device_bluetooth_ch9141.o        156       72       24
    zf_device_gnss.o                    276               413
    zf_device_imu660ra.o                600      117       20
    zf_device_type.o                     68                 9
    zf_device_wifi_spi.o                568       64       25
    zf_device_wifi_uart.o               460      108      172
    zf_device_wireless_uart.o           256       68       89
    ---------------------------------------------------------
    Total:                            2'384      429      752

E:\IAR\V1.1.1_25323\Demo\iar\Debug_m7_0\Obj\zf_driver_11922370083829174090.dir: [49]
    zf_driver_delay.o                   728        1        3
    zf_driver_encoder.o               1'036        2       28
    zf_driver_gpio.o                    316
    zf_driver_ipc.o                     180       13        5
    zf_driver_pit.o                     624        1       12
    zf_driver_pwm.o                   3'608       56
    zf_driver_spi.o                   2'920       57       16
    zf_driver_uart.o                  2'088       63      320
    ---------------------------------------------------------
    Total:                           11'500      193      384

dl7M_tln.a: [50]
    abort.o                               6
    exit.o                                4
    printf.o                             40
    putchar.o                            32
    sprintf.o                            64
    strncmp.o                            42
    strstr.o                             44
    xfail_s.o                            64                 4
    xprintfsmall_nomb.o               1'261
    xprout.o                             22
    xsprout.o                            10
    ---------------------------------------------------------
    Total:                            1'589                 4

m7M_tlv.a: [51]
    fpinit_M.o                           34
    ---------------------------------------------------------
    Total:                               34

rt7M_tl.a: [52]
    ABImemclr4.o                          6
    ABImemcpy.o                         166
    ABImemset.o                         102
    ABImemset48.o                        50
    I64DivMod.o                         560
    I64DivZer.o                           2
    cexit.o                              10
    cmain.o                              30
    cstartup_M.o                         28
    data_init.o                          40
    lz77_init_single.o                  126
    memchr.o                             88
    strchr.o                             22
    strlen.o                             54
    strncpy.o                           112
    zero_init3.o                         56
    ---------------------------------------------------------
    Total:                            1'452

shb_l.a: [53]
    exit.o                               20
    ---------------------------------------------------------
    Total:                               20

zf_device_config.a: [54]
    zf_device_config.o                         8'192
    ---------------------------------------------------------
    Total:                                     8'192

    Gaps                                 39        6
    Linker created                                32    8'192
-------------------------------------------------------------
    Grand Total:                     30'858    9'887   12'020


*******************************************************************************
*** ENTRY LIST
***

Entry                       Address    Size  Type      Object
-----                       -------    ----  ----      ------
.iar.init_table$$Base   0x1008'9b3c           --   Gb  - Linker created -
.iar.init_table$$Limit  0x1008'9b5c           --   Gb  - Linker created -
?main                   0x1008'9bc1          Code  Gb  cmain.o [52]
BusFault_Handler        0x1008'9e51          Code  Wk  startup_cm7.o [31]
CSTACK$$Base            0x2807'e000           --   Gb  - Linker created -
CSTACK$$Limit           0x2808'0000           --   Gb  - Linker created -
CopyVectorTable         0x1008'81e5    0x34  Code  Lc  startup.o [31]
CpuUserInt0_Handler     0x1008'8dbf    0x26  Code  Gb  cy_interrupt_map.o [23]
CpuUserInt10_Handler    0x1008'9e6d          Code  Wk  startup_cm7.o [31]
CpuUserInt11_Handler    0x1008'9e71          Code  Wk  startup_cm7.o [31]
CpuUserInt12_Handler    0x1008'9e75          Code  Wk  startup_cm7.o [31]
CpuUserInt13_Handler    0x1008'9e79          Code  Wk  startup_cm7.o [31]
CpuUserInt14_Handler    0x1008'9e7d          Code  Wk  startup_cm7.o [31]
CpuUserInt15_Handler    0x1008'9e81          Code  Wk  startup_cm7.o [31]
CpuUserInt1_Handler     0x1008'8de5    0x26  Code  Gb  cy_interrupt_map.o [23]
CpuUserInt2_Handler     0x1008'8e0b    0x26  Code  Gb  cy_interrupt_map.o [23]
CpuUserInt3_Handler     0x1008'8e31    0x26  Code  Gb  cy_interrupt_map.o [23]
CpuUserInt4_Handler     0x1008'8e57    0x26  Code  Gb  cy_interrupt_map.o [23]
CpuUserInt5_Handler     0x1008'8e7d    0x26  Code  Gb  cy_interrupt_map.o [23]
CpuUserInt6_Handler     0x1008'8ea3    0x26  Code  Gb  cy_interrupt_map.o [23]
CpuUserInt7_Handler     0x1008'8ec9    0x26  Code  Gb  cy_interrupt_map.o [23]
CpuUserInt8_Handler     0x1008'9e65          Code  Wk  startup_cm7.o [31]
CpuUserInt9_Handler     0x1008'9e69          Code  Wk  startup_cm7.o [31]
Cy_DefaultUserHandler   0x1008'8dbd     0x2  Code  Gb  cy_interrupt_map.o [23]
Cy_GPIO_ClearInterrupt  0x1008'34c7     0xe  Code  Lc  cy_gpio.o [14]
Cy_GPIO_Clr             0x1008'7109     0xa  Code  Lc  zf_driver_gpio.o [49]
Cy_GPIO_Inv             0x1008'7113     0xa  Code  Lc  zf_driver_gpio.o [49]
Cy_GPIO_Pin_Init        0x1008'350b    0x72  Code  Gb  cy_gpio.o [14]
Cy_GPIO_Read            0x1008'70f5     0xa  Code  Lc  zf_driver_gpio.o [49]
Cy_GPIO_Set             0x1008'70ff     0xa  Code  Lc  zf_driver_gpio.o [49]
Cy_GPIO_SetDriveSel     0x1008'34a9    0x1e  Code  Lc  cy_gpio.o [14]
Cy_GPIO_SetDrivemode    0x1008'3459    0x1c  Code  Lc  cy_gpio.o [14]
Cy_GPIO_SetHSIOM        0x1008'33f5    0x4c  Code  Lc  cy_gpio.o [14]
Cy_GPIO_SetInterruptEdge
                        0x1008'34ef    0x1c  Code  Lc  cy_gpio.o [14]
Cy_GPIO_SetInterruptMask
                        0x1008'34d5    0x1a  Code  Lc  cy_gpio.o [14]
Cy_GPIO_SetSlewRate     0x1008'348f    0x1a  Code  Lc  cy_gpio.o [14]
Cy_GPIO_SetVtrip        0x1008'3475    0x1a  Code  Lc  cy_gpio.o [14]
Cy_GPIO_Write           0x1008'3441    0x18  Code  Lc  cy_gpio.o [14]
Cy_IPC_Drv_GetInterruptStatus
                        0x1008'7bd1     0x4  Code  Lc  cy_ipc_pipe.o [15]
Cy_IPC_Drv_GetInterruptStatusMasked
                        0x1008'7bcd     0x4  Code  Lc  cy_ipc_pipe.o [15]
Cy_IPC_Drv_GetIntrBaseAddr
                        0x1008'7b91    0x2c  Code  Lc  cy_ipc_pipe.o [15]
Cy_IPC_Drv_GetIpcBaseAddress
                        0x1008'7b61    0x30  Code  Lc  cy_ipc_pipe.o [15]
Cy_IPC_Drv_IsLockAcquired
                        0x1008'7dbd     0x8  Code  Lc  cy_ipc_drv.o [15]
Cy_IPC_Drv_IsLockAcquired
                        0x1008'7bd5     0x8  Code  Lc  cy_ipc_pipe.o [15]
Cy_IPC_Drv_LockRelease  0x1008'7dc5    0x20  Code  Gb  cy_ipc_drv.o [15]
Cy_IPC_Drv_ReadDataValue
                        0x1008'7db9     0x4  Code  Lc  cy_ipc_drv.o [15]
Cy_IPC_Drv_ReadMsgPtr   0x1008'7bdd     0x8  Code  Lc  cy_ipc_pipe.o [15]
Cy_IPC_Drv_ReadMsgWord  0x1008'7de5    0x20  Code  Gb  cy_ipc_drv.o [15]
Cy_IPC_Drv_ReleaseNotify
                        0x1008'7dad     0xc  Code  Lc  cy_ipc_drv.o [15]
Cy_IPC_Drv_SetInterruptMask
                        0x1008'7bbd    0x10  Code  Lc  cy_ipc_pipe.o [15]
Cy_IPC_Pipe_Init        0x1008'7be5    0x9a  Code  Gb  cy_ipc_pipe.o [15]
Cy_IPC_Pipe_Isr         0x1008'7cc9    0x1e  Code  Gb  cy_ipc_pipe.o [15]
Cy_IPC_Pipe_RegisterCallback
                        0x1008'7cb7    0x12  Code  Gb  cy_ipc_pipe.o [15]
Cy_RestoreIRQ           0x1008'83a1          Code  Gb  startup_cm7.o [31]
Cy_SCB_ClearRxFifo      0x1008'53e7    0x1e  Code  Lc  zf_driver_spi.o [49]
Cy_SCB_ClearRxInterrupt
                        0x1008'8913     0xa  Code  Lc  cm7_0_isr.o [45]
Cy_SCB_ClearTxInterrupt
                        0x1008'8923     0xa  Code  Lc  cm7_0_isr.o [45]
Cy_SCB_GetFifoSize      0x1008'5441    0x12  Code  Lc  zf_driver_spi.o [49]
Cy_SCB_GetNumInRxFifo   0x1008'53dd     0xa  Code  Lc  zf_driver_spi.o [49]
Cy_SCB_GetNumInRxFifo   0x1008'395f     0xa  Code  Lc  zf_driver_uart.o [49]
Cy_SCB_GetNumInTxFifo   0x1008'540b     0xa  Code  Lc  zf_driver_spi.o [49]
Cy_SCB_GetNumInTxFifo   0x1008'396f     0xa  Code  Lc  zf_driver_uart.o [49]
Cy_SCB_GetRxInterruptMask
                        0x1008'890d     0x6  Code  Lc  cm7_0_isr.o [45]
Cy_SCB_GetRxInterruptMask
                        0x1008'39ab     0x6  Code  Lc  zf_driver_uart.o [49]
Cy_SCB_GetTxInterruptMask
                        0x1008'891d     0x6  Code  Lc  cm7_0_isr.o [45]
Cy_SCB_GetTxInterruptMask
                        0x1008'39b7     0x6  Code  Lc  zf_driver_uart.o [49]
Cy_SCB_GetTxSrValid     0x1008'5415     0xa  Code  Lc  zf_driver_spi.o [49]
Cy_SCB_GetTxSrValid     0x1008'3979     0xa  Code  Lc  zf_driver_uart.o [49]
Cy_SCB_IsTxComplete     0x1008'541f    0x22  Code  Lc  zf_driver_spi.o [49]
Cy_SCB_IsTxComplete     0x1008'3983    0x22  Code  Lc  zf_driver_uart.o [49]
Cy_SCB_ReadRxFifo       0x1008'3959     0x6  Code  Lc  zf_driver_uart.o [49]
Cy_SCB_SPI_ClearRxFifo  0x1008'5471     0x8  Code  Lc  zf_driver_spi.o [49]
Cy_SCB_SPI_Enable       0x1008'5453     0xa  Code  Lc  zf_driver_spi.o [49]
Cy_SCB_SPI_GetNumInRxFifo
                        0x1008'5469     0x8  Code  Lc  zf_driver_spi.o [49]
Cy_SCB_SPI_Init         0x1008'5f45   0x1d8  Code  Gb  cy_scb_spi.o [24]
Cy_SCB_SPI_SetActiveSlaveSelect
                        0x1008'545d     0xc  Code  Lc  zf_driver_spi.o [49]
Cy_SCB_SetRxInterruptMask
                        0x1008'39a5     0x6  Code  Lc  zf_driver_uart.o [49]
Cy_SCB_SetTxInterruptMask
                        0x1008'39b1     0x6  Code  Lc  zf_driver_uart.o [49]
Cy_SCB_UART_DeInit      0x1008'4c05    0x5c  Code  Gb  cy_scb_uart.o [24]
Cy_SCB_UART_Enable      0x1008'39bd     0xa  Code  Lc  zf_driver_uart.o [49]
Cy_SCB_UART_Init        0x1008'4981   0x284  Code  Gb  cy_scb_uart.o [24]
Cy_SCB_WriteTxFifo      0x1008'5405     0x6  Code  Lc  zf_driver_spi.o [49]
Cy_SCB_WriteTxFifo      0x1008'3969     0x6  Code  Lc  zf_driver_uart.o [49]
Cy_SaveIRQ              0x1008'8399          Code  Gb  startup_cm7.o [31]
Cy_SysClk_CheckDividerExisting
                        0x1008'73c1    0x2a  Code  Lc  zf_driver_delay.o [49]
Cy_SysClk_CheckDividerExisting
                        0x1008'6b39    0x2c  Code  Lc  zf_driver_encoder.o [49]
Cy_SysClk_CheckDividerExisting
                        0x1008'7699    0x2a  Code  Lc  zf_driver_pit.o [49]
Cy_SysClk_CheckDividerExisting
                        0x1008'2081    0x2c  Code  Lc  zf_driver_pwm.o [49]
Cy_SysClk_CheckDividerExisting
                        0x1008'5479    0x2c  Code  Lc  zf_driver_spi.o [49]
Cy_SysClk_CheckDividerExisting
                        0x1008'37b5    0x2c  Code  Lc  zf_driver_uart.o [49]
Cy_SysClk_ClkPathGetSource
                        0x1008'62a9    0x54  Code  Gb  cy_sysclk.o [33]
Cy_SysClk_EcoGetStatus  0x1008'6135    0x1a  Code  Lc  cy_sysclk.o [33]
Cy_SysClk_Fast0ClkGetDivider
                        0x1008'627d    0x16  Code  Lc  cy_sysclk.o [33]
Cy_SysClk_Fast1ClkGetDivider
                        0x1008'6293    0x16  Code  Lc  cy_sysclk.o [33]
Cy_SysClk_FllGetConfiguration
                        0x1008'6305    0x7e  Code  Gb  cy_sysclk.o [33]
Cy_SysClk_FllGetLockStatus
                        0x1008'614f     0xc  Code  Lc  cy_sysclk.o [33]
Cy_SysClk_GetClockGroup
                        0x1008'7469     0x8  Code  Lc  zf_driver_delay.o [49]
Cy_SysClk_GetClockGroup
                        0x1008'6be7     0x8  Code  Lc  zf_driver_encoder.o [49]
Cy_SysClk_GetClockGroup
                        0x1008'7741     0x8  Code  Lc  zf_driver_pit.o [49]
Cy_SysClk_GetClockGroup
                        0x1008'212f     0x8  Code  Lc  zf_driver_pwm.o [49]
Cy_SysClk_GetClockGroup
                        0x1008'555d     0x8  Code  Lc  zf_driver_spi.o [49]
Cy_SysClk_GetClockGroup
                        0x1008'3899     0x8  Code  Lc  zf_driver_uart.o [49]
Cy_SysClk_GetCoreFrequency
                        0x1008'69c9    0x2a  Code  Gb  cy_sysclk.o [33]
Cy_SysClk_GetEcoFrequency
                        0x1008'64d1    0x32  Code  Gb  cy_sysclk.o [33]
Cy_SysClk_GetExtFrequency
                        0x1008'6505    0x1e  Code  Gb  cy_sysclk.o [33]
Cy_SysClk_GetFast0Frequency
                        0x1008'691d    0x56  Code  Gb  cy_sysclk.o [33]
Cy_SysClk_GetFast1Frequency
                        0x1008'6973    0x56  Code  Gb  cy_sysclk.o [33]
Cy_SysClk_GetFllInputFrequency
                        0x1008'6625     0xc  Code  Gb  cy_sysclk.o [33]
Cy_SysClk_GetFllOutputFrequency
                        0x1008'664d    0x78  Code  Gb  cy_sysclk.o [33]
Cy_SysClk_GetHfClkFrequency
                        0x1008'689f    0x7a  Code  Gb  cy_sysclk.o [33]
Cy_SysClk_GetIlo0Frequency
                        0x1008'6523    0x32  Code  Gb  cy_sysclk.o [33]
Cy_SysClk_GetIlo1Frequency
                        0x1008'6555    0x32  Code  Gb  cy_sysclk.o [33]
Cy_SysClk_GetImoFrequency
                        0x1008'649f    0x32  Code  Gb  cy_sysclk.o [33]
Cy_SysClk_GetPathFrequency
                        0x1008'686d    0x32  Code  Gb  cy_sysclk.o [33]
Cy_SysClk_GetPathSourceFrequency
                        0x1008'65c1    0x64  Code  Gb  cy_sysclk.o [33]
Cy_SysClk_GetPll400MNo  0x1008'6199    0x14  Code  Lc  cy_sysclk.o [33]
Cy_SysClk_GetPllInputFrequency
                        0x1008'6631    0x1c  Code  Gb  cy_sysclk.o [33]
Cy_SysClk_GetPllNo      0x1008'615d    0x12  Code  Lc  cy_sysclk.o [33]
Cy_SysClk_GetPllOutputFrequency
                        0x1008'66c9   0x1a0  Code  Gb  cy_sysclk.o [33]
Cy_SysClk_GetWcoFrequency
                        0x1008'6587    0x32  Code  Gb  cy_sysclk.o [33]
Cy_SysClk_HfClockGetDivider
                        0x1008'623b    0x42  Code  Lc  cy_sysclk.o [33]
Cy_SysClk_HfClockGetSource
                        0x1008'61e7    0x54  Code  Lc  cy_sysclk.o [33]
Cy_SysClk_InitGetFreqParams
                        0x1008'6485    0x1a  Code  Gb  cy_sysclk.o [33]
Cy_SysClk_PeriphAssignDivider
                        0x1008'7471    0x68  Code  Lc  zf_driver_delay.o [49]
Cy_SysClk_PeriphAssignDivider
                        0x1008'6bef    0x6a  Code  Lc  zf_driver_encoder.o [49]
Cy_SysClk_PeriphAssignDivider
                        0x1008'7749    0x68  Code  Lc  zf_driver_pit.o [49]
Cy_SysClk_PeriphAssignDivider
                        0x1008'2137    0x6a  Code  Lc  zf_driver_pwm.o [49]
Cy_SysClk_PeriphAssignDivider
                        0x1008'5565    0x6a  Code  Lc  zf_driver_spi.o [49]
Cy_SysClk_PeriphAssignDivider
                        0x1008'38a1    0x6a  Code  Lc  zf_driver_uart.o [49]
Cy_SysClk_PeriphEnableDivider
                        0x1008'74d9    0x4c  Code  Lc  zf_driver_delay.o [49]
Cy_SysClk_PeriphEnableDivider
                        0x1008'6c59    0x4e  Code  Lc  zf_driver_encoder.o [49]
Cy_SysClk_PeriphEnableDivider
                        0x1008'77b1    0x4c  Code  Lc  zf_driver_pit.o [49]
Cy_SysClk_PeriphEnableDivider
                        0x1008'21a1    0x4e  Code  Lc  zf_driver_pwm.o [49]
Cy_SysClk_PeriphEnableDivider
                        0x1008'55cf    0x4e  Code  Lc  zf_driver_spi.o [49]
Cy_SysClk_PeriphEnableDivider
                        0x1008'390b    0x4e  Code  Lc  zf_driver_uart.o [49]
Cy_SysClk_PeriphSetDivider
                        0x1008'73eb    0x7e  Code  Lc  zf_driver_delay.o [49]
Cy_SysClk_PeriphSetDivider
                        0x1008'6b65    0x82  Code  Lc  zf_driver_encoder.o [49]
Cy_SysClk_PeriphSetDivider
                        0x1008'76c3    0x7e  Code  Lc  zf_driver_pit.o [49]
Cy_SysClk_PeriphSetDivider
                        0x1008'20ad    0x82  Code  Lc  zf_driver_pwm.o [49]
Cy_SysClk_PeriphSetFracDivider
                        0x1008'54a5    0xb8  Code  Lc  zf_driver_spi.o [49]
Cy_SysClk_PeriphSetFracDivider
                        0x1008'37e1    0xb8  Code  Lc  zf_driver_uart.o [49]
Cy_SysClk_Pll400MGetConfiguration
                        0x1008'63f1    0x84  Code  Gb  cy_sysclk.o [33]
Cy_SysClk_Pll400MGetLockStatus
                        0x1008'61ad    0x2a  Code  Lc  cy_sysclk.o [33]
Cy_SysClk_PllGetConfiguration
                        0x1008'639d    0x48  Code  Gb  cy_sysclk.o [33]
Cy_SysClk_PllGetLockStatus
                        0x1008'616f    0x28  Code  Lc  cy_sysclk.o [33]
Cy_SysClk_WcoOkay       0x1008'61d9     0xe  Code  Lc  cy_sysclk.o [33]
Cy_SysInt_InitIRQ       0x1008'522d    0x7e  Code  Gb  cy_sysint.o [35]
Cy_SysInt_SetSystemIrqVector
                        0x1008'52ab    0x12  Code  Gb  cy_sysint.o [35]
Cy_SysInt_SystemIrqUserTableRamPointer
                        0x2802'06ec     0x4  Data  Gb  cy_interrupt_map.o [23]
Cy_SysLib_DelayCycles   0x1008'9ba1          Code  Gb  cy_syslib_iar.o [36]
Cy_SysLib_EnterCriticalSection
                        0x1008'9bb1          Code  Gb  cy_syslib_iar.o [36]
Cy_SysLib_ExitCriticalSection
                        0x1008'9bb9          Code  Gb  cy_syslib_iar.o [36]
Cy_SysLib_FaultHandler  0x1008'6a91    0x90  Code  Gb  cy_syslib.o [36]
Cy_SysLib_Halt          0x1008'6a8d     0x4  Code  Gb  cy_syslib.o [36]
Cy_SysLib_ProcessingFault
                        0x1008'6b35     0x2  Code  Wk  cy_syslib.o [36]
Cy_SysLib_SvcHandler    0x1008'9d71     0xc  Code  Wk  cy_syslib.o [36]
Cy_SystemInitFpuEnable  0x1008'8339    0x1e  Code  Gb  system_tviibh4m_cm7.o [22]
Cy_SystemIrqUserTable   0x2802'0000   0x6ec  Data  Gb  cy_interrupt_map.o [23]
Cy_Tcpwm_Counter_ClearTC_Intr
                        0x1008'70e3    0x10  Code  Gb  cy_tcpwm_counter.o [43]
Cy_Tcpwm_Counter_Enable
                        0x1008'70c5     0xa  Code  Gb  cy_tcpwm_counter.o [43]
Cy_Tcpwm_Counter_GetCounter
                        0x1008'70d3     0x4  Code  Gb  cy_tcpwm_counter.o [43]
Cy_Tcpwm_Counter_Init   0x1008'6f45   0x16c  Code  Gb  cy_tcpwm_counter.o [43]
Cy_Tcpwm_Counter_SetCounter
                        0x1008'70cf     0x4  Code  Gb  cy_tcpwm_counter.o [43]
Cy_Tcpwm_Counter_SetTC_IntrMask
                        0x1008'70d7     0xc  Code  Gb  cy_tcpwm_counter.o [43]
Cy_Tcpwm_Pwm_Enable     0x1008'3789     0xa  Code  Gb  cy_tcpwm_pwm.o [43]
Cy_Tcpwm_Pwm_Init       0x1008'3589   0x1e4  Code  Gb  cy_tcpwm_pwm.o [43]
Cy_Tcpwm_QuadDec_DeInit
                        0x1008'7371    0x3e  Code  Gb  cy_tcpwm_quaddec.o [43]
Cy_Tcpwm_QuadDec_Enable
                        0x1008'73af     0xa  Code  Gb  cy_tcpwm_quaddec.o [43]
Cy_Tcpwm_QuadDec_GetCounter
                        0x1008'73bd     0x4  Code  Gb  cy_tcpwm_quaddec.o [43]
Cy_Tcpwm_QuadDec_Init   0x1008'7231   0x12a  Code  Gb  cy_tcpwm_quaddec.o [43]
Cy_Tcpwm_QuadDec_SetCounter
                        0x1008'73b9     0x4  Code  Gb  cy_tcpwm_quaddec.o [43]
Cy_Tcpwm_TriggerReloadOrIndex
                        0x1008'379f     0xc  Code  Gb  cy_tcpwm.o [43]
Cy_Tcpwm_TriggerStart   0x1008'3793     0xc  Code  Gb  cy_tcpwm.o [43]
Cy_u32StartupStackEndAddress
                        0x1008'9634          Data  Gb  startup_cm7.o [31]
Cy_u32StartupStackStartAddress
                        0x1008'9630          Data  Gb  startup_cm7.o [31]
DebugMon_Handler        0x1008'9e59          Code  Wk  startup_cm7.o [31]
Diff_Data               0x2802'0e14     0x4  Data  Gb  main_cm7_0.o [45]
Encoder_1Data           0x2802'0e4e     0x2  Data  Gb  encoder.o [5]
Encoder_1DataRead       0x2802'0e48     0x2  Data  Gb  encoder.o [5]
Encoder_2Data           0x2802'0e50     0x2  Data  Gb  encoder.o [5]
Encoder_2DataRead       0x2802'0e4a     0x2  Data  Gb  encoder.o [5]
Encoder_Init            0x1008'9129    0x18  Code  Gb  encoder.o [5]
Encoder_SpeedRead       0x1008'9141    0xee  Code  Gb  encoder.o [5]
Encoder_dataPointer     0x2802'0e4c     0x2  Data  Gb  encoder.o [5]
Encoder_filterWeight    0x2802'06f0    0x10  Data  Gb  encoder.o [5]
Encoder_leftFilter      0x2802'0df8     0xc  Data  Gb  encoder.o [5]
Encoder_readFinishStatus
                        0x2802'0e63     0x1  Data  Gb  encoder.o [5]
Encoder_rightFilter     0x2802'0e04     0xc  Data  Gb  encoder.o [5]
ExecCallback            0x1008'7ce7    0x9a  Code  Lc  cy_ipc_pipe.o [15]
Gyro_Offset             0x2802'0d24    0x18  Data  Gb  gyro.o [5]
Gyroscope_Init          0x1008'8bf9   0x180  Code  Gb  gyro.o [5]
Gyroscope_device        0x2802'0e64     0x1  Data  Gb  gyro.o [5]
Gyroscope_time          0x2802'0e52     0x2  Data  Gb  gyro.o [5]
HEAP_STACK$$Base        0x2807'e000           --   Gb  - Linker created -
HEAP_STACK$$Limit       0x2808'0000           --   Gb  - Linker created -
HardFault_Handler       0x1008'9b5d          Code  Wk  startup_cm7.o [31]
InitEndpoint            0x1008'7c7f    0x38  Code  Lc  cy_ipc_pipe.o [15]
InitRamEcc              0x1008'80d3   0x100  Code  Lc  startup.o [31]
InitRamEccClearArea     0x1008'81d3    0x12  Code  Lc  startup.o [31]
MemManage_Handler       0x1008'9e4d          Code  Wk  startup_cm7.o [31]
Motor1_PID              0x2802'0c20    0x30  Data  Gb  motor.o [5]
Motor1_PID_Set          0x1008'84db     0xa  Code  Gb  motor.o [5]
Motor1_PIDwork          0x1008'84f9    0x34  Code  Gb  motor.o [5]
Motor1_target           0x2802'0e18     0x4  Data  Gb  motor.o [5]
Motor2_PID              0x2802'0c50    0x30  Data  Gb  motor.o [5]
Motor2_PID_Set          0x1008'84e5     0xa  Code  Gb  motor.o [5]
Motor2_PIDwork          0x1008'852d    0x34  Code  Gb  motor.o [5]
Motor2_target           0x2802'0e1c     0x4  Data  Gb  motor.o [5]
Motor_Diff_PID          0x2802'0c80    0x30  Data  Gb  motor.o [5]
Motor_Diff_PID_Set      0x1008'84ef     0xa  Code  Gb  motor.o [5]
Motor_Init              0x1008'83a9    0x34  Code  Gb  motor.o [5]
Motor_PID_Init          0x1008'8459    0x82  Code  Gb  motor.o [5]
Motor_SetSpeed          0x1008'83dd    0x7a  Code  Gb  motor.o [5]
Motor_target            0x2802'0700     0x4  Data  Gb  motor.o [5]
NMI_Handler             0x1008'9e49          Code  Wk  startup_cm7.o [31]
OSC_Init                0x1008'90c5    0x18  Code  Gb  osc.o [5]
OSC_Send                0x1008'90dd    0x22  Code  Gb  osc.o [5]
PID_IncrementalPID      0x1008'85ed    0x9a  Code  Gb  pid.o [5]
PID_Init                0x1008'858d    0x32  Code  Gb  pid.o [5]
PID_SetParameter        0x1008'85bf    0x2e  Code  Gb  pid.o [5]
PendSV_Handler          0x1008'9e5d          Code  Wk  startup_cm7.o [31]
Region$$Table$$Base     0x1008'9b3c           --   Gb  - Linker created -
Region$$Table$$Limit    0x1008'9b5c           --   Gb  - Linker created -
Reset_Handler           0x1008'9589          Code  Wk  startup_cm7.o [31]
SVC_Handler             0x1008'9c2d          Code  Wk  startup_cm7.o [31]
Startup_Init            0x1008'8045    0x8e  Code  Gb  startup.o [31]
SysTick_Handler         0x1008'9e61          Code  Wk  startup_cm7.o [31]
SystemCoreClock         0x2802'0e20     0x4  Data  Gb  system_tviibh4m_cm7.o [22]
SystemCoreClockUpdate   0x1008'82a5    0x94  Code  Gb  system_tviibh4m_cm7.o [22]
SystemInit              0x1008'8249    0x5c  Code  Gb  system_tviibh4m_cm7.o [22]
UART_Init               0x1008'9255    0x26  Code  Gb  uart.o [5]
UsageFault_Handler      0x1008'9e55          Code  Wk  startup_cm7.o [31]
WLUART_Init             0x1008'910d    0x1a  Code  Gb  wluart.o [5]
_LC                     0x1008'4c95     0x6  Code  Lc  xprintfsmall_nomb.o [50]
_LitobSmallNoMb         0x1008'505f    0xd0  Code  Lc  xprintfsmall_nomb.o [50]
_PrintfSmallNoMb        0x1008'4c9d   0x3b6  Code  Gb  xprintfsmall_nomb.o [50]
_Prout                  0x1008'9cc5    0x16  Code  Gb  xprout.o [50]
_PutcharsSmallNoMb      0x1008'512f    0x2e  Code  Lc  xprintfsmall_nomb.o [50]
_SProut                 0x1008'37ab     0xa  Code  Gb  xsprout.o [50]
__NVIC_ClearPendingIRQ  0x1008'8da1    0x1c  Code  Lc  cy_interrupt_map.o [23]
__NVIC_ClearPendingIRQ  0x1008'4681    0x1c  Code  Lc  zf_common_interrupt.o [46]
__NVIC_ClearPendingIRQ  0x1008'92a1    0x1c  Code  Lc  zf_driver_ipc.o [49]
__NVIC_EnableIRQ        0x1008'4665    0x1c  Code  Lc  zf_common_interrupt.o [46]
__NVIC_EnableIRQ        0x1008'9285    0x1c  Code  Lc  zf_driver_ipc.o [49]
__NVIC_SetPriority      0x1008'469d    0x24  Code  Lc  zf_common_interrupt.o [46]
__Vectors               0x1008'0000           --   Gb  startup_cm7.o [31]
__Vectors_End           0x1008'0080          Data  Gb  startup_cm7.o [31]
__Vectors_Size {Abs}           0x80           --   Gb  startup_cm7.o [31]
__aeabi_ldiv0           0x1008'530d          Code  Gb  I64DivZer.o [52]
__aeabi_memclr4         0x1008'4749          Code  Gb  ABImemclr4.o [52]
__aeabi_memcpy          0x1008'5185          Code  Gb  ABImemcpy.o [52]
__aeabi_memcpy4         0x1008'51a5          Code  Gb  ABImemcpy.o [52]
__aeabi_memcpy8         0x1008'51a5          Code  Gb  ABImemcpy.o [52]
__aeabi_memset          0x1008'3311          Code  Gb  ABImemset.o [52]
__aeabi_uldivmod        0x1008'4751          Code  Gb  I64DivMod.o [52]
__cmain                 0x1008'9bc1          Code  Gb  cmain.o [52]
__ecc_init_dtcm_end_address {Abs}
                        0x2000'3fff          Data  Gb  <internal module>
__ecc_init_dtcm_start_address {Abs}
                        0x2000'0000          Data  Gb  <internal module>
__ecc_init_itcm_end_address {Abs}
                             0x3fff          Data  Gb  <internal module>
__ecc_init_itcm_start_address {Abs}
                                0x0          Data  Gb  <internal module>
__ecc_init_sram_end_address {Abs}
                        0x2807'ffff          Data  Gb  <internal module>
__ecc_init_sram_start_address {Abs}
                        0x2802'0000          Data  Gb  <internal module>
__exit                  0x1008'53c9    0x14  Code  Gb  exit.o [53]
__iar_Fail_s            0x1008'5329    0x1c  Code  Gb  xfail_s.o [50]
__iar_Memchr            0x1008'5369          Code  Gb  memchr.o [52]
__iar_Memset            0x1008'3311          Code  Gb  ABImemset.o [52]
__iar_Memset4_word      0x1008'52d9          Code  Gb  ABImemset48.o [52]
__iar_Memset8_word      0x1008'52d9          Code  Gb  ABImemset48.o [52]
__iar_Memset_word       0x1008'3319          Code  Gb  ABImemset.o [52]
__iar_Strchr            0x1008'5311          Code  Gb  strchr.o [52]
__iar_data_init3        0x1008'9af1    0x28  Code  Gb  data_init.o [52]
__iar_init_vfp          0x1008'9b19          Code  Gb  fpinit_M.o [51]
__iar_lz77_init_single3
                        0x1008'3377    0x7e  Code  Gb  lz77_init_single.o [52]
__iar_program_start     0x1008'9c49          Code  Gb  cstartup_M.o [52]
__iar_zero_init3        0x1008'9ab9    0x38  Code  Gb  zero_init3.o [52]
__low_level_init        0x1008'9be1          Code  Gb  startup_cm7.o [31]
__ramVectors            0x2802'0e80          Data  Gb  startup_cm7.o [31]
__vector_table          0x1008'0000          Data  Gb  startup_cm7.o [31]
__vector_table_0x1c     0x1008'001c          Data  Gb  startup_cm7.o [31]
__write                 0x1008'31d9    0x12  Code  Gb  zf_common_debug.o [46]
_call_main              0x1008'9bcd          Code  Gb  cmain.o [52]
_exit                   0x1008'9be9          Code  Gb  cexit.o [52]
abort                   0x1008'53c1     0x6  Code  Gb  abort.o [50]
assert_interrupt_config
                        0x1008'46f9     0xc  Code  Gb  zf_common_interrupt.o [46]
bluetooth_ch9141_fifo   0x2802'0d6c    0x18  Data  Lc  zf_device_bluetooth_ch9141.o [48]
bluetooth_ch9141_read_buffer
                        0x1008'969f    0x2c  Code  Gb  zf_device_bluetooth_ch9141.o [48]
bluetooth_ch9141_send_buffer
                        0x1008'9639    0x66  Code  Gb  zf_device_bluetooth_ch9141.o [48]
clock_init              0x1008'90a9    0x16  Code  Gb  zf_common_clock.o [46]
cs_pin_save             0x2802'0e40     0x4  Data  Gb  zf_driver_spi.o [49]
cy_assertFileName       0x2802'0d0c    0x18  Data  Gb  cy_syslib.o [36]
cy_assertLine           0x2802'0e10     0x4  Data  Gb  cy_syslib.o [36]
cy_delay32kMs           0x2802'0e30     0x4  Data  Gb  system_tviibh4m_cm7.o [22]
cy_delayFreqHz          0x2802'0e24     0x4  Data  Gb  system_tviibh4m_cm7.o [22]
cy_delayFreqKhz         0x2802'0e28     0x4  Data  Gb  system_tviibh4m_cm7.o [22]
cy_delayFreqMhz         0x2802'0e2c     0x4  Data  Gb  system_tviibh4m_cm7.o [22]
cy_faultFrame           0x2802'0aa8    0x70  Data  Gb  cy_syslib.o [36]
cy_ipc_pipe_callbackArray
                        0x2802'0cd4    0x20  Data  Lc  cy_ipc_pipe.o [15]
cy_ipc_pipe_drvInitialized
                        0x2802'0e61     0x1  Data  Lc  cy_ipc_pipe.o [15]
cy_ipc_pipe_epCfgStatus
                        0x2802'0b18    0x48  Data  Lc  cy_ipc_pipe.o [15]
cy_ipc_pipe_epForThisCpu
                        0x2802'0e60     0x1  Data  Lc  cy_ipc_pipe.o [15]
debug_assert_handler    0x1008'31eb    0x3c  Code  Gb  zf_common_debug.o [46]
debug_assert_handler::assert_nest_index
                        0x2802'0e6a     0x1  Data  Lc  zf_common_debug.o [46]
debug_delay             0x1008'2e99    0x36  Code  Lc  zf_common_debug.o [46]
debug_info_init         0x1008'3291    0x18  Code  Gb  zf_common_debug.o [46]
debug_init              0x1008'32a9    0x2a  Code  Gb  zf_common_debug.o [46]
debug_interrupr_handler
                        0x1008'31b9    0x20  Code  Gb  zf_common_debug.o [46]
debug_log_handler       0x1008'3227    0x20  Code  Gb  zf_common_debug.o [46]
debug_output            0x1008'2edb   0x2bc  Code  Lc  zf_common_debug.o [46]
debug_output_info       0x2802'0de4    0x14  Data  Lc  zf_common_debug.o [46]
debug_output_init       0x1008'3267    0x2a  Code  Gb  zf_common_debug.o [46]
debug_output_struct_init
                        0x1008'3247    0x20  Code  Gb  zf_common_debug.o [46]
debug_read_ring_buffer  0x1008'31a7    0x12  Code  Gb  zf_common_debug.o [46]
debug_send_buffer       0x1008'3197    0x10  Code  Gb  zf_common_debug.o [46]
debug_uart_buffer       0x2802'0ba0    0x40  Data  Gb  zf_common_debug.o [46]
debug_uart_data         0x2802'0e69     0x1  Data  Gb  zf_common_debug.o [46]
debug_uart_fifo         0x2802'0d54    0x18  Data  Gb  zf_common_debug.o [46]
debug_uart_str_output   0x1008'2ecf     0xc  Code  Lc  zf_common_debug.o [46]
delay_clk               0x2802'0778     0x2  Data  Lc  zf_driver_delay.o [49]
divNumLocator           0x1008'9d7c     0x8  Data  Gb  cy_sysclk.o [33]
encoder_clear_count     0x1008'6d9f    0x2e  Code  Gb  zf_driver_encoder.o [49]
encoder_clk             0x2802'071c     0x8  Data  Gb  zf_driver_encoder.o [49]
encoder_get_count       0x1008'6d3f    0x60  Code  Gb  zf_driver_encoder.o [49]
encoder_mode            0x2802'0e3c     0x4  Data  Lc  zf_driver_encoder.o [49]
encoder_module          0x2802'0724    0x10  Data  Gb  zf_driver_encoder.o [49]
encoder_quad_init       0x1008'6dcd   0x15a  Code  Gb  zf_driver_encoder.o [49]
exit                    0x1008'9be5     0x4  Code  Gb  exit.o [50]
fifo_clear              0x1008'4089    0x74  Code  Gb  zf_common_fifo.o [46]
fifo_end_offset         0x1008'406f    0x1a  Code  Lc  zf_common_fifo.o [46]
fifo_head_offset        0x1008'4055    0x1a  Code  Lc  zf_common_fifo.o [46]
fifo_init               0x1008'4625    0x3a  Code  Gb  zf_common_fifo.o [46]
fifo_read_buffer        0x1008'42bf   0x1a0  Code  Gb  zf_common_fifo.o [46]
fifo_read_tail_buffer   0x1008'445f   0x1c6  Code  Gb  zf_common_fifo.o [46]
fifo_used               0x1008'40fd    0x22  Code  Gb  zf_common_fifo.o [46]
fifo_write_buffer       0x1008'411f   0x1a0  Code  Gb  zf_common_fifo.o [46]
func_int_to_str         0x1008'8881    0x86  Code  Gb  zf_common_function.o [46]
get_ch1_hsiom           0x1008'6ccd    0x26  Code  Lc  zf_driver_encoder.o [49]
get_ch1_pin             0x1008'6ca7    0x26  Code  Lc  zf_driver_encoder.o [49]
get_ch2_hsiom           0x1008'6d19    0x26  Code  Lc  zf_driver_encoder.o [49]
get_ch2_pin             0x1008'6cf3    0x26  Code  Lc  zf_driver_encoder.o [49]
get_pwm_ch              0x1008'28c9   0x368  Code  Lc  zf_driver_pwm.o [49]
get_pwm_pin             0x1008'21ef   0x368  Code  Lc  zf_driver_pwm.o [49]
get_pwm_pin_hsiom       0x1008'2557   0x36a  Code  Lc  zf_driver_pwm.o [49]
get_scb_module          0x1008'3b13    0x44  Code  Gb  zf_driver_uart.o [49]
get_uart_config         0x1008'39c7   0x14c  Code  Lc  zf_driver_uart.o [49]
gnss_flag               0x2802'0e6b     0x1  Data  Gb  zf_device_gnss.o [48]
gnss_gga_state          0x2802'0e6d     0x1  Data  Lc  zf_device_gnss.o [48]
gnss_receiver_fifo      0x2802'0d84    0x18  Data  Lc  zf_device_gnss.o [48]
gnss_rmc_state          0x2802'0e6e     0x1  Data  Lc  zf_device_gnss.o [48]
gnss_state              0x2802'0e6c     0x1  Data  Lc  zf_device_gnss.o [48]
gnss_ths_state          0x2802'0e6f     0x1  Data  Lc  zf_device_gnss.o [48]
gnss_uart_callback      0x1008'8ab9    0xe2  Code  Gb  zf_device_gnss.o [48]
gpio_get_level          0x1008'7161    0x22  Code  Gb  zf_driver_gpio.o [49]
gpio_init               0x1008'71a3    0x88  Code  Gb  zf_driver_gpio.o [49]
gpio_set_level          0x1008'711d    0x44  Code  Gb  zf_driver_gpio.o [49]
gpio_toggle_level       0x1008'7183    0x20  Code  Gb  zf_driver_gpio.o [49]
gps_gga_buffer          0x2802'0928    0x80  Data  Lc  zf_device_gnss.o [48]
gps_rmc_buffer          0x2802'09a8    0x80  Data  Lc  zf_device_gnss.o [48]
gps_ths_buffer          0x2802'0a28    0x80  Data  Lc  zf_device_gnss.o [48]
imu660ra_acc_x          0x2802'0e5a     0x2  Data  Gb  zf_device_imu660ra.o [48]
imu660ra_acc_y          0x2802'0e5c     0x2  Data  Gb  zf_device_imu660ra.o [48]
imu660ra_acc_z          0x2802'0e5e     0x2  Data  Gb  zf_device_imu660ra.o [48]
imu660ra_config_file    0x1008'0080  0x2000  Data  Gb  zf_device_config.o [54]
imu660ra_get_acc        0x1008'79d7    0x3e  Code  Gb  zf_device_imu660ra.o [48]
imu660ra_get_gyro       0x1008'7a15    0x3e  Code  Gb  zf_device_imu660ra.o [48]
imu660ra_gyro_x         0x2802'0e54     0x2  Data  Gb  zf_device_imu660ra.o [48]
imu660ra_gyro_y         0x2802'0e56     0x2  Data  Gb  zf_device_imu660ra.o [48]
imu660ra_gyro_z         0x2802'0e58     0x2  Data  Gb  zf_device_imu660ra.o [48]
imu660ra_init           0x1008'7a53    0xd0  Code  Gb  zf_device_imu660ra.o [48]
imu660ra_read_register  0x1008'7945    0x26  Code  Lc  zf_device_imu660ra.o [48]
imu660ra_read_registers
                        0x1008'796b    0x3a  Code  Lc  zf_device_imu660ra.o [48]
imu660ra_self_check     0x1008'79a5    0x32  Code  Lc  zf_device_imu660ra.o [48]
imu660ra_transition_factor
                        0x2802'070c     0x8  Data  Gb  zf_device_imu660ra.o [48]
imu660ra_write_register
                        0x1008'7909    0x1e  Code  Lc  zf_device_imu660ra.o [48]
imu660ra_write_registers
                        0x1008'7927    0x1e  Code  Lc  zf_device_imu660ra.o [48]
intFreqInitialized      0x2802'0e62     0x1  Data  Gb  cy_sysclk.o [33]
internalBaseFreqInfo    0x2802'0cf4    0x18  Data  Gb  cy_sysclk.o [33]
interrupt_global_disable
                        0x1008'46d1    0x14  Code  Gb  zf_common_interrupt.o [46]
interrupt_global_enable
                        0x1008'46c1    0x10  Code  Gb  zf_common_interrupt.o [46]
interrupt_global_flag   0x2802'0e38     0x4  Data  Lc  zf_common_interrupt.o [46]
interrupt_init          0x1008'4711    0x36  Code  Gb  zf_common_interrupt.o [46]
interrupt_set_priority  0x1008'4705     0xc  Code  Gb  zf_common_interrupt.o [46]
ipc_communicate_init    0x1008'92cb    0x52  Code  Gb  zf_driver_ipc.o [49]
ipc_default_callback    0x1008'92bd     0x2  Code  Lc  zf_driver_ipc.o [49]
ipc_port_save           0x2802'0e73     0x1  Data  Gb  zf_driver_ipc.o [49]
ipc_received_callback   0x1008'92bf     0xc  Code  Gb  zf_driver_ipc.o [49]
main                    0x1008'8f49    0xf8  Code  Gb  main_cm7_0.o [45]
memchr                  0x1008'5369          Code  Gb  memchr.o [52]
my_ipc_callback         0x1008'8f39    0x10  Code  Gb  main_cm7_0.o [45]
oscilloscope_data       0x2802'0cb0    0x24  Data  Gb  osc.o [5]
pit0_ch0_isr            0x1008'892d    0x16  Code  Gb  cm7_0_isr.o [45]
pit0_ch1_isr            0x1008'8943    0x10  Code  Gb  cm7_0_isr.o [45]
pit0_ch2_isr            0x1008'8953    0x10  Code  Gb  cm7_0_isr.o [45]
pit_00_state            0x2802'0e65     0x1  Data  Gb  main_cm7_0.o [45]
pit_01_state            0x2802'0e66     0x1  Data  Gb  main_cm7_0.o [45]
pit_02_state            0x2802'0e67     0x1  Data  Gb  main_cm7_0.o [45]
pit_init                0x1008'780d    0xec  Code  Gb  zf_driver_pit.o [49]
pit_isr_flag_clear      0x1008'77fd    0x10  Code  Gb  zf_driver_pit.o [49]
pit_isr_func            0x2802'0738     0xc  Data  Gb  zf_driver_pit.o [49]
printf                  0x1008'9081    0x28  Code  Gb  printf.o [50]
putchar                 0x1008'9b7d    0x20  Code  Gb  putchar.o [50]
pwm_all_channel_close   0x1008'2c31    0x1a  Code  Gb  zf_driver_pwm.o [49]
pwm_init                0x1008'2ca5   0x1e4  Code  Gb  zf_driver_pwm.o [49]
pwm_set_duty            0x1008'2c4b    0x5a  Code  Gb  zf_driver_pwm.o [49]
scb_module              0x2802'0764    0x14  Data  Gb  zf_driver_uart.o [49]
sec_hand                0x2802'0e44     0x4  Data  Lc  xfail_s.o [50]
seekfree_assistant_interface_init
                        0x1008'9339    0x90  Code  Wk  seekfree_assistant_interface.o [47]
seekfree_assistant_oscilloscope_send
                        0x1008'93e1    0x5c  Code  Gb  seekfree_assistant.o [47]
seekfree_assistant_receive
                        0x1008'9e45     0x4  Code  Wk  seekfree_assistant_interface.o [47]
seekfree_assistant_receive_callback
                        0x2802'0708     0x4  Data  Gb  seekfree_assistant.o [47]
seekfree_assistant_sum  0x1008'93c9    0x18  Code  Lc  seekfree_assistant.o [47]
seekfree_assistant_transfer
                        0x1008'9e41     0x4  Code  Wk  seekfree_assistant_interface.o [47]
seekfree_assistant_transfer_callback
                        0x2802'0704     0x4  Data  Gb  seekfree_assistant.o [47]
set_wireless_type       0x1008'9547    0x32  Code  Gb  zf_device_type.o [48]
spi_get_clk_hsiom       0x1008'56b3    0x20  Code  Lc  zf_driver_spi.o [49]
spi_get_clk_pin         0x1008'561d    0x20  Code  Lc  zf_driver_spi.o [49]
spi_get_cs_hsiom        0x1008'5713    0x36  Code  Lc  zf_driver_spi.o [49]
spi_get_cs_pin          0x1008'567d    0x36  Code  Lc  zf_driver_spi.o [49]
spi_get_miso_hsiom      0x1008'56f3    0x20  Code  Lc  zf_driver_spi.o [49]
spi_get_miso_pin        0x1008'565d    0x20  Code  Lc  zf_driver_spi.o [49]
spi_get_mosi_hsiom      0x1008'56d3    0x20  Code  Lc  zf_driver_spi.o [49]
spi_get_mosi_pin        0x1008'563d    0x20  Code  Lc  zf_driver_spi.o [49]
spi_init                0x1008'5cc9   0x264  Code  Gb  zf_driver_spi.o [49]
spi_module              0x2802'0744     0xc  Data  Gb  zf_driver_spi.o [49]
spi_read_8bit_registers
                        0x1008'5b09    0xe2  Code  Gb  zf_driver_spi.o [49]
spi_transfer_8bit       0x1008'5bf9    0xc8  Code  Gb  zf_driver_spi.o [49]
spi_write_8bit_array    0x1008'5885    0xb6  Code  Gb  zf_driver_spi.o [49]
spi_write_8bit_register
                        0x1008'593b    0xde  Code  Gb  zf_driver_spi.o [49]
spi_write_8bit_registers
                        0x1008'5a19    0xe8  Code  Gb  zf_driver_spi.o [49]
sprintf                 0x1008'4015    0x40  Code  Gb  sprintf.o [50]
strchr                  0x1008'5311          Code  Gb  strchr.o [52]
strlen                  0x1008'3fdd          Code  Gb  strlen.o [52]
strncmp                 0x1008'8bcd    0x2a  Code  Gb  strncmp.o [50]
strncpy                 0x1008'6a1d          Code  Gb  strncpy.o [52]
strstr                  0x1008'8855    0x2c  Code  Gb  strstr.o [50]
switch_transition_length
                        0x1008'5749   0x13c  Code  Lc  zf_driver_spi.o [49]
system_clock            0x2802'0e34     0x4  Data  Gb  zf_common_clock.o [46]
system_delay_init       0x1008'75d9    0xa6  Code  Gb  zf_driver_delay.o [49]
system_delay_ms         0x1008'757b    0x5e  Code  Gb  zf_driver_delay.o [49]
system_delay_us         0x1008'7525    0x56  Code  Gb  zf_driver_delay.o [49]
timer_ch                0x2802'077b     0x1  Data  Lc  zf_driver_delay.o [49]
type_default_callback   0x1008'9545     0x2  Code  Lc  zf_device_type.o [48]
uart0_isr               0x1008'8963    0x40  Code  Gb  cm7_0_isr.o [45]
uart1_isr               0x1008'89a3    0x42  Code  Gb  cm7_0_isr.o [45]
uart2_isr               0x1008'89e5    0x40  Code  Gb  cm7_0_isr.o [45]
uart3_isr               0x1008'8a25    0x3c  Code  Gb  cm7_0_isr.o [45]
uart4_isr               0x1008'8a61    0x42  Code  Gb  cm7_0_isr.o [45]
uart_context            0x2802'077c   0x118  Data  Gb  zf_driver_uart.o [49]
uart_data_fifo          0x2802'0d3c    0x18  Data  Gb  uart.o [5]
uart_get_data           0x2802'0b60    0x40  Data  Gb  uart.o [5]
uart_init               0x1008'3e05   0x190  Code  Gb  zf_driver_uart.o [49]
uart_isr_func           0x2802'0750    0x14  Data  Gb  zf_driver_uart.o [49]
uart_query_byte         0x1008'3bb9    0x32  Code  Gb  zf_driver_uart.o [49]
uart_receiver_handler   0x2802'0718     0x4  Data  Gb  zf_device_type.o [48]
uart_rx_interrupt       0x1008'3d07    0xfe  Code  Gb  zf_driver_uart.o [49]
uart_tx_interrupt       0x1008'3beb   0x11c  Code  Gb  zf_driver_uart.o [49]
uart_write_buffer       0x1008'3b7f    0x1e  Code  Gb  zf_driver_uart.o [49]
uart_write_byte         0x1008'3b57    0x28  Code  Gb  zf_driver_uart.o [49]
uart_write_string       0x1008'3b9d    0x1c  Code  Gb  zf_driver_uart.o [49]
user_callback           0x2802'0734     0x4  Data  Gb  zf_driver_ipc.o [49]
wifi_spi_fifo           0x2802'0d9c    0x18  Data  Lc  zf_device_wifi_spi.o [48]
wifi_spi_mutex          0x2802'0e71     0x1  Data  Lc  zf_device_wifi_spi.o [48]
wifi_spi_read_buffer    0x1008'7fa9    0x90  Code  Gb  zf_device_wifi_spi.o [48]
wifi_spi_send_buffer    0x1008'7ee1    0xc8  Code  Gb  zf_device_wifi_spi.o [48]
wifi_spi_transfer_command
                        0x1008'7e3b    0x3a  Code  Lc  zf_device_wifi_spi.o [48]
wifi_spi_transfer_data  0x1008'7e75    0x6c  Code  Lc  zf_device_wifi_spi.o [48]
wifi_spi_wait_idle      0x1008'7e0d    0x2e  Code  Lc  zf_device_wifi_spi.o [48]
wifi_uart_clear_receive_buffer
                        0x1008'86f7     0xc  Code  Lc  zf_device_wifi_uart.o [48]
wifi_uart_fifo          0x2802'0db4    0x18  Data  Lc  zf_device_wifi_uart.o [48]
wifi_uart_information   0x2802'0894    0x94  Data  Gb  zf_device_wifi_uart.o [48]
wifi_uart_read_buffer   0x1008'8805    0x2e  Code  Gb  zf_device_wifi_uart.o [48]
wifi_uart_send_buffer   0x1008'870d    0xf2  Code  Gb  zf_device_wifi_uart.o [48]
wifi_uart_wait_ack      0x1008'8689    0x6e  Code  Lc  zf_device_wifi_uart.o [48]
wireless_module_uart_handler
                        0x2802'0714     0x4  Data  Gb  zf_device_type.o [48]
wireless_type           0x2802'0e70     0x1  Data  Gb  zf_device_type.o [48]
wireless_uart_buffer    0x2802'0be0    0x40  Data  Lc  zf_device_wireless_uart.o [48]
wireless_uart_callback  0x1008'94d5    0x1c  Code  Gb  zf_device_wireless_uart.o [48]
wireless_uart_data      0x2802'0e72     0x1  Data  Lc  zf_device_wireless_uart.o [48]
wireless_uart_fifo      0x2802'0dcc    0x18  Data  Lc  zf_device_wireless_uart.o [48]
wireless_uart_init      0x1008'94f1    0x40  Code  Gb  zf_device_wireless_uart.o [48]
wireless_uart_read_buffer
                        0x1008'94a9    0x2c  Code  Gb  zf_device_wireless_uart.o [48]
wireless_uart_send_buffer
                        0x1008'9445    0x64  Code  Gb  zf_device_wireless_uart.o [48]
zf_debug_assert_enable  0x2802'077a     0x1  Data  Lc  zf_common_debug.o [46]
zf_debug_init_flag      0x2802'0e68     0x1  Data  Lc  zf_common_debug.o [46]


[1] = E:\IAR\V1.1.1_25323\Demo\iar\Debug_m7_0\Obj\adc_11722776235721520015.dir
[2] = E:\IAR\V1.1.1_25323\Demo\iar\Debug_m7_0\Obj\audioss_1346650047966882938.dir
[3] = E:\IAR\V1.1.1_25323\Demo\iar\Debug_m7_0\Obj\button_4990804375159372270.dir
[4] = E:\IAR\V1.1.1_25323\Demo\iar\Debug_m7_0\Obj\canfd_1800690984773873875.dir
[5] = E:\IAR\V1.1.1_25323\Demo\iar\Debug_m7_0\Obj\code_17896468042025673432.dir
[6] = E:\IAR\V1.1.1_25323\Demo\iar\Debug_m7_0\Obj\cpu_15938736945165268644.dir
[7] = E:\IAR\V1.1.1_25323\Demo\iar\Debug_m7_0\Obj\crypto_1190170608956581615.dir
[8] = E:\IAR\V1.1.1_25323\Demo\iar\Debug_m7_0\Obj\dma_12106025507578611576.dir
[9] = E:\IAR\V1.1.1_25323\Demo\iar\Debug_m7_0\Obj\eth_phy_18133017486186456677.dir
[10] = E:\IAR\V1.1.1_25323\Demo\iar\Debug_m7_0\Obj\ethernet_6029839089178797009.dir
[11] = E:\IAR\V1.1.1_25323\Demo\iar\Debug_m7_0\Obj\evtgen_3404189088603873129.dir
[12] = E:\IAR\V1.1.1_25323\Demo\iar\Debug_m7_0\Obj\flash_8529866181315662935.dir
[13] = E:\IAR\V1.1.1_25323\Demo\iar\Debug_m7_0\Obj\flash_864493325053435817.dir
[14] = E:\IAR\V1.1.1_25323\Demo\iar\Debug_m7_0\Obj\gpio_3999404635324069351.dir
[15] = E:\IAR\V1.1.1_25323\Demo\iar\Debug_m7_0\Obj\ipc_10145506163450686023.dir
[16] = E:\IAR\V1.1.1_25323\Demo\iar\Debug_m7_0\Obj\lin_18429031207028094880.dir
[17] = E:\IAR\V1.1.1_25323\Demo\iar\Debug_m7_0\Obj\lvd_6353935867039560245.dir
[18] = E:\IAR\V1.1.1_25323\Demo\iar\Debug_m7_0\Obj\mcwdt_4052485907822033969.dir
[19] = E:\IAR\V1.1.1_25323\Demo\iar\Debug_m7_0\Obj\mpu_5663187252346826382.dir
[20] = E:\IAR\V1.1.1_25323\Demo\iar\Debug_m7_0\Obj\power_14453085144426420577.dir
[21] = E:\IAR\V1.1.1_25323\Demo\iar\Debug_m7_0\Obj\prot_10722960861768657883.dir
[22] = E:\IAR\V1.1.1_25323\Demo\iar\Debug_m7_0\Obj\rev_b_4986922561640112550.dir
[23] = E:\IAR\V1.1.1_25323\Demo\iar\Debug_m7_0\Obj\rev_b_6162237342861132223.dir
[24] = E:\IAR\V1.1.1_25323\Demo\iar\Debug_m7_0\Obj\scb_15490842639181808494.dir
[25] = E:\IAR\V1.1.1_25323\Demo\iar\Debug_m7_0\Obj\sd_host_2982766354293506895.dir
[26] = E:\IAR\V1.1.1_25323\Demo\iar\Debug_m7_0\Obj\semihosting_143864889731838620.dir
[27] = E:\IAR\V1.1.1_25323\Demo\iar\Debug_m7_0\Obj\smartio_5451710003740070188.dir
[28] = E:\IAR\V1.1.1_25323\Demo\iar\Debug_m7_0\Obj\smif_427648126384146252.dir
[29] = E:\IAR\V1.1.1_25323\Demo\iar\Debug_m7_0\Obj\smif_mem_6470536964353725183.dir
[30] = E:\IAR\V1.1.1_25323\Demo\iar\Debug_m7_0\Obj\srom_13018798572330080582.dir
[31] = E:\IAR\V1.1.1_25323\Demo\iar\Debug_m7_0\Obj\startup_479057977785470282.dir
[32] = E:\IAR\V1.1.1_25323\Demo\iar\Debug_m7_0\Obj\sw_timer_4215635015939382130.dir
[33] = E:\IAR\V1.1.1_25323\Demo\iar\Debug_m7_0\Obj\sysclk_16149231235676103872.dir
[34] = E:\IAR\V1.1.1_25323\Demo\iar\Debug_m7_0\Obj\sysflt_12293435975120599261.dir
[35] = E:\IAR\V1.1.1_25323\Demo\iar\Debug_m7_0\Obj\sysint_7435970359207984181.dir
[36] = E:\IAR\V1.1.1_25323\Demo\iar\Debug_m7_0\Obj\syslib_16330585751512546975.dir
[37] = E:\IAR\V1.1.1_25323\Demo\iar\Debug_m7_0\Obj\syspm_10887939769544754770.dir
[38] = E:\IAR\V1.1.1_25323\Demo\iar\Debug_m7_0\Obj\sysreghc_17676636058511625587.dir
[39] = E:\IAR\V1.1.1_25323\Demo\iar\Debug_m7_0\Obj\sysreset_14586141425677365288.dir
[40] = E:\IAR\V1.1.1_25323\Demo\iar\Debug_m7_0\Obj\sysrtc_10747768817563771611.dir
[41] = E:\IAR\V1.1.1_25323\Demo\iar\Debug_m7_0\Obj\systick_16016591671695740695.dir
[42] = E:\IAR\V1.1.1_25323\Demo\iar\Debug_m7_0\Obj\syswdt_9118657615806274156.dir
[43] = E:\IAR\V1.1.1_25323\Demo\iar\Debug_m7_0\Obj\tcpwm_422923530147891246.dir
[44] = E:\IAR\V1.1.1_25323\Demo\iar\Debug_m7_0\Obj\trigmux_9729677290734583340.dir
[45] = E:\IAR\V1.1.1_25323\Demo\iar\Debug_m7_0\Obj\user_8514941877209965082.dir
[46] = E:\IAR\V1.1.1_25323\Demo\iar\Debug_m7_0\Obj\zf_common_1201165462030747823.dir
[47] = E:\IAR\V1.1.1_25323\Demo\iar\Debug_m7_0\Obj\zf_components_14936052685886095442.dir
[48] = E:\IAR\V1.1.1_25323\Demo\iar\Debug_m7_0\Obj\zf_device_6570275422786408770.dir
[49] = E:\IAR\V1.1.1_25323\Demo\iar\Debug_m7_0\Obj\zf_driver_11922370083829174090.dir
[50] = dl7M_tln.a
[51] = m7M_tlv.a
[52] = rt7M_tl.a
[53] = shb_l.a
[54] = zf_device_config.a

  30'858 bytes of readonly  code memory
   9'887 bytes of readonly  data memory
  12'020 bytes of readwrite data memory

Errors: 1
Warnings: none
