###############################################################################
#
# IAR ELF Linker V9.40.1.364/W64 for ARM                  30/Mar/2025  21:47:06
# Copyright 2007-2023 IAR Systems AB.
#
#    Output file  =
#        E:\IAR\V1.1.1_25323\Demo\iar\Debug_m7_0\Exe\cyt4bb7_cm_7_0.out
#    Map file     =
#        E:\IAR\V1.1.1_25323\Demo\iar\Debug_m7_0\List\cyt4bb7_cm_7_0.map
#    Command line =
#        -f E:\IAR\V1.1.1_25323\Demo\iar\Debug_m7_0\Exe\cyt4bb7_cm_7_0.out.rsp
#        (E:\IAR\V1.1.1_25323\Demo\iar\Debug_m7_0\Obj\user_8514941877209965082.dir\cm7_0_isr.o
#        E:\IAR\V1.1.1_25323\Demo\iar\Debug_m7_0\Obj\adc_11722776235721520015.dir\cy_adc.o
#        E:\IAR\V1.1.1_25323\Demo\iar\Debug_m7_0\Obj\button_4990804375159372270.dir\cy_button.o
#        E:\IAR\V1.1.1_25323\Demo\iar\Debug_m7_0\Obj\canfd_1800690984773873875.dir\cy_canfd.o
#        E:\IAR\V1.1.1_25323\Demo\iar\Debug_m7_0\Obj\cpu_15938736945165268644.dir\cy_cpu.o
#        E:\IAR\V1.1.1_25323\Demo\iar\Debug_m7_0\Obj\crypto_1190170608956581615.dir\cy_crypto_config.o
#        E:\IAR\V1.1.1_25323\Demo\iar\Debug_m7_0\Obj\eth_phy_18133017486186456677.dir\cy_dp83867.o
#        E:\IAR\V1.1.1_25323\Demo\iar\Debug_m7_0\Obj\ethernet_6029839089178797009.dir\cy_ethif.o
#        E:\IAR\V1.1.1_25323\Demo\iar\Debug_m7_0\Obj\evtgen_3404189088603873129.dir\cy_evtgen.o
#        E:\IAR\V1.1.1_25323\Demo\iar\Debug_m7_0\Obj\flash_8529866181315662935.dir\cy_flash.o
#        E:\IAR\V1.1.1_25323\Demo\iar\Debug_m7_0\Obj\gpio_3999404635324069351.dir\cy_gpio.o
#        E:\IAR\V1.1.1_25323\Demo\iar\Debug_m7_0\Obj\audioss_1346650047966882938.dir\cy_i2s.o
#        E:\IAR\V1.1.1_25323\Demo\iar\Debug_m7_0\Obj\rev_b_6162237342861132223.dir\cy_interrupt_map.o
#        E:\IAR\V1.1.1_25323\Demo\iar\Debug_m7_0\Obj\ipc_10145506163450686023.dir\cy_ipc_drv.o
#        E:\IAR\V1.1.1_25323\Demo\iar\Debug_m7_0\Obj\ipc_10145506163450686023.dir\cy_ipc_pipe.o
#        E:\IAR\V1.1.1_25323\Demo\iar\Debug_m7_0\Obj\ipc_10145506163450686023.dir\cy_ipc_sema.o
#        E:\IAR\V1.1.1_25323\Demo\iar\Debug_m7_0\Obj\lin_18429031207028094880.dir\cy_lin.o
#        E:\IAR\V1.1.1_25323\Demo\iar\Debug_m7_0\Obj\lvd_6353935867039560245.dir\cy_lvd.o
#        E:\IAR\V1.1.1_25323\Demo\iar\Debug_m7_0\Obj\mcwdt_4052485907822033969.dir\cy_mcwdt.o
#        E:\IAR\V1.1.1_25323\Demo\iar\Debug_m7_0\Obj\dma_12106025507578611576.dir\cy_mdma.o
#        E:\IAR\V1.1.1_25323\Demo\iar\Debug_m7_0\Obj\mpu_5663187252346826382.dir\cy_mpu.o
#        E:\IAR\V1.1.1_25323\Demo\iar\Debug_m7_0\Obj\flash_864493325053435817.dir\cy_mw_flash.o
#        E:\IAR\V1.1.1_25323\Demo\iar\Debug_m7_0\Obj\dma_12106025507578611576.dir\cy_pdma.o
#        E:\IAR\V1.1.1_25323\Demo\iar\Debug_m7_0\Obj\power_14453085144426420577.dir\cy_power.o
#        E:\IAR\V1.1.1_25323\Demo\iar\Debug_m7_0\Obj\prot_10722960861768657883.dir\cy_prot.o
#        E:\IAR\V1.1.1_25323\Demo\iar\Debug_m7_0\Obj\scb_15490842639181808494.dir\cy_scb_common.o
#        E:\IAR\V1.1.1_25323\Demo\iar\Debug_m7_0\Obj\scb_15490842639181808494.dir\cy_scb_ezi2c.o
#        E:\IAR\V1.1.1_25323\Demo\iar\Debug_m7_0\Obj\scb_15490842639181808494.dir\cy_scb_i2c.o
#        E:\IAR\V1.1.1_25323\Demo\iar\Debug_m7_0\Obj\scb_15490842639181808494.dir\cy_scb_spi.o
#        E:\IAR\V1.1.1_25323\Demo\iar\Debug_m7_0\Obj\scb_15490842639181808494.dir\cy_scb_uart.o
#        E:\IAR\V1.1.1_25323\Demo\iar\Debug_m7_0\Obj\sd_host_2982766354293506895.dir\cy_sd_host.o
#        E:\IAR\V1.1.1_25323\Demo\iar\Debug_m7_0\Obj\semihosting_143864889731838620.dir\cy_semihosting.o
#        E:\IAR\V1.1.1_25323\Demo\iar\Debug_m7_0\Obj\smartio_5451710003740070188.dir\cy_smartio.o
#        E:\IAR\V1.1.1_25323\Demo\iar\Debug_m7_0\Obj\smif_427648126384146252.dir\cy_smif.o
#        E:\IAR\V1.1.1_25323\Demo\iar\Debug_m7_0\Obj\smif_mem_6470536964353725183.dir\cy_smif_device_common.o
#        E:\IAR\V1.1.1_25323\Demo\iar\Debug_m7_0\Obj\smif_mem_6470536964353725183.dir\cy_smif_hb_flash.o
#        E:\IAR\V1.1.1_25323\Demo\iar\Debug_m7_0\Obj\smif_427648126384146252.dir\cy_smif_memslot.o
#        E:\IAR\V1.1.1_25323\Demo\iar\Debug_m7_0\Obj\smif_mem_6470536964353725183.dir\cy_smif_s25fl.o
#        E:\IAR\V1.1.1_25323\Demo\iar\Debug_m7_0\Obj\smif_mem_6470536964353725183.dir\cy_smif_s25fs.o
#        E:\IAR\V1.1.1_25323\Demo\iar\Debug_m7_0\Obj\smif_mem_6470536964353725183.dir\cy_smif_semp.o
#        E:\IAR\V1.1.1_25323\Demo\iar\Debug_m7_0\Obj\smif_427648126384146252.dir\cy_smif_ver_specific.o
#        E:\IAR\V1.1.1_25323\Demo\iar\Debug_m7_0\Obj\srom_13018798572330080582.dir\cy_srom.o
#        E:\IAR\V1.1.1_25323\Demo\iar\Debug_m7_0\Obj\sw_timer_4215635015939382130.dir\cy_sw_tmr.o
#        E:\IAR\V1.1.1_25323\Demo\iar\Debug_m7_0\Obj\sysclk_16149231235676103872.dir\cy_sysclk.o
#        E:\IAR\V1.1.1_25323\Demo\iar\Debug_m7_0\Obj\sysflt_12293435975120599261.dir\cy_sysflt.o
#        E:\IAR\V1.1.1_25323\Demo\iar\Debug_m7_0\Obj\sysint_7435970359207984181.dir\cy_sysint.o
#        E:\IAR\V1.1.1_25323\Demo\iar\Debug_m7_0\Obj\syslib_16330585751512546975.dir\cy_syslib.o
#        E:\IAR\V1.1.1_25323\Demo\iar\Debug_m7_0\Obj\syslib_16330585751512546975.dir\cy_syslib_iar.o
#        E:\IAR\V1.1.1_25323\Demo\iar\Debug_m7_0\Obj\syspm_10887939769544754770.dir\cy_syspm.o
#        E:\IAR\V1.1.1_25323\Demo\iar\Debug_m7_0\Obj\sysreghc_17676636058511625587.dir\cy_sysreghc.o
#        E:\IAR\V1.1.1_25323\Demo\iar\Debug_m7_0\Obj\sysreset_14586141425677365288.dir\cy_sysreset.o
#        E:\IAR\V1.1.1_25323\Demo\iar\Debug_m7_0\Obj\sysrtc_10747768817563771611.dir\cy_sysrtc.o
#        E:\IAR\V1.1.1_25323\Demo\iar\Debug_m7_0\Obj\systick_16016591671695740695.dir\cy_systick.o
#        E:\IAR\V1.1.1_25323\Demo\iar\Debug_m7_0\Obj\syswdt_9118657615806274156.dir\cy_syswdt.o
#        E:\IAR\V1.1.1_25323\Demo\iar\Debug_m7_0\Obj\tcpwm_422923530147891246.dir\cy_tcpwm.o
#        E:\IAR\V1.1.1_25323\Demo\iar\Debug_m7_0\Obj\tcpwm_422923530147891246.dir\cy_tcpwm_counter.o
#        E:\IAR\V1.1.1_25323\Demo\iar\Debug_m7_0\Obj\tcpwm_422923530147891246.dir\cy_tcpwm_pwm.o
#        E:\IAR\V1.1.1_25323\Demo\iar\Debug_m7_0\Obj\tcpwm_422923530147891246.dir\cy_tcpwm_quaddec.o
#        E:\IAR\V1.1.1_25323\Demo\iar\Debug_m7_0\Obj\tcpwm_422923530147891246.dir\cy_tcpwm_sr.o
#        E:\IAR\V1.1.1_25323\Demo\iar\Debug_m7_0\Obj\trigmux_9729677290734583340.dir\cy_trigmux.o
#        E:\IAR\V1.1.1_25323\Demo\iar\Debug_m7_0\Obj\ethernet_6029839089178797009.dir\edd.o
#        E:\IAR\V1.1.1_25323\Demo\iar\Debug_m7_0\Obj\ethernet_6029839089178797009.dir\edd_rx.o
#        E:\IAR\V1.1.1_25323\Demo\iar\Debug_m7_0\Obj\ethernet_6029839089178797009.dir\edd_tx.o
#        E:\IAR\V1.1.1_25323\Demo\iar\Debug_m7_0\Obj\code_17896468042025673432.dir\encoder.o
#        E:\IAR\V1.1.1_25323\Demo\iar\Debug_m7_0\Obj\code_17896468042025673432.dir\gyro.o
#        E:\IAR\V1.1.1_25323\Demo\iar\Debug_m7_0\Obj\user_8514941877209965082.dir\main_cm7_0.o
#        E:\IAR\V1.1.1_25323\Demo\iar\Debug_m7_0\Obj\code_17896468042025673432.dir\monitor_re.o
#        E:\IAR\V1.1.1_25323\Demo\iar\Debug_m7_0\Obj\code_17896468042025673432.dir\motor.o
#        E:\IAR\V1.1.1_25323\Demo\iar\Debug_m7_0\Obj\code_17896468042025673432.dir\osc.o
#        E:\IAR\V1.1.1_25323\Demo\iar\Debug_m7_0\Obj\code_17896468042025673432.dir\pid.o
#        E:\IAR\V1.1.1_25323\Demo\iar\Debug_m7_0\Obj\zf_components_14936052685886095442.dir\seekfree_assistant.o
#        E:\IAR\V1.1.1_25323\Demo\iar\Debug_m7_0\Obj\zf_components_14936052685886095442.dir\seekfree_assistant_interface.o
#        E:\IAR\V1.1.1_25323\Demo\iar\Debug_m7_0\Obj\startup_479057977785470282.dir\startup.o
#        E:\IAR\V1.1.1_25323\Demo\iar\Debug_m7_0\Obj\startup_479057977785470282.dir\startup_cm7.o
#        E:\IAR\V1.1.1_25323\Demo\iar\Debug_m7_0\Obj\rev_b_4986922561640112550.dir\system_tviibh4m_cm7.o
#        E:\IAR\V1.1.1_25323\Demo\iar\Debug_m7_0\Obj\code_17896468042025673432.dir\uart.o
#        E:\IAR\V1.1.1_25323\Demo\iar\Debug_m7_0\Obj\code_17896468042025673432.dir\wluart.o
#        E:\IAR\V1.1.1_25323\Demo\iar\Debug_m7_0\Obj\zf_common_1201165462030747823.dir\zf_common_clock.o
#        E:\IAR\V1.1.1_25323\Demo\iar\Debug_m7_0\Obj\zf_common_1201165462030747823.dir\zf_common_debug.o
#        E:\IAR\V1.1.1_25323\Demo\iar\Debug_m7_0\Obj\zf_common_1201165462030747823.dir\zf_common_fifo.o
#        E:\IAR\V1.1.1_25323\Demo\iar\Debug_m7_0\Obj\zf_common_1201165462030747823.dir\zf_common_font.o
#        E:\IAR\V1.1.1_25323\Demo\iar\Debug_m7_0\Obj\zf_common_1201165462030747823.dir\zf_common_function.o
#        E:\IAR\V1.1.1_25323\Demo\iar\Debug_m7_0\Obj\zf_common_1201165462030747823.dir\zf_common_interrupt.o
#        E:\IAR\V1.1.1_25323\Demo\iar\Debug_m7_0\Obj\zf_device_6570275422786408770.dir\zf_device_absolute_encoder.o
#        E:\IAR\V1.1.1_25323\Demo\iar\Debug_m7_0\Obj\zf_device_6570275422786408770.dir\zf_device_bluetooth_ch9141.o
#        E:\IAR\V1.1.1_25323\Demo\iar\Debug_m7_0\Obj\zf_device_6570275422786408770.dir\zf_device_dl1a.o
#        E:\IAR\V1.1.1_25323\Demo\iar\Debug_m7_0\Obj\zf_device_6570275422786408770.dir\zf_device_dl1b.o
#        E:\IAR\V1.1.1_25323\Demo\iar\Debug_m7_0\Obj\zf_device_6570275422786408770.dir\zf_device_gnss.o
#        E:\IAR\V1.1.1_25323\Demo\iar\Debug_m7_0\Obj\zf_device_6570275422786408770.dir\zf_device_icm20602.o
#        E:\IAR\V1.1.1_25323\Demo\iar\Debug_m7_0\Obj\zf_device_6570275422786408770.dir\zf_device_imu660ra.o
#        E:\IAR\V1.1.1_25323\Demo\iar\Debug_m7_0\Obj\zf_device_6570275422786408770.dir\zf_device_imu963ra.o
#        E:\IAR\V1.1.1_25323\Demo\iar\Debug_m7_0\Obj\zf_device_6570275422786408770.dir\zf_device_ips114.o
#        E:\IAR\V1.1.1_25323\Demo\iar\Debug_m7_0\Obj\zf_device_6570275422786408770.dir\zf_device_ips200.o
#        E:\IAR\V1.1.1_25323\Demo\iar\Debug_m7_0\Obj\zf_device_6570275422786408770.dir\zf_device_key.o
#        E:\IAR\V1.1.1_25323\Demo\iar\Debug_m7_0\Obj\zf_device_6570275422786408770.dir\zf_device_mpu6050.o
#        E:\IAR\V1.1.1_25323\Demo\iar\Debug_m7_0\Obj\zf_device_6570275422786408770.dir\zf_device_oled.o
#        E:\IAR\V1.1.1_25323\Demo\iar\Debug_m7_0\Obj\zf_device_6570275422786408770.dir\zf_device_tft180.o
#        E:\IAR\V1.1.1_25323\Demo\iar\Debug_m7_0\Obj\zf_device_6570275422786408770.dir\zf_device_tsl1401.o
#        E:\IAR\V1.1.1_25323\Demo\iar\Debug_m7_0\Obj\zf_device_6570275422786408770.dir\zf_device_type.o
#        E:\IAR\V1.1.1_25323\Demo\iar\Debug_m7_0\Obj\zf_device_6570275422786408770.dir\zf_device_uart_receiver.o
#        E:\IAR\V1.1.1_25323\Demo\iar\Debug_m7_0\Obj\zf_device_6570275422786408770.dir\zf_device_virtual_oscilloscope.o
#        E:\IAR\V1.1.1_25323\Demo\iar\Debug_m7_0\Obj\zf_device_6570275422786408770.dir\zf_device_wifi_spi.o
#        E:\IAR\V1.1.1_25323\Demo\iar\Debug_m7_0\Obj\zf_device_6570275422786408770.dir\zf_device_wifi_uart.o
#        E:\IAR\V1.1.1_25323\Demo\iar\Debug_m7_0\Obj\zf_device_6570275422786408770.dir\zf_device_wireless_uart.o
#        E:\IAR\V1.1.1_25323\Demo\iar\Debug_m7_0\Obj\zf_driver_11922370083829174090.dir\zf_driver_adc.o
#        E:\IAR\V1.1.1_25323\Demo\iar\Debug_m7_0\Obj\zf_driver_11922370083829174090.dir\zf_driver_delay.o
#        E:\IAR\V1.1.1_25323\Demo\iar\Debug_m7_0\Obj\zf_driver_11922370083829174090.dir\zf_driver_dma.o
#        E:\IAR\V1.1.1_25323\Demo\iar\Debug_m7_0\Obj\zf_driver_11922370083829174090.dir\zf_driver_encoder.o
#        E:\IAR\V1.1.1_25323\Demo\iar\Debug_m7_0\Obj\zf_driver_11922370083829174090.dir\zf_driver_exti.o
#        E:\IAR\V1.1.1_25323\Demo\iar\Debug_m7_0\Obj\zf_driver_11922370083829174090.dir\zf_driver_flash.o
#        E:\IAR\V1.1.1_25323\Demo\iar\Debug_m7_0\Obj\zf_driver_11922370083829174090.dir\zf_driver_gpio.o
#        E:\IAR\V1.1.1_25323\Demo\iar\Debug_m7_0\Obj\zf_driver_11922370083829174090.dir\zf_driver_ipc.o
#        E:\IAR\V1.1.1_25323\Demo\iar\Debug_m7_0\Obj\zf_driver_11922370083829174090.dir\zf_driver_pit.o
#        E:\IAR\V1.1.1_25323\Demo\iar\Debug_m7_0\Obj\zf_driver_11922370083829174090.dir\zf_driver_pwm.o
#        E:\IAR\V1.1.1_25323\Demo\iar\Debug_m7_0\Obj\zf_driver_11922370083829174090.dir\zf_driver_soft_iic.o
#        E:\IAR\V1.1.1_25323\Demo\iar\Debug_m7_0\Obj\zf_driver_11922370083829174090.dir\zf_driver_soft_spi.o
#        E:\IAR\V1.1.1_25323\Demo\iar\Debug_m7_0\Obj\zf_driver_11922370083829174090.dir\zf_driver_spi.o
#        E:\IAR\V1.1.1_25323\Demo\iar\Debug_m7_0\Obj\zf_driver_11922370083829174090.dir\zf_driver_timer.o
#        E:\IAR\V1.1.1_25323\Demo\iar\Debug_m7_0\Obj\zf_driver_11922370083829174090.dir\zf_driver_uart.o
#        --no_out_extension -o
#        E:\IAR\V1.1.1_25323\Demo\iar\Debug_m7_0\Exe\cyt4bb7_cm_7_0.out
#        --config_def _CORE_cm7_0_=0 --config_def _LINK_flash_=0 --map
#        E:\IAR\V1.1.1_25323\Demo\iar\Debug_m7_0\List\cyt4bb7_cm_7_0.map
#        --config
#        E:\IAR\V1.1.1_25323\Demo\iar\project_config\..\icf\linker_directives_tviibh.icf
#        --semihosting
#        E:\IAR\V1.1.1_25323\Demo\iar\project_config\..\..\..\libraries\sdk\tviibh4m\src\drivers\crypto\libs\libcrypto_server_cm0plus_iar.a
#        E:\IAR\V1.1.1_25323\Demo\iar\project_config\..\..\..\libraries\zf_device\zf_device_config.a
#        E:\IAR\V1.1.1_25323\Demo\iar\project_config\..\..\..\libraries\sdk\common\hdr\cmsis\dsp\iar_cortexM7lf_math.a
#        --entry __iar_program_start --vfe --text_out locale --cpu=Cortex-M7
#        --fpu=VFPv5_d16) --dependencies=n
#        E:\IAR\V1.1.1_25323\Demo\iar\Debug_m7_0\Exe\cyt4bb7_cm_7_0.out.iar_deps
#
###############################################################################

*******************************************************************************
*** RUNTIME MODEL ATTRIBUTES
***

CppFlavor       = *
__CPP_Runtime   = 1
__SystemLibrary = DLib
__dlib_version  = 6


*******************************************************************************
*** HEAP SELECTION
***

The basic heap was selected because --advanced_heap
was not specified and the application did not appear to
be primarily optimized for speed.


*******************************************************************************
*** PLACEMENT SUMMARY
***

"A0":  place at start of [from 0x1008'0000 to 0x1027'ffff] { section .intvec };
"P1":  place in [from 0x1008'0000 to 0x1027'ffff] { ro };
"P2":  place in [from 0x2802'0000 to 0x2807'ffff] { rw };
define block HEAP with size = 1K, alignment = 8 { };
define block CSTACK with size = 8K, alignment = 8 { };
define block HEAP_STACK { block HEAP, last block CSTACK };
"A1":  place at end of [from 0x2802'0000 to 0x2807'ffff] { block HEAP_STACK };
do not initialize { section .intvec_ram };
initialize by copy { rw };

No sections matched the following patterns:

  ro section .sflash_app_prot  in "P6"
  ro section .sflash_nar       in "P4"
  ro section .sflash_pkey      in "P5"
  ro section .sflash_toc2      in "P7"
  ro section .sflash_uf_rows   in "P3"
  ro section .work_flash       in "P8"


  Section            Kind         Address    Size  Object
  -------            ----         -------    ----  ------
"A0":                                        0x80
  .intvec            ro code  0x1008'0000    0x80  startup_cm7.o [31]
                            - 0x1008'0080    0x80

"P1":                                      0x7374
  .text              ro code  0x1008'0080   0xe18  zf_driver_pwm.o [49]
  .text              ro code  0x1008'0e98   0x454  zf_common_debug.o [46]
  .text              ro code  0x1008'12ec    0x66  ABImemset.o [52]
  .text              ro code  0x1008'1352    0x7e  lz77_init_single.o [52]
  .text              ro code  0x1008'13d0   0x194  cy_gpio.o [14]
  .text              ro code  0x1008'1564   0x20a  cy_tcpwm_pwm.o [43]
  .text              ro code  0x1008'176e    0x18  cy_tcpwm.o [43]
  .text              ro code  0x1008'1786     0xa  xsprout.o [50]
  .text              ro code  0x1008'1790   0x828  zf_driver_uart.o [49]
  .text              ro code  0x1008'1fb8    0x36  strlen.o [52]
  .text              ro code  0x1008'1ff0    0x40  sprintf.o [50]
  .text              ro code  0x1008'2030   0x610  zf_common_fifo.o [46]
  .text              ro code  0x1008'2640    0xe2  zf_common_interrupt.o [46]
  .text              ro code  0x1008'2724     0x6  ABImemclr4.o [52]
  .text              ro code  0x1008'272c   0x230  I64DivMod.o [52]
  .text              ro code  0x1008'295c   0x314  cy_scb_uart.o [24]
  .text              ro code  0x1008'2c70   0x4ed  xprintfsmall_nomb.o [50]
  .text              ro code  0x1008'3160    0xa6  ABImemcpy.o [52]
  .text              ro code  0x1008'3208    0xac  cy_sysint.o [35]
  .text              ro code  0x1008'32b4    0x32  ABImemset48.o [52]
  .text              ro code  0x1008'32e8     0x2  I64DivZer.o [52]
  .text              ro code  0x1008'32ec    0x16  strchr.o [52]
  .text              ro code  0x1008'3304    0x40  xfail_s.o [50]
  .text              ro code  0x1008'3344    0x58  memchr.o [52]
  .text              ro code  0x1008'339c     0x6  abort.o [50]
  .text              ro code  0x1008'33a4    0x14  exit.o [53]
  .text              ro code  0x1008'33b8   0x8e8  cy_sysclk.o [33]
  .text              ro code  0x1008'3ca0    0x70  strncpy.o [52]
  .text              ro code  0x1008'3d10    0xa8  cy_syslib.o [36]
  .text              ro code  0x1008'3db8     0x2  cy_syslib.o [36]
  .text              ro code  0x1008'3dbc   0x40c  zf_driver_encoder.o [49]
  .text              ro code  0x1008'41c8   0x1ae  cy_tcpwm_counter.o [43]
  .text              ro code  0x1008'4378   0x13c  zf_driver_gpio.o [49]
  .text              ro code  0x1008'44b4   0x190  cy_tcpwm_quaddec.o [43]
  .text              ro code  0x1008'4644   0x360  zf_driver_spi.o [49]
  .text              ro code  0x1008'49a4   0x308  motor.o [5]
  .text              ro code  0x1008'4cac   0x202  pid.o [5]
  .text              ro code  0x1008'4eb0   0x2d8  zf_driver_delay.o [49]
  .text              ro code  0x1008'5188   0x270  zf_driver_pit.o [49]
  .text              ro code  0x1008'53f8   0x24c  cy_ipc_pipe.o [15]
  .text              ro code  0x1008'5644    0x60  cy_ipc_drv.o [15]
  .text              ro code  0x1008'56a4   0x238  zf_device_wifi_spi.o [48]
  .text              ro code  0x1008'58dc   0x204  startup.o [31]
  .text              ro code  0x1008'5ae0   0x150  system_tviibh4m_cm7.o [22]
  .text              ro code  0x1008'5c30     0x8  startup_cm7.o [31]
  .text              ro code  0x1008'5c38     0x6  startup_cm7.o [31]
  .text              ro code  0x1008'5c40   0x1cc  zf_device_wifi_uart.o [48]
  .text              ro code  0x1008'5e0c    0x2c  strstr.o [50]
  .text              ro code  0x1008'5e38    0x8c  zf_common_function.o [46]
  .text              ro code  0x1008'5ec4   0x1ac  cm7_0_isr.o [45]
  .text              ro code  0x1008'6070   0x114  zf_device_gnss.o [48]
  .text              ro code  0x1008'6184    0x2a  strncmp.o [50]
  .text              ro code  0x1008'61b0   0x198  cy_interrupt_map.o [23]
  .text              ro code  0x1008'6348   0x160  main_cm7_0.o [45]
  .text              ro code  0x1008'64a8    0x1c  zf_common_clock.o [46]
  .text              ro code  0x1008'64c4    0x4c  osc.o [5]
  .text              ro code  0x1008'6510    0x1a  wluart.o [5]
  .text              ro code  0x1008'652c   0x12c  encoder.o [5]
  .text              ro code  0x1008'6658    0x30  uart.o [5]
  .text              ro code  0x1008'6688    0xb4  zf_driver_ipc.o [49]
  .text              ro code  0x1008'673c    0xac  monitor_re.o [5]
  .text              ro code  0x1008'67e8    0x90  seekfree_assistant_interface.o [47]
  .text              ro code  0x1008'6878    0x7c  seekfree_assistant.o [47]
  .text              ro code  0x1008'68f4    0x28  printf.o [50]
  .text              ro code  0x1008'691c   0x100  zf_device_wireless_uart.o [48]
  .text              ro code  0x1008'6a1c    0x44  zf_device_type.o [48]
  .text              ro code  0x1008'6a60    0xb0  startup_cm7.o [31]
  .text              ro code  0x1008'6b10    0x9c  zf_device_bluetooth_ch9141.o [48]
  .rodata            const    0x1008'6bac    0x4c  cy_sysclk.o [33]
  .rodata            const    0x1008'6bf8    0x4c  cy_sysclk.o [33]
  .rodata            const    0x1008'6c44    0x4c  system_tviibh4m_cm7.o [22]
  .rodata            const    0x1008'6c90    0x48  cy_ipc_pipe.o [15]
  .rodata            const    0x1008'6cd8    0x48  zf_device_bluetooth_ch9141.o [48]
  .rodata            const    0x1008'6d20    0x44  seekfree_assistant.o [47]
  .rodata            const    0x1008'6d64    0x44  zf_device_wireless_uart.o [48]
  .rodata            const    0x1008'6da8    0x40  zf_common_function.o [46]
  .rodata            const    0x1008'6de8    0x40  zf_device_wifi_spi.o [48]
  .rodata            const    0x1008'6e28    0x40  zf_device_wifi_uart.o [48]
  .rodata            const    0x1008'6e68    0x3c  zf_common_fifo.o [46]
  .rodata            const    0x1008'6ea4    0x3c  zf_driver_uart.o [49]
  .rodata            const    0x1008'6ee0    0x38  zf_driver_pwm.o [49]
  .text              ro code  0x1008'6f18    0x38  zero_init3.o [52]
  .text              ro code  0x1008'6f50    0x28  data_init.o [52]
  .text              ro code  0x1008'6f78    0x22  fpinit_M.o [51]
  .iar.init_table    const    0x1008'6f9c    0x20  - Linker created -
  .text              ro code  0x1008'6fbc    0x20  startup_cm7.o [31]
  .text              ro code  0x1008'6fdc    0x20  putchar.o [50]
  .text              ro code  0x1008'7000    0x1e  cy_syslib_iar.o [36]
  .text              ro code  0x1008'7020    0x1e  cmain.o [52]
  .text              ro code  0x1008'7040     0x4  startup_cm7.o [31]
  .text              ro code  0x1008'7044     0x4  exit.o [50]
  .text              ro code  0x1008'7048     0xa  cexit.o [52]
  .rodata            const    0x1008'7054    0x1c  zf_common_debug.o [46]
  .text              ro code  0x1008'7070    0x1c  startup_cm7.o [31]
  .text              ro code  0x1008'708c    0x1c  cstartup_M.o [52]
  .rodata            const    0x1008'70a8    0x18  startup.o [31]
  .rodata            const    0x1008'70c0    0x18  system_tviibh4m_cm7.o [22]
  .rodata            const    0x1008'70d8    0x18  zf_common_debug.o [46]
  .text              ro code  0x1008'70f0    0x16  xprout.o [50]
  .rodata            const    0x1008'7108    0x14  osc.o [5]
  .rodata            const    0x1008'711c    0x10  zf_common_debug.o [46]
  .rodata            const    0x1008'712c    0x10  zf_common_debug.o [46]
  .rodata            const    0x1008'713c    0x10  zf_device_wifi_uart.o [48]
  .rodata            const    0x1008'714c     0xc  zf_common_debug.o [46]
  .rodata            const    0x1008'7158     0xc  zf_common_debug.o [46]
  .rodata            const    0x1008'7164     0xc  zf_device_wifi_uart.o [48]
  .rodata            const    0x1008'7170     0xc  zf_driver_ipc.o [49]
  .text              ro code  0x1008'717c     0xc  cy_syslib.o [36]
  .rodata            const    0x1008'7188     0x8  cy_sysclk.o [33]
  .rodata            const    0x1008'7190     0x8  zf_device_wifi_uart.o [48]
  .rodata            const    0x1008'7198     0x8  zf_device_wifi_uart.o [48]
  .rodata            const    0x1008'71a0     0x4  cy_interrupt_map.o [23]
  .rodata            const    0x1008'71a4     0x4  cy_interrupt_map.o [23]
  .rodata            const    0x1008'71a8     0x4  cy_interrupt_map.o [23]
  .rodata            const    0x1008'71ac     0x4  cy_interrupt_map.o [23]
  .rodata            const    0x1008'71b0     0x4  cy_interrupt_map.o [23]
  .rodata            const    0x1008'71b4     0x4  cy_interrupt_map.o [23]
  .rodata            const    0x1008'71b8     0x4  cy_interrupt_map.o [23]
  .rodata            const    0x1008'71bc     0x4  cy_interrupt_map.o [23]
  .rodata            const    0x1008'71c0     0x4  cy_ipc_drv.o [15]
  .rodata            const    0x1008'71c4     0x4  cy_ipc_pipe.o [15]
  .rodata            const    0x1008'71c8     0x4  cy_scb_uart.o [24]
  .rodata            const    0x1008'71cc     0x4  cy_scb_uart.o [24]
  .rodata            const    0x1008'71d0     0x4  cy_scb_uart.o [24]
  .rodata            const    0x1008'71d4     0x4  cy_scb_uart.o [24]
  .rodata            const    0x1008'71d8     0x4  cy_scb_uart.o [24]
  .rodata            const    0x1008'71dc     0x4  cy_scb_uart.o [24]
  .rodata            const    0x1008'71e0     0x4  cy_scb_uart.o [24]
  .rodata            const    0x1008'71e4     0x4  cy_scb_uart.o [24]
  .rodata            const    0x1008'71e8     0x4  cy_scb_uart.o [24]
  .rodata            const    0x1008'71ec     0x4  cy_scb_uart.o [24]
  .rodata            const    0x1008'71f0     0x4  cy_sysint.o [35]
  .rodata            const    0x1008'71f4     0x4  cy_sysint.o [35]
  .rodata            const    0x1008'71f8     0x4  cy_tcpwm_counter.o [43]
  .rodata            const    0x1008'71fc     0x4  cy_tcpwm_counter.o [43]
  .rodata            const    0x1008'7200     0x4  cy_tcpwm_counter.o [43]
  .rodata            const    0x1008'7204     0x4  cy_tcpwm_counter.o [43]
  .rodata            const    0x1008'7208     0x4  cy_tcpwm_counter.o [43]
  .rodata            const    0x1008'720c     0x4  cy_tcpwm_pwm.o [43]
  .rodata            const    0x1008'7210     0x4  cy_tcpwm_pwm.o [43]
  .rodata            const    0x1008'7214     0x4  cy_tcpwm_pwm.o [43]
  .rodata            const    0x1008'7218     0x4  cy_tcpwm_pwm.o [43]
  .rodata            const    0x1008'721c     0x4  cy_tcpwm_pwm.o [43]
  .rodata            const    0x1008'7220     0x4  cy_tcpwm_pwm.o [43]
  .rodata            const    0x1008'7224     0x4  cy_tcpwm_pwm.o [43]
  .rodata            const    0x1008'7228     0x4  cy_tcpwm_quaddec.o [43]
  .rodata            const    0x1008'722c     0x4  cy_tcpwm_quaddec.o [43]
  .rodata            const    0x1008'7230     0x4  cy_tcpwm_quaddec.o [43]
  .rodata            const    0x1008'7234     0x4  cy_tcpwm_quaddec.o [43]
  .rodata            const    0x1008'7238     0x4  cy_tcpwm_quaddec.o [43]
  .text              ro code  0x1008'723c     0x4  seekfree_assistant_interface.o [47]
  .text              ro code  0x1008'7240     0x4  seekfree_assistant_interface.o [47]
  .text              ro code  0x1008'7244     0x4  startup_cm7.o [31]
  .text              ro code  0x1008'7248     0x4  startup_cm7.o [31]
  .text              ro code  0x1008'724c     0x4  startup_cm7.o [31]
  .text              ro code  0x1008'7250     0x4  startup_cm7.o [31]
  .text              ro code  0x1008'7254     0x4  startup_cm7.o [31]
  .text              ro code  0x1008'7258     0x4  startup_cm7.o [31]
  .text              ro code  0x1008'725c     0x4  startup_cm7.o [31]
  .text              ro code  0x1008'7260     0x4  startup_cm7.o [31]
  .text              ro code  0x1008'7264     0x4  startup_cm7.o [31]
  .text              ro code  0x1008'7268     0x4  startup_cm7.o [31]
  .text              ro code  0x1008'726c     0x4  startup_cm7.o [31]
  .text              ro code  0x1008'7270     0x4  startup_cm7.o [31]
  .text              ro code  0x1008'7274     0x4  startup_cm7.o [31]
  .text              ro code  0x1008'7278     0x4  startup_cm7.o [31]
  .text              ro code  0x1008'727c     0x4  startup_cm7.o [31]
  .rodata            const    0x1008'7280     0x0  zero_init3.o [52]
  .rodata            const    0x1008'7280     0x0  lz77_init_single.o [52]
  Initializer bytes  const    0x1008'7280    0x98  <for P2-1>
                            - 0x1008'7318  0x7298

"P2", part 1 of 3:                          0x784
  P2-1                        0x2802'0000   0x784  <Init block>
    .data            inited   0x2802'0000   0x6ec  cy_interrupt_map.o [23]
    .data            inited   0x2802'06ec     0x4  cy_interrupt_map.o [23]
    .data            inited   0x2802'06f0    0x10  encoder.o [5]
    .data            inited   0x2802'0700    0x10  monitor_re.o [5]
    .data            inited   0x2802'0710     0x4  motor.o [5]
    .data            inited   0x2802'0714     0x4  seekfree_assistant.o [47]
    .data            inited   0x2802'0718     0x4  seekfree_assistant.o [47]
    .data            inited   0x2802'071c     0x4  zf_device_type.o [48]
    .data            inited   0x2802'0720     0x4  zf_device_type.o [48]
    .data            inited   0x2802'0724     0x8  zf_driver_encoder.o [49]
    .data            inited   0x2802'072c    0x10  zf_driver_encoder.o [49]
    .data            inited   0x2802'073c     0x4  zf_driver_ipc.o [49]
    .data            inited   0x2802'0740     0xc  zf_driver_pit.o [49]
    .data            inited   0x2802'074c     0xc  zf_driver_spi.o [49]
    .data            inited   0x2802'0758    0x14  zf_driver_uart.o [49]
    .data            inited   0x2802'076c    0x14  zf_driver_uart.o [49]
    .data            inited   0x2802'0780     0x2  zf_driver_delay.o [49]
    .data            inited   0x2802'0782     0x1  zf_common_debug.o [46]
    .data            inited   0x2802'0783     0x1  zf_driver_delay.o [49]
                            - 0x2802'0784   0x784

"P2", part 2 of 3:                          0x744
  .bss               zero     0x2802'0784   0x118  zf_driver_uart.o [49]
  .bss               zero     0x2802'089c    0x94  zf_device_wifi_uart.o [48]
  .bss               zero     0x2802'0930    0x80  zf_device_gnss.o [48]
  .bss               zero     0x2802'09b0    0x80  zf_device_gnss.o [48]
  .bss               zero     0x2802'0a30    0x80  zf_device_gnss.o [48]
  .bss               zero     0x2802'0ab0    0x70  cy_syslib.o [36]
  .bss               zero     0x2802'0b20    0x48  cy_ipc_pipe.o [15]
  .bss               zero     0x2802'0b68    0x40  uart.o [5]
  .bss               zero     0x2802'0ba8    0x40  zf_common_debug.o [46]
  .bss               zero     0x2802'0be8    0x40  zf_device_wireless_uart.o [48]
  .bss               zero     0x2802'0c28    0x30  motor.o [5]
  .bss               zero     0x2802'0c58    0x30  motor.o [5]
  .bss               zero     0x2802'0c88    0x30  motor.o [5]
  .bss               zero     0x2802'0cb8    0x30  motor.o [5]
  .bss               zero     0x2802'0ce8    0x30  motor.o [5]
  .bss               zero     0x2802'0d18    0x24  osc.o [5]
  .bss               zero     0x2802'0d3c    0x20  cy_ipc_pipe.o [15]
  .bss               zero     0x2802'0d5c    0x18  cy_sysclk.o [33]
  .bss               zero     0x2802'0d74    0x18  cy_syslib.o [36]
  .bss               zero     0x2802'0d8c    0x18  uart.o [5]
  .bss               zero     0x2802'0da4    0x18  zf_common_debug.o [46]
  .bss               zero     0x2802'0dbc    0x18  zf_device_bluetooth_ch9141.o [48]
  .bss               zero     0x2802'0dd4    0x18  zf_device_gnss.o [48]
  .bss               zero     0x2802'0dec    0x18  zf_device_wifi_spi.o [48]
  .bss               zero     0x2802'0e04    0x18  zf_device_wifi_uart.o [48]
  .bss               zero     0x2802'0e1c    0x18  zf_device_wireless_uart.o [48]
  .bss               zero     0x2802'0e34    0x14  zf_common_debug.o [46]
  .bss               zero     0x2802'0e48     0xc  encoder.o [5]
  .bss               zero     0x2802'0e54     0xc  encoder.o [5]
  .bss               zero     0x2802'0e60     0xc  monitor_re.o [5]
  .bss               zero     0x2802'0e6c     0x4  cy_syslib.o [36]
  .bss               zero     0x2802'0e70     0x4  monitor_re.o [5]
  .bss               zero     0x2802'0e74     0x4  motor.o [5]
  .bss               zero     0x2802'0e78     0x4  motor.o [5]
  .bss               zero     0x2802'0e7c     0x4  system_tviibh4m_cm7.o [22]
  .bss               zero     0x2802'0e80     0x4  system_tviibh4m_cm7.o [22]
  .bss               zero     0x2802'0e84     0x4  system_tviibh4m_cm7.o [22]
  .bss               zero     0x2802'0e88     0x4  system_tviibh4m_cm7.o [22]
  .bss               zero     0x2802'0e8c     0x4  system_tviibh4m_cm7.o [22]
  .bss               zero     0x2802'0e90     0x4  zf_common_clock.o [46]
  .bss               zero     0x2802'0e94     0x4  zf_common_interrupt.o [46]
  .bss               zero     0x2802'0e98     0x4  zf_driver_encoder.o [49]
  .bss               zero     0x2802'0e9c     0x4  zf_driver_spi.o [49]
  .bss               zero     0x2802'0ea0     0x4  xfail_s.o [50]
  .bss               zero     0x2802'0ea4     0x2  encoder.o [5]
  .bss               zero     0x2802'0ea6     0x2  encoder.o [5]
  .bss               zero     0x2802'0ea8     0x2  encoder.o [5]
  .bss               zero     0x2802'0eaa     0x2  encoder.o [5]
  .bss               zero     0x2802'0eac     0x2  encoder.o [5]
  .bss               zero     0x2802'0eae     0x2  monitor_re.o [5]
  .bss               zero     0x2802'0eb0     0x2  monitor_re.o [5]
  .bss               zero     0x2802'0eb2     0x2  monitor_re.o [5]
  .bss               zero     0x2802'0eb4     0x1  cy_ipc_pipe.o [15]
  .bss               zero     0x2802'0eb5     0x1  cy_ipc_pipe.o [15]
  .bss               zero     0x2802'0eb6     0x1  cy_sysclk.o [33]
  .bss               zero     0x2802'0eb7     0x1  encoder.o [5]
  .bss               zero     0x2802'0eb8     0x1  main_cm7_0.o [45]
  .bss               zero     0x2802'0eb9     0x1  main_cm7_0.o [45]
  .bss               zero     0x2802'0eba     0x1  main_cm7_0.o [45]
  .bss               zero     0x2802'0ebb     0x1  monitor_re.o [5]
  .bss               zero     0x2802'0ebc     0x1  zf_common_debug.o [46]
  .bss               zero     0x2802'0ebd     0x1  zf_common_debug.o [46]
  .bss               zero     0x2802'0ebe     0x1  zf_common_debug.o [46]
  .bss               zero     0x2802'0ebf     0x1  zf_device_gnss.o [48]
  .bss               zero     0x2802'0ec0     0x1  zf_device_gnss.o [48]
  .bss               zero     0x2802'0ec1     0x1  zf_device_gnss.o [48]
  .bss               zero     0x2802'0ec2     0x1  zf_device_gnss.o [48]
  .bss               zero     0x2802'0ec3     0x1  zf_device_gnss.o [48]
  .bss               zero     0x2802'0ec4     0x1  zf_device_type.o [48]
  .bss               zero     0x2802'0ec5     0x1  zf_device_wifi_spi.o [48]
  .bss               zero     0x2802'0ec6     0x1  zf_device_wireless_uart.o [48]
  .bss               zero     0x2802'0ec7     0x1  zf_driver_ipc.o [49]
                            - 0x2802'0ec8   0x744

"P2", part 3 of 3:                           0x80
  .intvec_ram        uninit   0x2802'0f00    0x80  startup_cm7.o [31]
                            - 0x2802'0f80    0x80

"A1":                                      0x2000
  HEAP_STACK                  0x2807'e000  0x2000  <Block>
    CSTACK                    0x2807'e000  0x2000  <Block>
      CSTACK         uninit   0x2807'e000  0x2000  <Block tail>
                            - 0x2808'0000  0x2000

Unused ranges:

         From           To       Size
         ----           --       ----
  0x1008'73f4  0x1027'ffff  0x1f'8c0c
  0x2802'0ec8  0x2802'0eff       0x38
  0x2802'0f80  0x2807'dfff   0x5'd080


*******************************************************************************
*** INIT TABLE
***

          Address      Size
          -------      ----
Zero (__iar_zero_init3)
    1 destination range, total size 0x744:
          0x2802'0784  0x744

Copy/lz77 (__iar_lz77_init_single3)
    1 source range, total size 0x98 (7% of destination):
          0x1008'7280   0x98
    1 destination range, total size 0x784:
          0x2802'0000  0x784



*******************************************************************************
*** MODULE SUMMARY
***

    Module                          ro code  ro data  rw data
    ------                          -------  -------  -------
command line/config:
    ---------------------------------------------------------
    Total:

E:\IAR\V1.1.1_25323\Demo\iar\Debug_m7_0\Obj\adc_11722776235721520015.dir: [1]
    ---------------------------------------------------------
    Total:

E:\IAR\V1.1.1_25323\Demo\iar\Debug_m7_0\Obj\audioss_1346650047966882938.dir: [2]
    ---------------------------------------------------------
    Total:

E:\IAR\V1.1.1_25323\Demo\iar\Debug_m7_0\Obj\button_4990804375159372270.dir: [3]
    ---------------------------------------------------------
    Total:

E:\IAR\V1.1.1_25323\Demo\iar\Debug_m7_0\Obj\canfd_1800690984773873875.dir: [4]
    ---------------------------------------------------------
    Total:

E:\IAR\V1.1.1_25323\Demo\iar\Debug_m7_0\Obj\code_17896468042025673432.dir: [5]
    encoder.o                           300        1       51
    monitor_re.o                        172        1       39
    motor.o                             776        1      252
    osc.o                                76       20       36
    pid.o                               514
    uart.o                               48                88
    wluart.o                             26
    ---------------------------------------------------------
    Total:                            1'912       23      466

E:\IAR\V1.1.1_25323\Demo\iar\Debug_m7_0\Obj\cpu_15938736945165268644.dir: [6]
    ---------------------------------------------------------
    Total:

E:\IAR\V1.1.1_25323\Demo\iar\Debug_m7_0\Obj\crypto_1190170608956581615.dir: [7]
    ---------------------------------------------------------
    Total:

E:\IAR\V1.1.1_25323\Demo\iar\Debug_m7_0\Obj\dma_12106025507578611576.dir: [8]
    ---------------------------------------------------------
    Total:

E:\IAR\V1.1.1_25323\Demo\iar\Debug_m7_0\Obj\eth_phy_18133017486186456677.dir: [9]
    ---------------------------------------------------------
    Total:

E:\IAR\V1.1.1_25323\Demo\iar\Debug_m7_0\Obj\ethernet_6029839089178797009.dir: [10]
    ---------------------------------------------------------
    Total:

E:\IAR\V1.1.1_25323\Demo\iar\Debug_m7_0\Obj\evtgen_3404189088603873129.dir: [11]
    ---------------------------------------------------------
    Total:

E:\IAR\V1.1.1_25323\Demo\iar\Debug_m7_0\Obj\flash_8529866181315662935.dir: [12]
    ---------------------------------------------------------
    Total:

E:\IAR\V1.1.1_25323\Demo\iar\Debug_m7_0\Obj\flash_864493325053435817.dir: [13]
    ---------------------------------------------------------
    Total:

E:\IAR\V1.1.1_25323\Demo\iar\Debug_m7_0\Obj\gpio_3999404635324069351.dir: [14]
    cy_gpio.o                           404
    ---------------------------------------------------------
    Total:                              404

E:\IAR\V1.1.1_25323\Demo\iar\Debug_m7_0\Obj\ipc_10145506163450686023.dir: [15]
    cy_ipc_drv.o                         96        4
    cy_ipc_pipe.o                       588       76      106
    ---------------------------------------------------------
    Total:                              684       80      106

E:\IAR\V1.1.1_25323\Demo\iar\Debug_m7_0\Obj\lin_18429031207028094880.dir: [16]
    ---------------------------------------------------------
    Total:

E:\IAR\V1.1.1_25323\Demo\iar\Debug_m7_0\Obj\lvd_6353935867039560245.dir: [17]
    ---------------------------------------------------------
    Total:

E:\IAR\V1.1.1_25323\Demo\iar\Debug_m7_0\Obj\mcwdt_4052485907822033969.dir: [18]
    ---------------------------------------------------------
    Total:

E:\IAR\V1.1.1_25323\Demo\iar\Debug_m7_0\Obj\mpu_5663187252346826382.dir: [19]
    ---------------------------------------------------------
    Total:

E:\IAR\V1.1.1_25323\Demo\iar\Debug_m7_0\Obj\power_14453085144426420577.dir: [20]
    ---------------------------------------------------------
    Total:

E:\IAR\V1.1.1_25323\Demo\iar\Debug_m7_0\Obj\prot_10722960861768657883.dir: [21]
    ---------------------------------------------------------
    Total:

E:\IAR\V1.1.1_25323\Demo\iar\Debug_m7_0\Obj\rev_b_4986922561640112550.dir: [22]
    system_tviibh4m_cm7.o               336      100       20
    ---------------------------------------------------------
    Total:                              336      100       20

E:\IAR\V1.1.1_25323\Demo\iar\Debug_m7_0\Obj\rev_b_6162237342861132223.dir: [23]
    cy_interrupt_map.o                  408      172    1'776
    ---------------------------------------------------------
    Total:                              408      172    1'776

E:\IAR\V1.1.1_25323\Demo\iar\Debug_m7_0\Obj\scb_15490842639181808494.dir: [24]
    cy_scb_uart.o                       788       40
    ---------------------------------------------------------
    Total:                              788       40

E:\IAR\V1.1.1_25323\Demo\iar\Debug_m7_0\Obj\sd_host_2982766354293506895.dir: [25]
    ---------------------------------------------------------
    Total:

E:\IAR\V1.1.1_25323\Demo\iar\Debug_m7_0\Obj\semihosting_143864889731838620.dir: [26]
    ---------------------------------------------------------
    Total:

E:\IAR\V1.1.1_25323\Demo\iar\Debug_m7_0\Obj\smartio_5451710003740070188.dir: [27]
    ---------------------------------------------------------
    Total:

E:\IAR\V1.1.1_25323\Demo\iar\Debug_m7_0\Obj\smif_427648126384146252.dir: [28]
    ---------------------------------------------------------
    Total:

E:\IAR\V1.1.1_25323\Demo\iar\Debug_m7_0\Obj\smif_mem_6470536964353725183.dir: [29]
    ---------------------------------------------------------
    Total:

E:\IAR\V1.1.1_25323\Demo\iar\Debug_m7_0\Obj\srom_13018798572330080582.dir: [30]
    ---------------------------------------------------------
    Total:

E:\IAR\V1.1.1_25323\Demo\iar\Debug_m7_0\Obj\startup_479057977785470282.dir: [31]
    startup.o                           516       24
    startup_cm7.o                       442               128
    ---------------------------------------------------------
    Total:                              958       24      128

E:\IAR\V1.1.1_25323\Demo\iar\Debug_m7_0\Obj\sw_timer_4215635015939382130.dir: [32]
    ---------------------------------------------------------
    Total:

E:\IAR\V1.1.1_25323\Demo\iar\Debug_m7_0\Obj\sysclk_16149231235676103872.dir: [33]
    cy_sysclk.o                       2'280      160       25
    ---------------------------------------------------------
    Total:                            2'280      160       25

E:\IAR\V1.1.1_25323\Demo\iar\Debug_m7_0\Obj\sysflt_12293435975120599261.dir: [34]
    ---------------------------------------------------------
    Total:

E:\IAR\V1.1.1_25323\Demo\iar\Debug_m7_0\Obj\sysint_7435970359207984181.dir: [35]
    cy_sysint.o                         172        8
    ---------------------------------------------------------
    Total:                              172        8

E:\IAR\V1.1.1_25323\Demo\iar\Debug_m7_0\Obj\syslib_16330585751512546975.dir: [36]
    cy_syslib.o                         182               140
    cy_syslib_iar.o                      30
    ---------------------------------------------------------
    Total:                              212               140

E:\IAR\V1.1.1_25323\Demo\iar\Debug_m7_0\Obj\syspm_10887939769544754770.dir: [37]
    ---------------------------------------------------------
    Total:

E:\IAR\V1.1.1_25323\Demo\iar\Debug_m7_0\Obj\sysreghc_17676636058511625587.dir: [38]
    ---------------------------------------------------------
    Total:

E:\IAR\V1.1.1_25323\Demo\iar\Debug_m7_0\Obj\sysreset_14586141425677365288.dir: [39]
    ---------------------------------------------------------
    Total:

E:\IAR\V1.1.1_25323\Demo\iar\Debug_m7_0\Obj\sysrtc_10747768817563771611.dir: [40]
    ---------------------------------------------------------
    Total:

E:\IAR\V1.1.1_25323\Demo\iar\Debug_m7_0\Obj\systick_16016591671695740695.dir: [41]
    ---------------------------------------------------------
    Total:

E:\IAR\V1.1.1_25323\Demo\iar\Debug_m7_0\Obj\syswdt_9118657615806274156.dir: [42]
    ---------------------------------------------------------
    Total:

E:\IAR\V1.1.1_25323\Demo\iar\Debug_m7_0\Obj\tcpwm_422923530147891246.dir: [43]
    cy_tcpwm.o                           24
    cy_tcpwm_counter.o                  430       20
    cy_tcpwm_pwm.o                      522       28
    cy_tcpwm_quaddec.o                  400       20
    ---------------------------------------------------------
    Total:                            1'376       68

E:\IAR\V1.1.1_25323\Demo\iar\Debug_m7_0\Obj\trigmux_9729677290734583340.dir: [44]
    ---------------------------------------------------------
    Total:

E:\IAR\V1.1.1_25323\Demo\iar\Debug_m7_0\Obj\user_8514941877209965082.dir: [45]
    cm7_0_isr.o                         428
    main_cm7_0.o                        352                 3
    ---------------------------------------------------------
    Total:                              780                 3

E:\IAR\V1.1.1_25323\Demo\iar\Debug_m7_0\Obj\zf_common_1201165462030747823.dir: [46]
    zf_common_clock.o                    28                 4
    zf_common_debug.o                 1'108      108      112
    zf_common_fifo.o                  1'552       60
    zf_common_function.o                140       64
    zf_common_interrupt.o               226                 4
    ---------------------------------------------------------
    Total:                            3'054      232      120

E:\IAR\V1.1.1_25323\Demo\iar\Debug_m7_0\Obj\zf_components_14936052685886095442.dir: [47]
    seekfree_assistant.o                124       68        8
    seekfree_assistant_interface.o      152
    ---------------------------------------------------------
    Total:                              276       68        8

E:\IAR\V1.1.1_25323\Demo\iar\Debug_m7_0\Obj\zf_device_6570275422786408770.dir: [48]
    zf_device_bluetooth_ch9141.o        156       72       24
    zf_device_gnss.o                    276               413
    zf_device_type.o                     68        1        9
    zf_device_wifi_spi.o                568       64       25
    zf_device_wifi_uart.o               460      108      172
    zf_device_wireless_uart.o           256       68       89
    ---------------------------------------------------------
    Total:                            1'784      313      732

E:\IAR\V1.1.1_25323\Demo\iar\Debug_m7_0\Obj\zf_driver_11922370083829174090.dir: [49]
    zf_driver_delay.o                   728        1        3
    zf_driver_encoder.o               1'036        2       28
    zf_driver_gpio.o                    316
    zf_driver_ipc.o                     180       12        5
    zf_driver_pit.o                     624        1       12
    zf_driver_pwm.o                   3'608       56
    zf_driver_spi.o                     864        1       16
    zf_driver_uart.o                  2'088       63      320
    ---------------------------------------------------------
    Total:                            9'444      136      384

dl7M_tln.a: [50]
    abort.o                               6
    exit.o                                4
    printf.o                             40
    putchar.o                            32
    sprintf.o                            64
    strncmp.o                            42
    strstr.o                             44
    xfail_s.o                            64                 4
    xprintfsmall_nomb.o               1'261
    xprout.o                             22
    xsprout.o                            10
    ---------------------------------------------------------
    Total:                            1'589                 4

m7M_tlv.a: [51]
    fpinit_M.o                           34
    ---------------------------------------------------------
    Total:                               34

rt7M_tl.a: [52]
    ABImemclr4.o                          6
    ABImemcpy.o                         166
    ABImemset.o                         102
    ABImemset48.o                        50
    I64DivMod.o                         560
    I64DivZer.o                           2
    cexit.o                              10
    cmain.o                              30
    cstartup_M.o                         28
    data_init.o                          40
    lz77_init_single.o                  126
    memchr.o                             88
    strchr.o                             22
    strlen.o                             54
    strncpy.o                           112
    zero_init3.o                         56
    ---------------------------------------------------------
    Total:                            1'452

shb_l.a: [53]
    exit.o                               20
    ---------------------------------------------------------
    Total:                               20

    Gaps                                 39        6
    Linker created                                32    8'192
-------------------------------------------------------------
    Grand Total:                     28'002    1'462   12'104


*******************************************************************************
*** ENTRY LIST
***

Entry                       Address   Size  Type      Object
-----                       -------   ----  ----      ------
.iar.init_table$$Base   0x1008'6f9c          --   Gb  - Linker created -
.iar.init_table$$Limit  0x1008'6fbc          --   Gb  - Linker created -
?main                   0x1008'7021         Code  Gb  cmain.o [52]
BusFault_Handler        0x1008'724d         Code  Wk  startup_cm7.o [31]
CSTACK$$Base            0x2807'e000          --   Gb  - Linker created -
CSTACK$$Limit           0x2808'0000          --   Gb  - Linker created -
CopyVectorTable         0x1008'5a7d   0x34  Code  Lc  startup.o [31]
CpuUserInt0_Handler     0x1008'61cf   0x26  Code  Gb  cy_interrupt_map.o [23]
CpuUserInt10_Handler    0x1008'7269         Code  Wk  startup_cm7.o [31]
CpuUserInt11_Handler    0x1008'726d         Code  Wk  startup_cm7.o [31]
CpuUserInt12_Handler    0x1008'7271         Code  Wk  startup_cm7.o [31]
CpuUserInt13_Handler    0x1008'7275         Code  Wk  startup_cm7.o [31]
CpuUserInt14_Handler    0x1008'7279         Code  Wk  startup_cm7.o [31]
CpuUserInt15_Handler    0x1008'727d         Code  Wk  startup_cm7.o [31]
CpuUserInt1_Handler     0x1008'61f5   0x26  Code  Gb  cy_interrupt_map.o [23]
CpuUserInt2_Handler     0x1008'621b   0x26  Code  Gb  cy_interrupt_map.o [23]
CpuUserInt3_Handler     0x1008'6241   0x26  Code  Gb  cy_interrupt_map.o [23]
CpuUserInt4_Handler     0x1008'6267   0x26  Code  Gb  cy_interrupt_map.o [23]
CpuUserInt5_Handler     0x1008'628d   0x26  Code  Gb  cy_interrupt_map.o [23]
CpuUserInt6_Handler     0x1008'62b3   0x26  Code  Gb  cy_interrupt_map.o [23]
CpuUserInt7_Handler     0x1008'62d9   0x26  Code  Gb  cy_interrupt_map.o [23]
CpuUserInt8_Handler     0x1008'7261         Code  Wk  startup_cm7.o [31]
CpuUserInt9_Handler     0x1008'7265         Code  Wk  startup_cm7.o [31]
Cy_DefaultUserHandler   0x1008'61cd    0x2  Code  Gb  cy_interrupt_map.o [23]
Cy_GPIO_ClearInterrupt  0x1008'14a3    0xe  Code  Lc  cy_gpio.o [14]
Cy_GPIO_Clr             0x1008'438d    0xa  Code  Lc  zf_driver_gpio.o [49]
Cy_GPIO_Inv             0x1008'4397    0xa  Code  Lc  zf_driver_gpio.o [49]
Cy_GPIO_Pin_Init        0x1008'14e7   0x72  Code  Gb  cy_gpio.o [14]
Cy_GPIO_Read            0x1008'4379    0xa  Code  Lc  zf_driver_gpio.o [49]
Cy_GPIO_Set             0x1008'4383    0xa  Code  Lc  zf_driver_gpio.o [49]
Cy_GPIO_SetDriveSel     0x1008'1485   0x1e  Code  Lc  cy_gpio.o [14]
Cy_GPIO_SetDrivemode    0x1008'1435   0x1c  Code  Lc  cy_gpio.o [14]
Cy_GPIO_SetHSIOM        0x1008'13d1   0x4c  Code  Lc  cy_gpio.o [14]
Cy_GPIO_SetInterruptEdge
                        0x1008'14cb   0x1c  Code  Lc  cy_gpio.o [14]
Cy_GPIO_SetInterruptMask
                        0x1008'14b1   0x1a  Code  Lc  cy_gpio.o [14]
Cy_GPIO_SetSlewRate     0x1008'146b   0x1a  Code  Lc  cy_gpio.o [14]
Cy_GPIO_SetVtrip        0x1008'1451   0x1a  Code  Lc  cy_gpio.o [14]
Cy_GPIO_Write           0x1008'141d   0x18  Code  Lc  cy_gpio.o [14]
Cy_IPC_Drv_GetInterruptStatus
                        0x1008'5469    0x4  Code  Lc  cy_ipc_pipe.o [15]
Cy_IPC_Drv_GetInterruptStatusMasked
                        0x1008'5465    0x4  Code  Lc  cy_ipc_pipe.o [15]
Cy_IPC_Drv_GetIntrBaseAddr
                        0x1008'5429   0x2c  Code  Lc  cy_ipc_pipe.o [15]
Cy_IPC_Drv_GetIpcBaseAddress
                        0x1008'53f9   0x30  Code  Lc  cy_ipc_pipe.o [15]
Cy_IPC_Drv_IsLockAcquired
                        0x1008'5655    0x8  Code  Lc  cy_ipc_drv.o [15]
Cy_IPC_Drv_IsLockAcquired
                        0x1008'546d    0x8  Code  Lc  cy_ipc_pipe.o [15]
Cy_IPC_Drv_LockRelease  0x1008'565d   0x20  Code  Gb  cy_ipc_drv.o [15]
Cy_IPC_Drv_ReadDataValue
                        0x1008'5651    0x4  Code  Lc  cy_ipc_drv.o [15]
Cy_IPC_Drv_ReadMsgPtr   0x1008'5475    0x8  Code  Lc  cy_ipc_pipe.o [15]
Cy_IPC_Drv_ReadMsgWord  0x1008'567d   0x20  Code  Gb  cy_ipc_drv.o [15]
Cy_IPC_Drv_ReleaseNotify
                        0x1008'5645    0xc  Code  Lc  cy_ipc_drv.o [15]
Cy_IPC_Drv_SetInterruptMask
                        0x1008'5455   0x10  Code  Lc  cy_ipc_pipe.o [15]
Cy_IPC_Pipe_Init        0x1008'547d   0x9a  Code  Gb  cy_ipc_pipe.o [15]
Cy_IPC_Pipe_Isr         0x1008'5561   0x1e  Code  Gb  cy_ipc_pipe.o [15]
Cy_IPC_Pipe_RegisterCallback
                        0x1008'554f   0x12  Code  Gb  cy_ipc_pipe.o [15]
Cy_RestoreIRQ           0x1008'5c39         Code  Gb  startup_cm7.o [31]
Cy_SCB_ClearRxFifo      0x1008'464f   0x1e  Code  Lc  zf_driver_spi.o [49]
Cy_SCB_ClearRxInterrupt
                        0x1008'5ecb    0xa  Code  Lc  cm7_0_isr.o [45]
Cy_SCB_ClearTxInterrupt
                        0x1008'5edb    0xa  Code  Lc  cm7_0_isr.o [45]
Cy_SCB_GetFifoSize      0x1008'46a9   0x12  Code  Lc  zf_driver_spi.o [49]
Cy_SCB_GetNumInRxFifo   0x1008'4645    0xa  Code  Lc  zf_driver_spi.o [49]
Cy_SCB_GetNumInRxFifo   0x1008'193b    0xa  Code  Lc  zf_driver_uart.o [49]
Cy_SCB_GetNumInTxFifo   0x1008'4673    0xa  Code  Lc  zf_driver_spi.o [49]
Cy_SCB_GetNumInTxFifo   0x1008'194b    0xa  Code  Lc  zf_driver_uart.o [49]
Cy_SCB_GetRxInterruptMask
                        0x1008'5ec5    0x6  Code  Lc  cm7_0_isr.o [45]
Cy_SCB_GetRxInterruptMask
                        0x1008'1987    0x6  Code  Lc  zf_driver_uart.o [49]
Cy_SCB_GetTxInterruptMask
                        0x1008'5ed5    0x6  Code  Lc  cm7_0_isr.o [45]
Cy_SCB_GetTxInterruptMask
                        0x1008'1993    0x6  Code  Lc  zf_driver_uart.o [49]
Cy_SCB_GetTxSrValid     0x1008'467d    0xa  Code  Lc  zf_driver_spi.o [49]
Cy_SCB_GetTxSrValid     0x1008'1955    0xa  Code  Lc  zf_driver_uart.o [49]
Cy_SCB_IsTxComplete     0x1008'4687   0x22  Code  Lc  zf_driver_spi.o [49]
Cy_SCB_IsTxComplete     0x1008'195f   0x22  Code  Lc  zf_driver_uart.o [49]
Cy_SCB_ReadRxFifo       0x1008'1935    0x6  Code  Lc  zf_driver_uart.o [49]
Cy_SCB_SPI_ClearRxFifo  0x1008'46c3    0x8  Code  Lc  zf_driver_spi.o [49]
Cy_SCB_SPI_GetNumInRxFifo
                        0x1008'46bb    0x8  Code  Lc  zf_driver_spi.o [49]
Cy_SCB_SetRxInterruptMask
                        0x1008'1981    0x6  Code  Lc  zf_driver_uart.o [49]
Cy_SCB_SetTxInterruptMask
                        0x1008'198d    0x6  Code  Lc  zf_driver_uart.o [49]
Cy_SCB_UART_DeInit      0x1008'2be1   0x5c  Code  Gb  cy_scb_uart.o [24]
Cy_SCB_UART_Enable      0x1008'1999    0xa  Code  Lc  zf_driver_uart.o [49]
Cy_SCB_UART_Init        0x1008'295d  0x284  Code  Gb  cy_scb_uart.o [24]
Cy_SCB_WriteTxFifo      0x1008'466d    0x6  Code  Lc  zf_driver_spi.o [49]
Cy_SCB_WriteTxFifo      0x1008'1945    0x6  Code  Lc  zf_driver_uart.o [49]
Cy_SaveIRQ              0x1008'5c31         Code  Gb  startup_cm7.o [31]
Cy_SysClk_CheckDividerExisting
                        0x1008'4eb1   0x2a  Code  Lc  zf_driver_delay.o [49]
Cy_SysClk_CheckDividerExisting
                        0x1008'3dbd   0x2c  Code  Lc  zf_driver_encoder.o [49]
Cy_SysClk_CheckDividerExisting
                        0x1008'5189   0x2a  Code  Lc  zf_driver_pit.o [49]
Cy_SysClk_CheckDividerExisting
                        0x1008'0081   0x2c  Code  Lc  zf_driver_pwm.o [49]
Cy_SysClk_CheckDividerExisting
                        0x1008'1791   0x2c  Code  Lc  zf_driver_uart.o [49]
Cy_SysClk_ClkPathGetSource
                        0x1008'352d   0x54  Code  Gb  cy_sysclk.o [33]
Cy_SysClk_EcoGetStatus  0x1008'33b9   0x1a  Code  Lc  cy_sysclk.o [33]
Cy_SysClk_Fast0ClkGetDivider
                        0x1008'3501   0x16  Code  Lc  cy_sysclk.o [33]
Cy_SysClk_Fast1ClkGetDivider
                        0x1008'3517   0x16  Code  Lc  cy_sysclk.o [33]
Cy_SysClk_FllGetConfiguration
                        0x1008'3589   0x7e  Code  Gb  cy_sysclk.o [33]
Cy_SysClk_FllGetLockStatus
                        0x1008'33d3    0xc  Code  Lc  cy_sysclk.o [33]
Cy_SysClk_GetClockGroup
                        0x1008'4f59    0x8  Code  Lc  zf_driver_delay.o [49]
Cy_SysClk_GetClockGroup
                        0x1008'3e6b    0x8  Code  Lc  zf_driver_encoder.o [49]
Cy_SysClk_GetClockGroup
                        0x1008'5231    0x8  Code  Lc  zf_driver_pit.o [49]
Cy_SysClk_GetClockGroup
                        0x1008'012f    0x8  Code  Lc  zf_driver_pwm.o [49]
Cy_SysClk_GetClockGroup
                        0x1008'1875    0x8  Code  Lc  zf_driver_uart.o [49]
Cy_SysClk_GetCoreFrequency
                        0x1008'3c4d   0x2a  Code  Gb  cy_sysclk.o [33]
Cy_SysClk_GetEcoFrequency
                        0x1008'3755   0x32  Code  Gb  cy_sysclk.o [33]
Cy_SysClk_GetExtFrequency
                        0x1008'3789   0x1e  Code  Gb  cy_sysclk.o [33]
Cy_SysClk_GetFast0Frequency
                        0x1008'3ba1   0x56  Code  Gb  cy_sysclk.o [33]
Cy_SysClk_GetFast1Frequency
                        0x1008'3bf7   0x56  Code  Gb  cy_sysclk.o [33]
Cy_SysClk_GetFllInputFrequency
                        0x1008'38a9    0xc  Code  Gb  cy_sysclk.o [33]
Cy_SysClk_GetFllOutputFrequency
                        0x1008'38d1   0x78  Code  Gb  cy_sysclk.o [33]
Cy_SysClk_GetHfClkFrequency
                        0x1008'3b23   0x7a  Code  Gb  cy_sysclk.o [33]
Cy_SysClk_GetIlo0Frequency
                        0x1008'37a7   0x32  Code  Gb  cy_sysclk.o [33]
Cy_SysClk_GetIlo1Frequency
                        0x1008'37d9   0x32  Code  Gb  cy_sysclk.o [33]
Cy_SysClk_GetImoFrequency
                        0x1008'3723   0x32  Code  Gb  cy_sysclk.o [33]
Cy_SysClk_GetPathFrequency
                        0x1008'3af1   0x32  Code  Gb  cy_sysclk.o [33]
Cy_SysClk_GetPathSourceFrequency
                        0x1008'3845   0x64  Code  Gb  cy_sysclk.o [33]
Cy_SysClk_GetPll400MNo  0x1008'341d   0x14  Code  Lc  cy_sysclk.o [33]
Cy_SysClk_GetPllInputFrequency
                        0x1008'38b5   0x1c  Code  Gb  cy_sysclk.o [33]
Cy_SysClk_GetPllNo      0x1008'33e1   0x12  Code  Lc  cy_sysclk.o [33]
Cy_SysClk_GetPllOutputFrequency
                        0x1008'394d  0x1a0  Code  Gb  cy_sysclk.o [33]
Cy_SysClk_GetWcoFrequency
                        0x1008'380b   0x32  Code  Gb  cy_sysclk.o [33]
Cy_SysClk_HfClockGetDivider
                        0x1008'34bf   0x42  Code  Lc  cy_sysclk.o [33]
Cy_SysClk_HfClockGetSource
                        0x1008'346b   0x54  Code  Lc  cy_sysclk.o [33]
Cy_SysClk_InitGetFreqParams
                        0x1008'3709   0x1a  Code  Gb  cy_sysclk.o [33]
Cy_SysClk_PeriphAssignDivider
                        0x1008'4f61   0x68  Code  Lc  zf_driver_delay.o [49]
Cy_SysClk_PeriphAssignDivider
                        0x1008'3e73   0x6a  Code  Lc  zf_driver_encoder.o [49]
Cy_SysClk_PeriphAssignDivider
                        0x1008'5239   0x68  Code  Lc  zf_driver_pit.o [49]
Cy_SysClk_PeriphAssignDivider
                        0x1008'0137   0x6a  Code  Lc  zf_driver_pwm.o [49]
Cy_SysClk_PeriphAssignDivider
                        0x1008'187d   0x6a  Code  Lc  zf_driver_uart.o [49]
Cy_SysClk_PeriphEnableDivider
                        0x1008'4fc9   0x4c  Code  Lc  zf_driver_delay.o [49]
Cy_SysClk_PeriphEnableDivider
                        0x1008'3edd   0x4e  Code  Lc  zf_driver_encoder.o [49]
Cy_SysClk_PeriphEnableDivider
                        0x1008'52a1   0x4c  Code  Lc  zf_driver_pit.o [49]
Cy_SysClk_PeriphEnableDivider
                        0x1008'01a1   0x4e  Code  Lc  zf_driver_pwm.o [49]
Cy_SysClk_PeriphEnableDivider
                        0x1008'18e7   0x4e  Code  Lc  zf_driver_uart.o [49]
Cy_SysClk_PeriphSetDivider
                        0x1008'4edb   0x7e  Code  Lc  zf_driver_delay.o [49]
Cy_SysClk_PeriphSetDivider
                        0x1008'3de9   0x82  Code  Lc  zf_driver_encoder.o [49]
Cy_SysClk_PeriphSetDivider
                        0x1008'51b3   0x7e  Code  Lc  zf_driver_pit.o [49]
Cy_SysClk_PeriphSetDivider
                        0x1008'00ad   0x82  Code  Lc  zf_driver_pwm.o [49]
Cy_SysClk_PeriphSetFracDivider
                        0x1008'17bd   0xb8  Code  Lc  zf_driver_uart.o [49]
Cy_SysClk_Pll400MGetConfiguration
                        0x1008'3675   0x84  Code  Gb  cy_sysclk.o [33]
Cy_SysClk_Pll400MGetLockStatus
                        0x1008'3431   0x2a  Code  Lc  cy_sysclk.o [33]
Cy_SysClk_PllGetConfiguration
                        0x1008'3621   0x48  Code  Gb  cy_sysclk.o [33]
Cy_SysClk_PllGetLockStatus
                        0x1008'33f3   0x28  Code  Lc  cy_sysclk.o [33]
Cy_SysClk_WcoOkay       0x1008'345d    0xe  Code  Lc  cy_sysclk.o [33]
Cy_SysInt_InitIRQ       0x1008'3209   0x7e  Code  Gb  cy_sysint.o [35]
Cy_SysInt_SetSystemIrqVector
                        0x1008'3287   0x12  Code  Gb  cy_sysint.o [35]
Cy_SysInt_SystemIrqUserTableRamPointer
                        0x2802'06ec    0x4  Data  Gb  cy_interrupt_map.o [23]
Cy_SysLib_DelayCycles   0x1008'7001         Code  Gb  cy_syslib_iar.o [36]
Cy_SysLib_EnterCriticalSection
                        0x1008'7011         Code  Gb  cy_syslib_iar.o [36]
Cy_SysLib_ExitCriticalSection
                        0x1008'7019         Code  Gb  cy_syslib_iar.o [36]
Cy_SysLib_FaultHandler  0x1008'3d15   0x90  Code  Gb  cy_syslib.o [36]
Cy_SysLib_Halt          0x1008'3d11    0x4  Code  Gb  cy_syslib.o [36]
Cy_SysLib_ProcessingFault
                        0x1008'3db9    0x2  Code  Wk  cy_syslib.o [36]
Cy_SysLib_SvcHandler    0x1008'717d    0xc  Code  Wk  cy_syslib.o [36]
Cy_SystemInitFpuEnable  0x1008'5bd1   0x1e  Code  Gb  system_tviibh4m_cm7.o [22]
Cy_SystemIrqUserTable   0x2802'0000  0x6ec  Data  Gb  cy_interrupt_map.o [23]
Cy_Tcpwm_Counter_ClearTC_Intr
                        0x1008'4367   0x10  Code  Gb  cy_tcpwm_counter.o [43]
Cy_Tcpwm_Counter_Enable
                        0x1008'4349    0xa  Code  Gb  cy_tcpwm_counter.o [43]
Cy_Tcpwm_Counter_GetCounter
                        0x1008'4357    0x4  Code  Gb  cy_tcpwm_counter.o [43]
Cy_Tcpwm_Counter_Init   0x1008'41c9  0x16c  Code  Gb  cy_tcpwm_counter.o [43]
Cy_Tcpwm_Counter_SetCounter
                        0x1008'4353    0x4  Code  Gb  cy_tcpwm_counter.o [43]
Cy_Tcpwm_Counter_SetTC_IntrMask
                        0x1008'435b    0xc  Code  Gb  cy_tcpwm_counter.o [43]
Cy_Tcpwm_Pwm_Enable     0x1008'1765    0xa  Code  Gb  cy_tcpwm_pwm.o [43]
Cy_Tcpwm_Pwm_Init       0x1008'1565  0x1e4  Code  Gb  cy_tcpwm_pwm.o [43]
Cy_Tcpwm_QuadDec_DeInit
                        0x1008'45f5   0x3e  Code  Gb  cy_tcpwm_quaddec.o [43]
Cy_Tcpwm_QuadDec_Enable
                        0x1008'4633    0xa  Code  Gb  cy_tcpwm_quaddec.o [43]
Cy_Tcpwm_QuadDec_GetCounter
                        0x1008'4641    0x4  Code  Gb  cy_tcpwm_quaddec.o [43]
Cy_Tcpwm_QuadDec_Init   0x1008'44b5  0x12a  Code  Gb  cy_tcpwm_quaddec.o [43]
Cy_Tcpwm_QuadDec_SetCounter
                        0x1008'463d    0x4  Code  Gb  cy_tcpwm_quaddec.o [43]
Cy_Tcpwm_TriggerReloadOrIndex
                        0x1008'177b    0xc  Code  Gb  cy_tcpwm.o [43]
Cy_Tcpwm_TriggerStart   0x1008'176f    0xc  Code  Gb  cy_tcpwm.o [43]
Cy_u32StartupStackEndAddress
                        0x1008'6b0c         Data  Gb  startup_cm7.o [31]
Cy_u32StartupStackStartAddress
                        0x1008'6b08         Data  Gb  startup_cm7.o [31]
DebugMon_Handler        0x1008'7255         Code  Wk  startup_cm7.o [31]
Diff_Data               0x2802'0e70    0x4  Data  Gb  monitor_re.o [5]
Encoder_1Data           0x2802'0eaa    0x2  Data  Gb  encoder.o [5]
Encoder_1DataRead       0x2802'0ea4    0x2  Data  Gb  encoder.o [5]
Encoder_2Data           0x2802'0eac    0x2  Data  Gb  encoder.o [5]
Encoder_2DataRead       0x2802'0ea6    0x2  Data  Gb  encoder.o [5]
Encoder_Init            0x1008'652d   0x18  Code  Gb  encoder.o [5]
Encoder_SpeedRead       0x1008'6545   0xee  Code  Gb  encoder.o [5]
Encoder_dataPointer     0x2802'0ea8    0x2  Data  Gb  encoder.o [5]
Encoder_filterWeight    0x2802'06f0   0x10  Data  Gb  encoder.o [5]
Encoder_leftFilter      0x2802'0e48    0xc  Data  Gb  encoder.o [5]
Encoder_readFinishStatus
                        0x2802'0eb7    0x1  Data  Gb  encoder.o [5]
Encoder_rightFilter     0x2802'0e54    0xc  Data  Gb  encoder.o [5]
ExecCallback            0x1008'557f   0x9a  Code  Lc  cy_ipc_pipe.o [15]
HEAP_STACK$$Base        0x2807'e000          --   Gb  - Linker created -
HEAP_STACK$$Limit       0x2808'0000          --   Gb  - Linker created -
HardFault_Handler       0x1008'6fbd         Code  Wk  startup_cm7.o [31]
InitEndpoint            0x1008'5517   0x38  Code  Lc  cy_ipc_pipe.o [15]
InitRamEcc              0x1008'596b  0x100  Code  Lc  startup.o [31]
InitRamEccClearArea     0x1008'5a6b   0x12  Code  Lc  startup.o [31]
MemManage_Handler       0x1008'7249         Code  Wk  startup_cm7.o [31]
Monitor_Data            0x2802'0eb2    0x2  Data  Gb  monitor_re.o [5]
Monitor_DataRead        0x2802'0eae    0x2  Data  Gb  monitor_re.o [5]
Monitor_Filter          0x2802'0e60    0xc  Data  Gb  monitor_re.o [5]
Monitor_ReRead          0x1008'6743   0x88  Code  Gb  monitor_re.o [5]
Monitor_dataPointer     0x2802'0eb0    0x2  Data  Gb  monitor_re.o [5]
Monitor_filterWeight    0x2802'0700   0x10  Data  Gb  monitor_re.o [5]
Monitor_readFinishStatus
                        0x2802'0ebb    0x1  Data  Gb  monitor_re.o [5]
Motor1_D_PID            0x2802'0c88   0x30  Data  Gb  motor.o [5]
Motor1_D_PID_Set        0x1008'4bdf    0xa  Code  Gb  motor.o [5]
Motor1_PID              0x2802'0c28   0x30  Data  Gb  motor.o [5]
Motor1_PID_Set          0x1008'4b19    0xa  Code  Gb  motor.o [5]
Motor1_PIDwork          0x1008'4bf3   0x34  Code  Gb  motor.o [5]
Motor1_target           0x2802'0e74    0x4  Data  Gb  motor.o [5]
Motor2_D_PID            0x2802'0cb8   0x30  Data  Gb  motor.o [5]
Motor2_D_PID_Set        0x1008'4be9    0xa  Code  Gb  motor.o [5]
Motor2_PID              0x2802'0c58   0x30  Data  Gb  motor.o [5]
Motor2_PID_Set          0x1008'4b23    0xa  Code  Gb  motor.o [5]
Motor2_PIDwork          0x1008'4c27   0x34  Code  Gb  motor.o [5]
Motor2_target           0x2802'0e78    0x4  Data  Gb  motor.o [5]
Motor_Diff              0x1008'4b2d   0xa8  Code  Gb  motor.o [5]
Motor_Diff_PID          0x2802'0ce8   0x30  Data  Gb  motor.o [5]
Motor_Diff_PID_Set      0x1008'4bd5    0xa  Code  Gb  motor.o [5]
Motor_Init              0x1008'49a5   0x34  Code  Gb  motor.o [5]
Motor_PID_Init          0x1008'4a55   0xc4  Code  Gb  motor.o [5]
Motor_SetSpeed          0x1008'49d9   0x7a  Code  Gb  motor.o [5]
Motor_target            0x2802'0710    0x4  Data  Gb  motor.o [5]
NMI_Handler             0x1008'7245         Code  Wk  startup_cm7.o [31]
OSC_Init                0x1008'64c5   0x10  Code  Gb  osc.o [5]
OSC_Send                0x1008'64d5   0x34  Code  Gb  osc.o [5]
PID_IncrementalPID      0x1008'4e15   0x9a  Code  Gb  pid.o [5]
PID_Init                0x1008'4cad   0x32  Code  Gb  pid.o [5]
PID_PostionalPID        0x1008'4d0d  0x104  Code  Gb  pid.o [5]
PID_SetParameter        0x1008'4cdf   0x2e  Code  Gb  pid.o [5]
PendSV_Handler          0x1008'7259         Code  Wk  startup_cm7.o [31]
Region$$Table$$Base     0x1008'6f9c          --   Gb  - Linker created -
Region$$Table$$Limit    0x1008'6fbc          --   Gb  - Linker created -
Reset_Handler           0x1008'6a61         Code  Wk  startup_cm7.o [31]
SVC_Handler             0x1008'7071         Code  Wk  startup_cm7.o [31]
Startup_Init            0x1008'58dd   0x8e  Code  Gb  startup.o [31]
SysTick_Handler         0x1008'725d         Code  Wk  startup_cm7.o [31]
SystemCoreClock         0x2802'0e7c    0x4  Data  Gb  system_tviibh4m_cm7.o [22]
SystemCoreClockUpdate   0x1008'5b3d   0x94  Code  Gb  system_tviibh4m_cm7.o [22]
SystemInit              0x1008'5ae1   0x5c  Code  Gb  system_tviibh4m_cm7.o [22]
UART_Init               0x1008'6659   0x26  Code  Gb  uart.o [5]
UsageFault_Handler      0x1008'7251         Code  Wk  startup_cm7.o [31]
WLUART_Init             0x1008'6511   0x1a  Code  Gb  wluart.o [5]
_LC                     0x1008'2c71    0x6  Code  Lc  xprintfsmall_nomb.o [50]
_LitobSmallNoMb         0x1008'303b   0xd0  Code  Lc  xprintfsmall_nomb.o [50]
_PrintfSmallNoMb        0x1008'2c79  0x3b6  Code  Gb  xprintfsmall_nomb.o [50]
_Prout                  0x1008'70f1   0x16  Code  Gb  xprout.o [50]
_PutcharsSmallNoMb      0x1008'310b   0x2e  Code  Lc  xprintfsmall_nomb.o [50]
_SProut                 0x1008'1787    0xa  Code  Gb  xsprout.o [50]
__NVIC_ClearPendingIRQ  0x1008'61b1   0x1c  Code  Lc  cy_interrupt_map.o [23]
__NVIC_ClearPendingIRQ  0x1008'265d   0x1c  Code  Lc  zf_common_interrupt.o [46]
__NVIC_ClearPendingIRQ  0x1008'66a5   0x1c  Code  Lc  zf_driver_ipc.o [49]
__NVIC_EnableIRQ        0x1008'2641   0x1c  Code  Lc  zf_common_interrupt.o [46]
__NVIC_EnableIRQ        0x1008'6689   0x1c  Code  Lc  zf_driver_ipc.o [49]
__NVIC_SetPriority      0x1008'2679   0x24  Code  Lc  zf_common_interrupt.o [46]
__Vectors               0x1008'0000          --   Gb  startup_cm7.o [31]
__Vectors_End           0x1008'0080         Data  Gb  startup_cm7.o [31]
__Vectors_Size {Abs}           0x80          --   Gb  startup_cm7.o [31]
__aeabi_ldiv0           0x1008'32e9         Code  Gb  I64DivZer.o [52]
__aeabi_memclr4         0x1008'2725         Code  Gb  ABImemclr4.o [52]
__aeabi_memcpy          0x1008'3161         Code  Gb  ABImemcpy.o [52]
__aeabi_memcpy4         0x1008'3181         Code  Gb  ABImemcpy.o [52]
__aeabi_memcpy8         0x1008'3181         Code  Gb  ABImemcpy.o [52]
__aeabi_memset          0x1008'12ed         Code  Gb  ABImemset.o [52]
__aeabi_uldivmod        0x1008'272d         Code  Gb  I64DivMod.o [52]
__cmain                 0x1008'7021         Code  Gb  cmain.o [52]
__ecc_init_dtcm_end_address {Abs}
                        0x2000'3fff         Data  Gb  <internal module>
__ecc_init_dtcm_start_address {Abs}
                        0x2000'0000         Data  Gb  <internal module>
__ecc_init_itcm_end_address {Abs}
                             0x3fff         Data  Gb  <internal module>
__ecc_init_itcm_start_address {Abs}
                                0x0         Data  Gb  <internal module>
__ecc_init_sram_end_address {Abs}
                        0x2807'ffff         Data  Gb  <internal module>
__ecc_init_sram_start_address {Abs}
                        0x2802'0000         Data  Gb  <internal module>
__exit                  0x1008'33a5   0x14  Code  Gb  exit.o [53]
__iar_Fail_s            0x1008'3305   0x1c  Code  Gb  xfail_s.o [50]
__iar_Memchr            0x1008'3345         Code  Gb  memchr.o [52]
__iar_Memset            0x1008'12ed         Code  Gb  ABImemset.o [52]
__iar_Memset4_word      0x1008'32b5         Code  Gb  ABImemset48.o [52]
__iar_Memset8_word      0x1008'32b5         Code  Gb  ABImemset48.o [52]
__iar_Memset_word       0x1008'12f5         Code  Gb  ABImemset.o [52]
__iar_Strchr            0x1008'32ed         Code  Gb  strchr.o [52]
__iar_data_init3        0x1008'6f51   0x28  Code  Gb  data_init.o [52]
__iar_init_vfp          0x1008'6f79         Code  Gb  fpinit_M.o [51]
__iar_lz77_init_single3
                        0x1008'1353   0x7e  Code  Gb  lz77_init_single.o [52]
__iar_program_start     0x1008'708d         Code  Gb  cstartup_M.o [52]
__iar_zero_init3        0x1008'6f19   0x38  Code  Gb  zero_init3.o [52]
__low_level_init        0x1008'7041         Code  Gb  startup_cm7.o [31]
__ramVectors            0x2802'0f00         Data  Gb  startup_cm7.o [31]
__vector_table          0x1008'0000         Data  Gb  startup_cm7.o [31]
__vector_table_0x1c     0x1008'001c         Data  Gb  startup_cm7.o [31]
__write                 0x1008'11d9   0x12  Code  Gb  zf_common_debug.o [46]
_call_main              0x1008'702d         Code  Gb  cmain.o [52]
_exit                   0x1008'7049         Code  Gb  cexit.o [52]
abort                   0x1008'339d    0x6  Code  Gb  abort.o [50]
assert_interrupt_config
                        0x1008'26d5    0xc  Code  Gb  zf_common_interrupt.o [46]
bluetooth_ch9141_fifo   0x2802'0dbc   0x18  Data  Lc  zf_device_bluetooth_ch9141.o [48]
bluetooth_ch9141_read_buffer
                        0x1008'6b77   0x2c  Code  Gb  zf_device_bluetooth_ch9141.o [48]
bluetooth_ch9141_send_buffer
                        0x1008'6b11   0x66  Code  Gb  zf_device_bluetooth_ch9141.o [48]
clock_init              0x1008'64a9   0x16  Code  Gb  zf_common_clock.o [46]
cs_pin_save             0x2802'0e9c    0x4  Data  Gb  zf_driver_spi.o [49]
cy_assertFileName       0x2802'0d74   0x18  Data  Gb  cy_syslib.o [36]
cy_assertLine           0x2802'0e6c    0x4  Data  Gb  cy_syslib.o [36]
cy_delay32kMs           0x2802'0e8c    0x4  Data  Gb  system_tviibh4m_cm7.o [22]
cy_delayFreqHz          0x2802'0e80    0x4  Data  Gb  system_tviibh4m_cm7.o [22]
cy_delayFreqKhz         0x2802'0e84    0x4  Data  Gb  system_tviibh4m_cm7.o [22]
cy_delayFreqMhz         0x2802'0e88    0x4  Data  Gb  system_tviibh4m_cm7.o [22]
cy_faultFrame           0x2802'0ab0   0x70  Data  Gb  cy_syslib.o [36]
cy_ipc_pipe_callbackArray
                        0x2802'0d3c   0x20  Data  Lc  cy_ipc_pipe.o [15]
cy_ipc_pipe_drvInitialized
                        0x2802'0eb5    0x1  Data  Lc  cy_ipc_pipe.o [15]
cy_ipc_pipe_epCfgStatus
                        0x2802'0b20   0x48  Data  Lc  cy_ipc_pipe.o [15]
cy_ipc_pipe_epForThisCpu
                        0x2802'0eb4    0x1  Data  Lc  cy_ipc_pipe.o [15]
debug_assert_handler    0x1008'11eb   0x3c  Code  Gb  zf_common_debug.o [46]
debug_assert_handler::assert_nest_index
                        0x2802'0ebe    0x1  Data  Lc  zf_common_debug.o [46]
debug_delay             0x1008'0e99   0x36  Code  Lc  zf_common_debug.o [46]
debug_info_init         0x1008'1271   0x18  Code  Gb  zf_common_debug.o [46]
debug_init              0x1008'1289   0x2a  Code  Gb  zf_common_debug.o [46]
debug_interrupr_handler
                        0x1008'11b9   0x20  Code  Gb  zf_common_debug.o [46]
debug_output            0x1008'0edb  0x2bc  Code  Lc  zf_common_debug.o [46]
debug_output_info       0x2802'0e34   0x14  Data  Lc  zf_common_debug.o [46]
debug_output_init       0x1008'1247   0x2a  Code  Gb  zf_common_debug.o [46]
debug_output_struct_init
                        0x1008'1227   0x20  Code  Gb  zf_common_debug.o [46]
debug_read_ring_buffer  0x1008'11a7   0x12  Code  Gb  zf_common_debug.o [46]
debug_send_buffer       0x1008'1197   0x10  Code  Gb  zf_common_debug.o [46]
debug_uart_buffer       0x2802'0ba8   0x40  Data  Gb  zf_common_debug.o [46]
debug_uart_data         0x2802'0ebd    0x1  Data  Gb  zf_common_debug.o [46]
debug_uart_fifo         0x2802'0da4   0x18  Data  Gb  zf_common_debug.o [46]
debug_uart_str_output   0x1008'0ecf    0xc  Code  Lc  zf_common_debug.o [46]
delay_clk               0x2802'0780    0x2  Data  Lc  zf_driver_delay.o [49]
divNumLocator           0x1008'7188    0x8  Data  Gb  cy_sysclk.o [33]
encoder_clear_count     0x1008'4023   0x2e  Code  Gb  zf_driver_encoder.o [49]
encoder_clk             0x2802'0724    0x8  Data  Gb  zf_driver_encoder.o [49]
encoder_get_count       0x1008'3fc3   0x60  Code  Gb  zf_driver_encoder.o [49]
encoder_mode            0x2802'0e98    0x4  Data  Lc  zf_driver_encoder.o [49]
encoder_module          0x2802'072c   0x10  Data  Gb  zf_driver_encoder.o [49]
encoder_quad_init       0x1008'4051  0x15a  Code  Gb  zf_driver_encoder.o [49]
exit                    0x1008'7045    0x4  Code  Gb  exit.o [50]
fifo_clear              0x1008'2065   0x74  Code  Gb  zf_common_fifo.o [46]
fifo_end_offset         0x1008'204b   0x1a  Code  Lc  zf_common_fifo.o [46]
fifo_head_offset        0x1008'2031   0x1a  Code  Lc  zf_common_fifo.o [46]
fifo_init               0x1008'2601   0x3a  Code  Gb  zf_common_fifo.o [46]
fifo_read_buffer        0x1008'229b  0x1a0  Code  Gb  zf_common_fifo.o [46]
fifo_read_tail_buffer   0x1008'243b  0x1c6  Code  Gb  zf_common_fifo.o [46]
fifo_used               0x1008'20d9   0x22  Code  Gb  zf_common_fifo.o [46]
fifo_write_buffer       0x1008'20fb  0x1a0  Code  Gb  zf_common_fifo.o [46]
func_int_to_str         0x1008'5e39   0x86  Code  Gb  zf_common_function.o [46]
get_ch1_hsiom           0x1008'3f51   0x26  Code  Lc  zf_driver_encoder.o [49]
get_ch1_pin             0x1008'3f2b   0x26  Code  Lc  zf_driver_encoder.o [49]
get_ch2_hsiom           0x1008'3f9d   0x26  Code  Lc  zf_driver_encoder.o [49]
get_ch2_pin             0x1008'3f77   0x26  Code  Lc  zf_driver_encoder.o [49]
get_pwm_ch              0x1008'08c9  0x368  Code  Lc  zf_driver_pwm.o [49]
get_pwm_pin             0x1008'01ef  0x368  Code  Lc  zf_driver_pwm.o [49]
get_pwm_pin_hsiom       0x1008'0557  0x36a  Code  Lc  zf_driver_pwm.o [49]
get_scb_module          0x1008'1aef   0x44  Code  Gb  zf_driver_uart.o [49]
get_uart_config         0x1008'19a3  0x14c  Code  Lc  zf_driver_uart.o [49]
gnss_flag               0x2802'0ebf    0x1  Data  Gb  zf_device_gnss.o [48]
gnss_gga_state          0x2802'0ec1    0x1  Data  Lc  zf_device_gnss.o [48]
gnss_receiver_fifo      0x2802'0dd4   0x18  Data  Lc  zf_device_gnss.o [48]
gnss_rmc_state          0x2802'0ec2    0x1  Data  Lc  zf_device_gnss.o [48]
gnss_state              0x2802'0ec0    0x1  Data  Lc  zf_device_gnss.o [48]
gnss_ths_state          0x2802'0ec3    0x1  Data  Lc  zf_device_gnss.o [48]
gnss_uart_callback      0x1008'6071   0xe2  Code  Gb  zf_device_gnss.o [48]
gpio_get_level          0x1008'43e5   0x22  Code  Gb  zf_driver_gpio.o [49]
gpio_init               0x1008'4427   0x88  Code  Gb  zf_driver_gpio.o [49]
gpio_set_level          0x1008'43a1   0x44  Code  Gb  zf_driver_gpio.o [49]
gpio_toggle_level       0x1008'4407   0x20  Code  Gb  zf_driver_gpio.o [49]
gps_gga_buffer          0x2802'0930   0x80  Data  Lc  zf_device_gnss.o [48]
gps_rmc_buffer          0x2802'09b0   0x80  Data  Lc  zf_device_gnss.o [48]
gps_ths_buffer          0x2802'0a30   0x80  Data  Lc  zf_device_gnss.o [48]
intFreqInitialized      0x2802'0eb6    0x1  Data  Gb  cy_sysclk.o [33]
internalBaseFreqInfo    0x2802'0d5c   0x18  Data  Gb  cy_sysclk.o [33]
interrupt_global_disable
                        0x1008'26ad   0x14  Code  Gb  zf_common_interrupt.o [46]
interrupt_global_enable
                        0x1008'269d   0x10  Code  Gb  zf_common_interrupt.o [46]
interrupt_global_flag   0x2802'0e94    0x4  Data  Lc  zf_common_interrupt.o [46]
interrupt_init          0x1008'26ed   0x36  Code  Gb  zf_common_interrupt.o [46]
interrupt_set_priority  0x1008'26e1    0xc  Code  Gb  zf_common_interrupt.o [46]
ipc_communicate_init    0x1008'66cf   0x52  Code  Gb  zf_driver_ipc.o [49]
ipc_default_callback    0x1008'66c1    0x2  Code  Lc  zf_driver_ipc.o [49]
ipc_port_save           0x2802'0ec7    0x1  Data  Gb  zf_driver_ipc.o [49]
ipc_received_callback   0x1008'66c3    0xc  Code  Gb  zf_driver_ipc.o [49]
main                    0x1008'6349  0x160  Code  Gb  main_cm7_0.o [45]
memchr                  0x1008'3345         Code  Gb  memchr.o [52]
my_ipc_callback         0x1008'673d    0x6  Code  Gb  monitor_re.o [5]
oscilloscope_data       0x2802'0d18   0x24  Data  Gb  osc.o [5]
pit0_ch0_isr            0x1008'5ee5   0x16  Code  Gb  cm7_0_isr.o [45]
pit0_ch1_isr            0x1008'5efb   0x10  Code  Gb  cm7_0_isr.o [45]
pit0_ch2_isr            0x1008'5f0b   0x10  Code  Gb  cm7_0_isr.o [45]
pit_00_state            0x2802'0eb8    0x1  Data  Gb  main_cm7_0.o [45]
pit_01_state            0x2802'0eb9    0x1  Data  Gb  main_cm7_0.o [45]
pit_02_state            0x2802'0eba    0x1  Data  Gb  main_cm7_0.o [45]
pit_init                0x1008'52fd   0xec  Code  Gb  zf_driver_pit.o [49]
pit_isr_flag_clear      0x1008'52ed   0x10  Code  Gb  zf_driver_pit.o [49]
pit_isr_func            0x2802'0740    0xc  Data  Gb  zf_driver_pit.o [49]
printf                  0x1008'68f5   0x28  Code  Gb  printf.o [50]
putchar                 0x1008'6fdd   0x20  Code  Gb  putchar.o [50]
pwm_all_channel_close   0x1008'0c31   0x1a  Code  Gb  zf_driver_pwm.o [49]
pwm_init                0x1008'0ca5  0x1e4  Code  Gb  zf_driver_pwm.o [49]
pwm_set_duty            0x1008'0c4b   0x5a  Code  Gb  zf_driver_pwm.o [49]
scb_module              0x2802'076c   0x14  Data  Gb  zf_driver_uart.o [49]
sec_hand                0x2802'0ea0    0x4  Data  Lc  xfail_s.o [50]
seekfree_assistant_interface_init
                        0x1008'67e9   0x90  Code  Wk  seekfree_assistant_interface.o [47]
seekfree_assistant_oscilloscope_send
                        0x1008'6891   0x5c  Code  Gb  seekfree_assistant.o [47]
seekfree_assistant_receive
                        0x1008'7241    0x4  Code  Wk  seekfree_assistant_interface.o [47]
seekfree_assistant_receive_callback
                        0x2802'0718    0x4  Data  Gb  seekfree_assistant.o [47]
seekfree_assistant_sum  0x1008'6879   0x18  Code  Lc  seekfree_assistant.o [47]
seekfree_assistant_transfer
                        0x1008'723d    0x4  Code  Wk  seekfree_assistant_interface.o [47]
seekfree_assistant_transfer_callback
                        0x2802'0714    0x4  Data  Gb  seekfree_assistant.o [47]
set_wireless_type       0x1008'6a1f   0x32  Code  Gb  zf_device_type.o [48]
spi_module              0x2802'074c    0xc  Data  Gb  zf_driver_spi.o [49]
spi_transfer_8bit       0x1008'48c9   0xc8  Code  Gb  zf_driver_spi.o [49]
spi_write_8bit_array    0x1008'4807   0xb6  Code  Gb  zf_driver_spi.o [49]
sprintf                 0x1008'1ff1   0x40  Code  Gb  sprintf.o [50]
strchr                  0x1008'32ed         Code  Gb  strchr.o [52]
strlen                  0x1008'1fb9         Code  Gb  strlen.o [52]
strncmp                 0x1008'6185   0x2a  Code  Gb  strncmp.o [50]
strncpy                 0x1008'3ca1         Code  Gb  strncpy.o [52]
strstr                  0x1008'5e0d   0x2c  Code  Gb  strstr.o [50]
switch_transition_length
                        0x1008'46cb  0x13c  Code  Lc  zf_driver_spi.o [49]
system_clock            0x2802'0e90    0x4  Data  Gb  zf_common_clock.o [46]
system_delay_init       0x1008'50c9   0xa6  Code  Gb  zf_driver_delay.o [49]
system_delay_ms         0x1008'506b   0x5e  Code  Gb  zf_driver_delay.o [49]
system_delay_us         0x1008'5015   0x56  Code  Gb  zf_driver_delay.o [49]
timer_ch                0x2802'0783    0x1  Data  Lc  zf_driver_delay.o [49]
type_default_callback   0x1008'6a1d    0x2  Code  Lc  zf_device_type.o [48]
uart0_isr               0x1008'5f1b   0x40  Code  Gb  cm7_0_isr.o [45]
uart1_isr               0x1008'5f5b   0x42  Code  Gb  cm7_0_isr.o [45]
uart2_isr               0x1008'5f9d   0x40  Code  Gb  cm7_0_isr.o [45]
uart3_isr               0x1008'5fdd   0x3c  Code  Gb  cm7_0_isr.o [45]
uart4_isr               0x1008'6019   0x42  Code  Gb  cm7_0_isr.o [45]
uart_context            0x2802'0784  0x118  Data  Gb  zf_driver_uart.o [49]
uart_data_fifo          0x2802'0d8c   0x18  Data  Gb  uart.o [5]
uart_get_data           0x2802'0b68   0x40  Data  Gb  uart.o [5]
uart_init               0x1008'1de1  0x190  Code  Gb  zf_driver_uart.o [49]
uart_isr_func           0x2802'0758   0x14  Data  Gb  zf_driver_uart.o [49]
uart_query_byte         0x1008'1b95   0x32  Code  Gb  zf_driver_uart.o [49]
uart_receiver_handler   0x2802'0720    0x4  Data  Gb  zf_device_type.o [48]
uart_rx_interrupt       0x1008'1ce3   0xfe  Code  Gb  zf_driver_uart.o [49]
uart_tx_interrupt       0x1008'1bc7  0x11c  Code  Gb  zf_driver_uart.o [49]
uart_write_buffer       0x1008'1b5b   0x1e  Code  Gb  zf_driver_uart.o [49]
uart_write_byte         0x1008'1b33   0x28  Code  Gb  zf_driver_uart.o [49]
uart_write_string       0x1008'1b79   0x1c  Code  Gb  zf_driver_uart.o [49]
user_callback           0x2802'073c    0x4  Data  Gb  zf_driver_ipc.o [49]
wifi_spi_fifo           0x2802'0dec   0x18  Data  Lc  zf_device_wifi_spi.o [48]
wifi_spi_mutex          0x2802'0ec5    0x1  Data  Lc  zf_device_wifi_spi.o [48]
wifi_spi_read_buffer    0x1008'5841   0x90  Code  Gb  zf_device_wifi_spi.o [48]
wifi_spi_send_buffer    0x1008'5779   0xc8  Code  Gb  zf_device_wifi_spi.o [48]
wifi_spi_transfer_command
                        0x1008'56d3   0x3a  Code  Lc  zf_device_wifi_spi.o [48]
wifi_spi_transfer_data  0x1008'570d   0x6c  Code  Lc  zf_device_wifi_spi.o [48]
wifi_spi_wait_idle      0x1008'56a5   0x2e  Code  Lc  zf_device_wifi_spi.o [48]
wifi_uart_clear_receive_buffer
                        0x1008'5caf    0xc  Code  Lc  zf_device_wifi_uart.o [48]
wifi_uart_fifo          0x2802'0e04   0x18  Data  Lc  zf_device_wifi_uart.o [48]
wifi_uart_information   0x2802'089c   0x94  Data  Gb  zf_device_wifi_uart.o [48]
wifi_uart_read_buffer   0x1008'5dbd   0x2e  Code  Gb  zf_device_wifi_uart.o [48]
wifi_uart_send_buffer   0x1008'5cc5   0xf2  Code  Gb  zf_device_wifi_uart.o [48]
wifi_uart_wait_ack      0x1008'5c41   0x6e  Code  Lc  zf_device_wifi_uart.o [48]
wireless_module_uart_handler
                        0x2802'071c    0x4  Data  Gb  zf_device_type.o [48]
wireless_type           0x2802'0ec4    0x1  Data  Gb  zf_device_type.o [48]
wireless_uart_buffer    0x2802'0be8   0x40  Data  Lc  zf_device_wireless_uart.o [48]
wireless_uart_callback  0x1008'69ad   0x1c  Code  Gb  zf_device_wireless_uart.o [48]
wireless_uart_data      0x2802'0ec6    0x1  Data  Lc  zf_device_wireless_uart.o [48]
wireless_uart_fifo      0x2802'0e1c   0x18  Data  Lc  zf_device_wireless_uart.o [48]
wireless_uart_init      0x1008'69c9   0x40  Code  Gb  zf_device_wireless_uart.o [48]
wireless_uart_read_buffer
                        0x1008'6981   0x2c  Code  Gb  zf_device_wireless_uart.o [48]
wireless_uart_send_buffer
                        0x1008'691d   0x64  Code  Gb  zf_device_wireless_uart.o [48]
zf_debug_assert_enable  0x2802'0782    0x1  Data  Lc  zf_common_debug.o [46]
zf_debug_init_flag      0x2802'0ebc    0x1  Data  Lc  zf_common_debug.o [46]


[1] = E:\IAR\V1.1.1_25323\Demo\iar\Debug_m7_0\Obj\adc_11722776235721520015.dir
[2] = E:\IAR\V1.1.1_25323\Demo\iar\Debug_m7_0\Obj\audioss_1346650047966882938.dir
[3] = E:\IAR\V1.1.1_25323\Demo\iar\Debug_m7_0\Obj\button_4990804375159372270.dir
[4] = E:\IAR\V1.1.1_25323\Demo\iar\Debug_m7_0\Obj\canfd_1800690984773873875.dir
[5] = E:\IAR\V1.1.1_25323\Demo\iar\Debug_m7_0\Obj\code_17896468042025673432.dir
[6] = E:\IAR\V1.1.1_25323\Demo\iar\Debug_m7_0\Obj\cpu_15938736945165268644.dir
[7] = E:\IAR\V1.1.1_25323\Demo\iar\Debug_m7_0\Obj\crypto_1190170608956581615.dir
[8] = E:\IAR\V1.1.1_25323\Demo\iar\Debug_m7_0\Obj\dma_12106025507578611576.dir
[9] = E:\IAR\V1.1.1_25323\Demo\iar\Debug_m7_0\Obj\eth_phy_18133017486186456677.dir
[10] = E:\IAR\V1.1.1_25323\Demo\iar\Debug_m7_0\Obj\ethernet_6029839089178797009.dir
[11] = E:\IAR\V1.1.1_25323\Demo\iar\Debug_m7_0\Obj\evtgen_3404189088603873129.dir
[12] = E:\IAR\V1.1.1_25323\Demo\iar\Debug_m7_0\Obj\flash_8529866181315662935.dir
[13] = E:\IAR\V1.1.1_25323\Demo\iar\Debug_m7_0\Obj\flash_864493325053435817.dir
[14] = E:\IAR\V1.1.1_25323\Demo\iar\Debug_m7_0\Obj\gpio_3999404635324069351.dir
[15] = E:\IAR\V1.1.1_25323\Demo\iar\Debug_m7_0\Obj\ipc_10145506163450686023.dir
[16] = E:\IAR\V1.1.1_25323\Demo\iar\Debug_m7_0\Obj\lin_18429031207028094880.dir
[17] = E:\IAR\V1.1.1_25323\Demo\iar\Debug_m7_0\Obj\lvd_6353935867039560245.dir
[18] = E:\IAR\V1.1.1_25323\Demo\iar\Debug_m7_0\Obj\mcwdt_4052485907822033969.dir
[19] = E:\IAR\V1.1.1_25323\Demo\iar\Debug_m7_0\Obj\mpu_5663187252346826382.dir
[20] = E:\IAR\V1.1.1_25323\Demo\iar\Debug_m7_0\Obj\power_14453085144426420577.dir
[21] = E:\IAR\V1.1.1_25323\Demo\iar\Debug_m7_0\Obj\prot_10722960861768657883.dir
[22] = E:\IAR\V1.1.1_25323\Demo\iar\Debug_m7_0\Obj\rev_b_4986922561640112550.dir
[23] = E:\IAR\V1.1.1_25323\Demo\iar\Debug_m7_0\Obj\rev_b_6162237342861132223.dir
[24] = E:\IAR\V1.1.1_25323\Demo\iar\Debug_m7_0\Obj\scb_15490842639181808494.dir
[25] = E:\IAR\V1.1.1_25323\Demo\iar\Debug_m7_0\Obj\sd_host_2982766354293506895.dir
[26] = E:\IAR\V1.1.1_25323\Demo\iar\Debug_m7_0\Obj\semihosting_143864889731838620.dir
[27] = E:\IAR\V1.1.1_25323\Demo\iar\Debug_m7_0\Obj\smartio_5451710003740070188.dir
[28] = E:\IAR\V1.1.1_25323\Demo\iar\Debug_m7_0\Obj\smif_427648126384146252.dir
[29] = E:\IAR\V1.1.1_25323\Demo\iar\Debug_m7_0\Obj\smif_mem_6470536964353725183.dir
[30] = E:\IAR\V1.1.1_25323\Demo\iar\Debug_m7_0\Obj\srom_13018798572330080582.dir
[31] = E:\IAR\V1.1.1_25323\Demo\iar\Debug_m7_0\Obj\startup_479057977785470282.dir
[32] = E:\IAR\V1.1.1_25323\Demo\iar\Debug_m7_0\Obj\sw_timer_4215635015939382130.dir
[33] = E:\IAR\V1.1.1_25323\Demo\iar\Debug_m7_0\Obj\sysclk_16149231235676103872.dir
[34] = E:\IAR\V1.1.1_25323\Demo\iar\Debug_m7_0\Obj\sysflt_12293435975120599261.dir
[35] = E:\IAR\V1.1.1_25323\Demo\iar\Debug_m7_0\Obj\sysint_7435970359207984181.dir
[36] = E:\IAR\V1.1.1_25323\Demo\iar\Debug_m7_0\Obj\syslib_16330585751512546975.dir
[37] = E:\IAR\V1.1.1_25323\Demo\iar\Debug_m7_0\Obj\syspm_10887939769544754770.dir
[38] = E:\IAR\V1.1.1_25323\Demo\iar\Debug_m7_0\Obj\sysreghc_17676636058511625587.dir
[39] = E:\IAR\V1.1.1_25323\Demo\iar\Debug_m7_0\Obj\sysreset_14586141425677365288.dir
[40] = E:\IAR\V1.1.1_25323\Demo\iar\Debug_m7_0\Obj\sysrtc_10747768817563771611.dir
[41] = E:\IAR\V1.1.1_25323\Demo\iar\Debug_m7_0\Obj\systick_16016591671695740695.dir
[42] = E:\IAR\V1.1.1_25323\Demo\iar\Debug_m7_0\Obj\syswdt_9118657615806274156.dir
[43] = E:\IAR\V1.1.1_25323\Demo\iar\Debug_m7_0\Obj\tcpwm_422923530147891246.dir
[44] = E:\IAR\V1.1.1_25323\Demo\iar\Debug_m7_0\Obj\trigmux_9729677290734583340.dir
[45] = E:\IAR\V1.1.1_25323\Demo\iar\Debug_m7_0\Obj\user_8514941877209965082.dir
[46] = E:\IAR\V1.1.1_25323\Demo\iar\Debug_m7_0\Obj\zf_common_1201165462030747823.dir
[47] = E:\IAR\V1.1.1_25323\Demo\iar\Debug_m7_0\Obj\zf_components_14936052685886095442.dir
[48] = E:\IAR\V1.1.1_25323\Demo\iar\Debug_m7_0\Obj\zf_device_6570275422786408770.dir
[49] = E:\IAR\V1.1.1_25323\Demo\iar\Debug_m7_0\Obj\zf_driver_11922370083829174090.dir
[50] = dl7M_tln.a
[51] = m7M_tlv.a
[52] = rt7M_tl.a
[53] = shb_l.a
[54] = zf_device_config.a

  28'002 bytes of readonly  code memory
   1'462 bytes of readonly  data memory
  12'104 bytes of readwrite data memory

Errors: none
Warnings: none
