###############################################################################
#
# IAR ELF Linker V9.40.1.364/W64 for ARM                  30/Mar/2025  19:50:45
# Copyright 2007-2023 IAR Systems AB.
#
#    Output file  =
#        E:\IAR\V1.1.1_25323\Demo\iar\Debug_m7_1\Exe\cyt4bb7_cm_7_1.out
#    Map file     =
#        E:\IAR\V1.1.1_25323\Demo\iar\Debug_m7_1\List\cyt4bb7_cm_7_1.map
#    Command line =
#        -f E:\IAR\V1.1.1_25323\Demo\iar\Debug_m7_1\Exe\cyt4bb7_cm_7_1.out.rsp
#        (E:\IAR\V1.1.1_25323\Demo\iar\Debug_m7_1\Obj\user_8514941877209965082.dir\cm7_1_isr.o
#        E:\IAR\V1.1.1_25323\Demo\iar\Debug_m7_1\Obj\code_17896468042025673432.dir\common.o
#        E:\IAR\V1.1.1_25323\Demo\iar\Debug_m7_1\Obj\adc_11722776235721520015.dir\cy_adc.o
#        E:\IAR\V1.1.1_25323\Demo\iar\Debug_m7_1\Obj\button_4990804375159372270.dir\cy_button.o
#        E:\IAR\V1.1.1_25323\Demo\iar\Debug_m7_1\Obj\canfd_1800690984773873875.dir\cy_canfd.o
#        E:\IAR\V1.1.1_25323\Demo\iar\Debug_m7_1\Obj\cpu_15938736945165268644.dir\cy_cpu.o
#        E:\IAR\V1.1.1_25323\Demo\iar\Debug_m7_1\Obj\crypto_1190170608956581615.dir\cy_crypto_config.o
#        E:\IAR\V1.1.1_25323\Demo\iar\Debug_m7_1\Obj\eth_phy_18133017486186456677.dir\cy_dp83867.o
#        E:\IAR\V1.1.1_25323\Demo\iar\Debug_m7_1\Obj\ethernet_6029839089178797009.dir\cy_ethif.o
#        E:\IAR\V1.1.1_25323\Demo\iar\Debug_m7_1\Obj\evtgen_3404189088603873129.dir\cy_evtgen.o
#        E:\IAR\V1.1.1_25323\Demo\iar\Debug_m7_1\Obj\flash_8529866181315662935.dir\cy_flash.o
#        E:\IAR\V1.1.1_25323\Demo\iar\Debug_m7_1\Obj\gpio_3999404635324069351.dir\cy_gpio.o
#        E:\IAR\V1.1.1_25323\Demo\iar\Debug_m7_1\Obj\audioss_1346650047966882938.dir\cy_i2s.o
#        E:\IAR\V1.1.1_25323\Demo\iar\Debug_m7_1\Obj\rev_b_6162237342861132223.dir\cy_interrupt_map.o
#        E:\IAR\V1.1.1_25323\Demo\iar\Debug_m7_1\Obj\ipc_10145506163450686023.dir\cy_ipc_drv.o
#        E:\IAR\V1.1.1_25323\Demo\iar\Debug_m7_1\Obj\ipc_10145506163450686023.dir\cy_ipc_pipe.o
#        E:\IAR\V1.1.1_25323\Demo\iar\Debug_m7_1\Obj\ipc_10145506163450686023.dir\cy_ipc_sema.o
#        E:\IAR\V1.1.1_25323\Demo\iar\Debug_m7_1\Obj\lin_18429031207028094880.dir\cy_lin.o
#        E:\IAR\V1.1.1_25323\Demo\iar\Debug_m7_1\Obj\lvd_6353935867039560245.dir\cy_lvd.o
#        E:\IAR\V1.1.1_25323\Demo\iar\Debug_m7_1\Obj\mcwdt_4052485907822033969.dir\cy_mcwdt.o
#        E:\IAR\V1.1.1_25323\Demo\iar\Debug_m7_1\Obj\dma_12106025507578611576.dir\cy_mdma.o
#        E:\IAR\V1.1.1_25323\Demo\iar\Debug_m7_1\Obj\mpu_5663187252346826382.dir\cy_mpu.o
#        E:\IAR\V1.1.1_25323\Demo\iar\Debug_m7_1\Obj\flash_864493325053435817.dir\cy_mw_flash.o
#        E:\IAR\V1.1.1_25323\Demo\iar\Debug_m7_1\Obj\dma_12106025507578611576.dir\cy_pdma.o
#        E:\IAR\V1.1.1_25323\Demo\iar\Debug_m7_1\Obj\power_14453085144426420577.dir\cy_power.o
#        E:\IAR\V1.1.1_25323\Demo\iar\Debug_m7_1\Obj\prot_10722960861768657883.dir\cy_prot.o
#        E:\IAR\V1.1.1_25323\Demo\iar\Debug_m7_1\Obj\scb_15490842639181808494.dir\cy_scb_common.o
#        E:\IAR\V1.1.1_25323\Demo\iar\Debug_m7_1\Obj\scb_15490842639181808494.dir\cy_scb_ezi2c.o
#        E:\IAR\V1.1.1_25323\Demo\iar\Debug_m7_1\Obj\scb_15490842639181808494.dir\cy_scb_i2c.o
#        E:\IAR\V1.1.1_25323\Demo\iar\Debug_m7_1\Obj\scb_15490842639181808494.dir\cy_scb_spi.o
#        E:\IAR\V1.1.1_25323\Demo\iar\Debug_m7_1\Obj\scb_15490842639181808494.dir\cy_scb_uart.o
#        E:\IAR\V1.1.1_25323\Demo\iar\Debug_m7_1\Obj\sd_host_2982766354293506895.dir\cy_sd_host.o
#        E:\IAR\V1.1.1_25323\Demo\iar\Debug_m7_1\Obj\semihosting_143864889731838620.dir\cy_semihosting.o
#        E:\IAR\V1.1.1_25323\Demo\iar\Debug_m7_1\Obj\smartio_5451710003740070188.dir\cy_smartio.o
#        E:\IAR\V1.1.1_25323\Demo\iar\Debug_m7_1\Obj\smif_427648126384146252.dir\cy_smif.o
#        E:\IAR\V1.1.1_25323\Demo\iar\Debug_m7_1\Obj\smif_mem_6470536964353725183.dir\cy_smif_device_common.o
#        E:\IAR\V1.1.1_25323\Demo\iar\Debug_m7_1\Obj\smif_mem_6470536964353725183.dir\cy_smif_hb_flash.o
#        E:\IAR\V1.1.1_25323\Demo\iar\Debug_m7_1\Obj\smif_427648126384146252.dir\cy_smif_memslot.o
#        E:\IAR\V1.1.1_25323\Demo\iar\Debug_m7_1\Obj\smif_mem_6470536964353725183.dir\cy_smif_s25fl.o
#        E:\IAR\V1.1.1_25323\Demo\iar\Debug_m7_1\Obj\smif_mem_6470536964353725183.dir\cy_smif_s25fs.o
#        E:\IAR\V1.1.1_25323\Demo\iar\Debug_m7_1\Obj\smif_mem_6470536964353725183.dir\cy_smif_semp.o
#        E:\IAR\V1.1.1_25323\Demo\iar\Debug_m7_1\Obj\smif_427648126384146252.dir\cy_smif_ver_specific.o
#        E:\IAR\V1.1.1_25323\Demo\iar\Debug_m7_1\Obj\srom_13018798572330080582.dir\cy_srom.o
#        E:\IAR\V1.1.1_25323\Demo\iar\Debug_m7_1\Obj\sw_timer_4215635015939382130.dir\cy_sw_tmr.o
#        E:\IAR\V1.1.1_25323\Demo\iar\Debug_m7_1\Obj\sysclk_16149231235676103872.dir\cy_sysclk.o
#        E:\IAR\V1.1.1_25323\Demo\iar\Debug_m7_1\Obj\sysflt_12293435975120599261.dir\cy_sysflt.o
#        E:\IAR\V1.1.1_25323\Demo\iar\Debug_m7_1\Obj\sysint_7435970359207984181.dir\cy_sysint.o
#        E:\IAR\V1.1.1_25323\Demo\iar\Debug_m7_1\Obj\syslib_16330585751512546975.dir\cy_syslib.o
#        E:\IAR\V1.1.1_25323\Demo\iar\Debug_m7_1\Obj\syslib_16330585751512546975.dir\cy_syslib_iar.o
#        E:\IAR\V1.1.1_25323\Demo\iar\Debug_m7_1\Obj\syspm_10887939769544754770.dir\cy_syspm.o
#        E:\IAR\V1.1.1_25323\Demo\iar\Debug_m7_1\Obj\sysreghc_17676636058511625587.dir\cy_sysreghc.o
#        E:\IAR\V1.1.1_25323\Demo\iar\Debug_m7_1\Obj\sysreset_14586141425677365288.dir\cy_sysreset.o
#        E:\IAR\V1.1.1_25323\Demo\iar\Debug_m7_1\Obj\sysrtc_10747768817563771611.dir\cy_sysrtc.o
#        E:\IAR\V1.1.1_25323\Demo\iar\Debug_m7_1\Obj\systick_16016591671695740695.dir\cy_systick.o
#        E:\IAR\V1.1.1_25323\Demo\iar\Debug_m7_1\Obj\syswdt_9118657615806274156.dir\cy_syswdt.o
#        E:\IAR\V1.1.1_25323\Demo\iar\Debug_m7_1\Obj\tcpwm_422923530147891246.dir\cy_tcpwm.o
#        E:\IAR\V1.1.1_25323\Demo\iar\Debug_m7_1\Obj\tcpwm_422923530147891246.dir\cy_tcpwm_counter.o
#        E:\IAR\V1.1.1_25323\Demo\iar\Debug_m7_1\Obj\tcpwm_422923530147891246.dir\cy_tcpwm_pwm.o
#        E:\IAR\V1.1.1_25323\Demo\iar\Debug_m7_1\Obj\tcpwm_422923530147891246.dir\cy_tcpwm_quaddec.o
#        E:\IAR\V1.1.1_25323\Demo\iar\Debug_m7_1\Obj\tcpwm_422923530147891246.dir\cy_tcpwm_sr.o
#        E:\IAR\V1.1.1_25323\Demo\iar\Debug_m7_1\Obj\trigmux_9729677290734583340.dir\cy_trigmux.o
#        E:\IAR\V1.1.1_25323\Demo\iar\Debug_m7_1\Obj\ethernet_6029839089178797009.dir\edd.o
#        E:\IAR\V1.1.1_25323\Demo\iar\Debug_m7_1\Obj\ethernet_6029839089178797009.dir\edd_rx.o
#        E:\IAR\V1.1.1_25323\Demo\iar\Debug_m7_1\Obj\ethernet_6029839089178797009.dir\edd_tx.o
#        E:\IAR\V1.1.1_25323\Demo\iar\Debug_m7_1\Obj\user_8514941877209965082.dir\main_cm7_1.o
#        E:\IAR\V1.1.1_25323\Demo\iar\Debug_m7_1\Obj\zf_components_14936052685886095442.dir\seekfree_assistant.o
#        E:\IAR\V1.1.1_25323\Demo\iar\Debug_m7_1\Obj\zf_components_14936052685886095442.dir\seekfree_assistant_interface.o
#        E:\IAR\V1.1.1_25323\Demo\iar\Debug_m7_1\Obj\startup_479057977785470282.dir\startup.o
#        E:\IAR\V1.1.1_25323\Demo\iar\Debug_m7_1\Obj\startup_479057977785470282.dir\startup_cm7.o
#        E:\IAR\V1.1.1_25323\Demo\iar\Debug_m7_1\Obj\rev_b_4986922561640112550.dir\system_tviibh4m_cm7.o
#        E:\IAR\V1.1.1_25323\Demo\iar\Debug_m7_1\Obj\code_17896468042025673432.dir\view_fun.o
#        E:\IAR\V1.1.1_25323\Demo\iar\Debug_m7_1\Obj\zf_common_1201165462030747823.dir\zf_common_clock.o
#        E:\IAR\V1.1.1_25323\Demo\iar\Debug_m7_1\Obj\zf_common_1201165462030747823.dir\zf_common_debug.o
#        E:\IAR\V1.1.1_25323\Demo\iar\Debug_m7_1\Obj\zf_common_1201165462030747823.dir\zf_common_fifo.o
#        E:\IAR\V1.1.1_25323\Demo\iar\Debug_m7_1\Obj\zf_common_1201165462030747823.dir\zf_common_font.o
#        E:\IAR\V1.1.1_25323\Demo\iar\Debug_m7_1\Obj\zf_common_1201165462030747823.dir\zf_common_function.o
#        E:\IAR\V1.1.1_25323\Demo\iar\Debug_m7_1\Obj\zf_common_1201165462030747823.dir\zf_common_interrupt.o
#        E:\IAR\V1.1.1_25323\Demo\iar\Debug_m7_1\Obj\zf_device_6570275422786408770.dir\zf_device_absolute_encoder.o
#        E:\IAR\V1.1.1_25323\Demo\iar\Debug_m7_1\Obj\zf_device_6570275422786408770.dir\zf_device_bluetooth_ch9141.o
#        E:\IAR\V1.1.1_25323\Demo\iar\Debug_m7_1\Obj\zf_device_6570275422786408770.dir\zf_device_dl1a.o
#        E:\IAR\V1.1.1_25323\Demo\iar\Debug_m7_1\Obj\zf_device_6570275422786408770.dir\zf_device_dl1b.o
#        E:\IAR\V1.1.1_25323\Demo\iar\Debug_m7_1\Obj\zf_device_6570275422786408770.dir\zf_device_gnss.o
#        E:\IAR\V1.1.1_25323\Demo\iar\Debug_m7_1\Obj\zf_device_6570275422786408770.dir\zf_device_icm20602.o
#        E:\IAR\V1.1.1_25323\Demo\iar\Debug_m7_1\Obj\zf_device_6570275422786408770.dir\zf_device_imu660ra.o
#        E:\IAR\V1.1.1_25323\Demo\iar\Debug_m7_1\Obj\zf_device_6570275422786408770.dir\zf_device_imu963ra.o
#        E:\IAR\V1.1.1_25323\Demo\iar\Debug_m7_1\Obj\zf_device_6570275422786408770.dir\zf_device_ips114.o
#        E:\IAR\V1.1.1_25323\Demo\iar\Debug_m7_1\Obj\zf_device_6570275422786408770.dir\zf_device_ips200.o
#        E:\IAR\V1.1.1_25323\Demo\iar\Debug_m7_1\Obj\zf_device_6570275422786408770.dir\zf_device_key.o
#        E:\IAR\V1.1.1_25323\Demo\iar\Debug_m7_1\Obj\zf_device_6570275422786408770.dir\zf_device_mpu6050.o
#        E:\IAR\V1.1.1_25323\Demo\iar\Debug_m7_1\Obj\zf_device_6570275422786408770.dir\zf_device_mt9v03x.o
#        E:\IAR\V1.1.1_25323\Demo\iar\Debug_m7_1\Obj\zf_device_6570275422786408770.dir\zf_device_oled.o
#        E:\IAR\V1.1.1_25323\Demo\iar\Debug_m7_1\Obj\zf_device_6570275422786408770.dir\zf_device_tft180.o
#        E:\IAR\V1.1.1_25323\Demo\iar\Debug_m7_1\Obj\zf_device_6570275422786408770.dir\zf_device_tsl1401.o
#        E:\IAR\V1.1.1_25323\Demo\iar\Debug_m7_1\Obj\zf_device_6570275422786408770.dir\zf_device_type.o
#        E:\IAR\V1.1.1_25323\Demo\iar\Debug_m7_1\Obj\zf_device_6570275422786408770.dir\zf_device_virtual_oscilloscope.o
#        E:\IAR\V1.1.1_25323\Demo\iar\Debug_m7_1\Obj\zf_device_6570275422786408770.dir\zf_device_wifi_spi.o
#        E:\IAR\V1.1.1_25323\Demo\iar\Debug_m7_1\Obj\zf_device_6570275422786408770.dir\zf_device_wifi_uart.o
#        E:\IAR\V1.1.1_25323\Demo\iar\Debug_m7_1\Obj\zf_device_6570275422786408770.dir\zf_device_wireless_uart.o
#        E:\IAR\V1.1.1_25323\Demo\iar\Debug_m7_1\Obj\zf_driver_11922370083829174090.dir\zf_driver_adc.o
#        E:\IAR\V1.1.1_25323\Demo\iar\Debug_m7_1\Obj\zf_driver_11922370083829174090.dir\zf_driver_delay.o
#        E:\IAR\V1.1.1_25323\Demo\iar\Debug_m7_1\Obj\zf_driver_11922370083829174090.dir\zf_driver_dma.o
#        E:\IAR\V1.1.1_25323\Demo\iar\Debug_m7_1\Obj\zf_driver_11922370083829174090.dir\zf_driver_encoder.o
#        E:\IAR\V1.1.1_25323\Demo\iar\Debug_m7_1\Obj\zf_driver_11922370083829174090.dir\zf_driver_exti.o
#        E:\IAR\V1.1.1_25323\Demo\iar\Debug_m7_1\Obj\zf_driver_11922370083829174090.dir\zf_driver_flash.o
#        E:\IAR\V1.1.1_25323\Demo\iar\Debug_m7_1\Obj\zf_driver_11922370083829174090.dir\zf_driver_gpio.o
#        E:\IAR\V1.1.1_25323\Demo\iar\Debug_m7_1\Obj\zf_driver_11922370083829174090.dir\zf_driver_ipc.o
#        E:\IAR\V1.1.1_25323\Demo\iar\Debug_m7_1\Obj\zf_driver_11922370083829174090.dir\zf_driver_pit.o
#        E:\IAR\V1.1.1_25323\Demo\iar\Debug_m7_1\Obj\zf_driver_11922370083829174090.dir\zf_driver_pwm.o
#        E:\IAR\V1.1.1_25323\Demo\iar\Debug_m7_1\Obj\zf_driver_11922370083829174090.dir\zf_driver_soft_iic.o
#        E:\IAR\V1.1.1_25323\Demo\iar\Debug_m7_1\Obj\zf_driver_11922370083829174090.dir\zf_driver_soft_spi.o
#        E:\IAR\V1.1.1_25323\Demo\iar\Debug_m7_1\Obj\zf_driver_11922370083829174090.dir\zf_driver_spi.o
#        E:\IAR\V1.1.1_25323\Demo\iar\Debug_m7_1\Obj\zf_driver_11922370083829174090.dir\zf_driver_timer.o
#        E:\IAR\V1.1.1_25323\Demo\iar\Debug_m7_1\Obj\zf_driver_11922370083829174090.dir\zf_driver_uart.o
#        --no_out_extension -o
#        E:\IAR\V1.1.1_25323\Demo\iar\Debug_m7_1\Exe\cyt4bb7_cm_7_1.out
#        --config_def _CORE_cm7_1_=0 --config_def _LINK_flash_=0 --map
#        E:\IAR\V1.1.1_25323\Demo\iar\Debug_m7_1\List\cyt4bb7_cm_7_1.map
#        --config
#        E:\IAR\V1.1.1_25323\Demo\iar\project_config\..\icf\linker_directives_tviibh.icf
#        --semihosting
#        E:\IAR\V1.1.1_25323\Demo\iar\project_config\..\..\..\libraries\sdk\tviibh4m\src\drivers\crypto\libs\libcrypto_server_cm0plus_iar.a
#        E:\IAR\V1.1.1_25323\Demo\iar\project_config\..\..\..\libraries\zf_device\zf_device_config.a
#        E:\IAR\V1.1.1_25323\Demo\iar\project_config\..\..\..\libraries\sdk\common\hdr\cmsis\dsp\iar_cortexM7lf_math.a
#        --entry __iar_program_start --vfe --text_out locale --cpu=Cortex-M7
#        --fpu=VFPv5_d16) --dependencies=n
#        E:\IAR\V1.1.1_25323\Demo\iar\Debug_m7_1\Exe\cyt4bb7_cm_7_1.out.iar_deps
#
###############################################################################

*******************************************************************************
*** RUNTIME MODEL ATTRIBUTES
***

CppFlavor       = *
__CPP_Runtime   = 1
__SystemLibrary = DLib
__dlib_version  = 6


*******************************************************************************
*** HEAP SELECTION
***

The basic heap was selected because --advanced_heap
was not specified and the application did not appear to
be primarily optimized for speed.


*******************************************************************************
*** PLACEMENT SUMMARY
***

"A0":  place at start of [from 0x1028'0000 to 0x1040'ffff] { section .intvec };
"P1":  place in [from 0x1028'0000 to 0x1040'ffff] { ro };
"P2":  place in [from 0x2808'0000 to 0x280b'ffff] { rw };
define block HEAP with size = 1K, alignment = 8 { };
define block CSTACK with size = 8K, alignment = 8 { };
define block HEAP_STACK { block HEAP, last block CSTACK };
"A1":  place at end of [from 0x2808'0000 to 0x280b'ffff] { block HEAP_STACK };
do not initialize { section .intvec_ram };
initialize by copy { rw };

No sections matched the following patterns:

  ro section .sflash_app_prot  in "P6"
  ro section .sflash_nar       in "P4"
  ro section .sflash_pkey      in "P5"
  ro section .sflash_toc2      in "P7"
  ro section .sflash_uf_rows   in "P3"
  ro section .work_flash       in "P8"


  Section            Kind         Address      Size  Object
  -------            ----         -------      ----  ------
"A0":                                          0x80
  .intvec            ro code  0x1028'0000      0x80  startup_cm7.o [31]
                            - 0x1028'0080      0x80

"P1":                                        0x8086
  .text              ro code  0x1028'0080     0xac8  zf_driver_spi.o [49]
  .text              ro code  0x1028'0b48     0x230  I64DivMod.o [52]
  .text              ro code  0x1028'0d78      0x66  ABImemset.o [52]
  .text              ro code  0x1028'0dde      0x7e  lz77_init_single.o [52]
  .text              ro code  0x1028'0e5c     0x440  zf_common_debug.o [46]
  .text              ro code  0x1028'129c     0x194  cy_gpio.o [14]
  .text              ro code  0x1028'1430     0x1f0  cy_scb_spi.o [24]
  .text              ro code  0x1028'1620       0x2  I64DivZer.o [52]
  .text              ro code  0x1028'1622       0xa  xsprout.o [50]
  .text              ro code  0x1028'162c     0x828  zf_driver_uart.o [49]
  .text              ro code  0x1028'1e54      0x36  strlen.o [52]
  .text              ro code  0x1028'1e8c      0x40  sprintf.o [50]
  .text              ro code  0x1028'1ecc     0x610  zf_common_fifo.o [46]
  .text              ro code  0x1028'24dc      0xe2  zf_common_interrupt.o [46]
  .text              ro code  0x1028'25c0       0x6  ABImemclr4.o [52]
  .text              ro code  0x1028'25c8     0x314  cy_scb_uart.o [24]
  .text              ro code  0x1028'28dc     0x13c  xprintftiny.o [50]
  .text              ro code  0x1028'2a18      0xa6  ABImemcpy.o [52]
  .text              ro code  0x1028'2ac0      0x20  zf_driver_pwm.o [49]
  .text              ro code  0x1028'2ae0      0xac  cy_sysint.o [35]
  .text              ro code  0x1028'2b8c      0x32  ABImemset48.o [52]
  .text              ro code  0x1028'2bc0     0xa34  zf_device_ips114.o [48]
  .text              ro code  0x1028'35f4     0x1a4  zf_driver_gpio.o [49]
  .text              ro code  0x1028'3798     0x2d8  zf_driver_delay.o [49]
  .text              ro code  0x1028'3a70     0x1ae  cy_tcpwm_counter.o [43]
  .text              ro code  0x1028'3c1e       0xc  cy_tcpwm.o [43]
  .text              ro code  0x1028'3c2c     0x8e8  cy_sysclk.o [33]
  .text              ro code  0x1028'4514      0x70  strncpy.o [52]
  .text              ro code  0x1028'4584      0xa8  cy_syslib.o [36]
  .text              ro code  0x1028'462c       0x2  cy_syslib.o [36]
  .text              ro code  0x1028'4630     0x860  zf_device_config_mt9v03x.o [54]
  .text              ro code  0x1028'4e90     0x5fc  zf_driver_soft_iic.o [49]
  .rodata            const    0x1028'548c     0x5f0  zf_common_font.o [46]
  .text              ro code  0x1028'5a7c     0x330  zf_device_mt9v03x.o [48]
  .text              ro code  0x1028'5dac     0x304  cy_ipc_pipe.o [15]
  .text              ro code  0x1028'60b0      0x70  cy_ipc_drv.o [15]
  .text              ro code  0x1028'6120     0x270  zf_driver_pit.o [49]
  .text              ro code  0x1028'6390     0x238  zf_device_wifi_spi.o [48]
  .rodata            const    0x1028'65c8     0x228  zf_common_font.o [46]
  .text              ro code  0x1028'67f0     0x204  startup.o [31]
  .text              ro code  0x1028'69f4     0x150  system_tviibh4m_cm7.o [22]
  .text              ro code  0x1028'6b44       0x8  startup_cm7.o [31]
  .text              ro code  0x1028'6b4c       0x6  startup_cm7.o [31]
  .text              ro code  0x1028'6b54     0x1cc  zf_device_wifi_uart.o [48]
  .text              ro code  0x1028'6d20      0x2c  strstr.o [50]
  .text              ro code  0x1028'6d4c      0x8c  zf_common_function.o [46]
  .text              ro code  0x1028'6dd8      0x16  strchr.o [52]
  .text              ro code  0x1028'6df0     0x198  cy_interrupt_map.o [23]
  .text              ro code  0x1028'6f88     0x190  cm7_1_isr.o [45]
  .text              ro code  0x1028'7118     0x114  zf_device_gnss.o [48]
  .text              ro code  0x1028'722c      0x2a  strncmp.o [50]
  .text              ro code  0x1028'7258     0x120  view_fun.o [5]
  .text              ro code  0x1028'7378     0x10c  zf_driver_ipc.o [49]
  .text              ro code  0x1028'7484      0xf0  common.o [5]
  .text              ro code  0x1028'7574      0x1c  zf_common_clock.o [46]
  .text              ro code  0x1028'7590      0x90  seekfree_assistant_interface.o [47]
  .text              ro code  0x1028'7620      0xb0  startup_cm7.o [31]
  .text              ro code  0x1028'76d0      0x9c  zf_device_bluetooth_ch9141.o [48]
  .text              ro code  0x1028'776c      0x98  zf_device_wireless_uart.o [48]
  .text              ro code  0x1028'7804      0x94  main_cm7_1.o [45]
  .rodata            const    0x1028'7898      0x4c  cy_sysclk.o [33]
  .rodata            const    0x1028'78e4      0x4c  cy_sysclk.o [33]
  .rodata            const    0x1028'7930      0x4c  system_tviibh4m_cm7.o [22]
  .rodata            const    0x1028'797c      0x48  cy_ipc_pipe.o [15]
  .rodata            const    0x1028'79c4      0x48  zf_device_bluetooth_ch9141.o [48]
  .rodata            const    0x1028'7a0c      0x44  zf_device_wireless_uart.o [48]
  .rodata            const    0x1028'7a50      0x40  zf_common_function.o [46]
  .rodata            const    0x1028'7a90      0x40  zf_device_wifi_spi.o [48]
  .rodata            const    0x1028'7ad0      0x40  zf_device_wifi_uart.o [48]
  .rodata            const    0x1028'7b10      0x40  zf_driver_soft_iic.o [49]
  .rodata            const    0x1028'7b50      0x3c  zf_common_fifo.o [46]
  .rodata            const    0x1028'7b8c      0x3c  zf_device_ips114.o [48]
  .rodata            const    0x1028'7bc8      0x3c  zf_driver_uart.o [49]
  .rodata            const    0x1028'7c04      0x38  zf_driver_spi.o [49]
  .text              ro code  0x1028'7c3c      0x38  zero_init3.o [52]
  .rodata            const    0x1028'7c74      0x28  zf_device_mt9v03x.o [48]
  .text              ro code  0x1028'7c9c      0x28  data_init.o [52]
  .text              ro code  0x1028'7cc4      0x22  fpinit_M.o [51]
  .iar.init_table    const    0x1028'7ce8      0x20  - Linker created -
  .text              ro code  0x1028'7d08      0x20  startup_cm7.o [31]
  .text              ro code  0x1028'7d30      0x1e  cy_syslib_iar.o [36]
  .text              ro code  0x1028'7d50      0x1e  cmain.o [52]
  .text              ro code  0x1028'7d70       0x4  startup_cm7.o [31]
  .text              ro code  0x1028'7d74       0x4  exit.o [50]
  .text              ro code  0x1028'7d78       0xa  cexit.o [52]
  .text              ro code  0x1028'7d84      0x14  exit.o [53]
  .rodata            const    0x1028'7d98      0x1c  zf_common_debug.o [46]
  .text              ro code  0x1028'7db4      0x1c  startup_cm7.o [31]
  .text              ro code  0x1028'7dd0      0x1c  cstartup_M.o [52]
  .rodata            const    0x1028'7dec      0x18  startup.o [31]
  .rodata            const    0x1028'7e04      0x18  system_tviibh4m_cm7.o [22]
  .rodata            const    0x1028'7e1c      0x18  zf_common_debug.o [46]
  .rodata            const    0x1028'7e34      0x10  common.o [5]
  .rodata            const    0x1028'7e44      0x10  common.o [5]
  .rodata            const    0x1028'7e54      0x10  common.o [5]
  .rodata            const    0x1028'7e64      0x10  zf_common_debug.o [46]
  .rodata            const    0x1028'7e74      0x10  zf_common_debug.o [46]
  .rodata            const    0x1028'7e84      0x10  zf_device_wifi_uart.o [48]
  .rodata            const    0x1028'7e94       0xc  zf_common_debug.o [46]
  .rodata            const    0x1028'7ea0       0xc  zf_common_debug.o [46]
  .rodata            const    0x1028'7eac       0xc  zf_device_wifi_uart.o [48]
  .rodata            const    0x1028'7eb8       0xc  zf_driver_ipc.o [49]
  .text              ro code  0x1028'7ec4       0xc  cy_syslib.o [36]
  .rodata            const    0x1028'7ed0       0x8  cy_sysclk.o [33]
  .rodata            const    0x1028'7ed8       0x8  zf_device_wifi_uart.o [48]
  .rodata            const    0x1028'7ee0       0x8  zf_device_wifi_uart.o [48]
  .rodata            const    0x1028'7ee8       0x4  cy_interrupt_map.o [23]
  .rodata            const    0x1028'7eec       0x4  cy_interrupt_map.o [23]
  .rodata            const    0x1028'7ef0       0x4  cy_interrupt_map.o [23]
  .rodata            const    0x1028'7ef4       0x4  cy_interrupt_map.o [23]
  .rodata            const    0x1028'7ef8       0x4  cy_interrupt_map.o [23]
  .rodata            const    0x1028'7efc       0x4  cy_interrupt_map.o [23]
  .rodata            const    0x1028'7f00       0x4  cy_interrupt_map.o [23]
  .rodata            const    0x1028'7f04       0x4  cy_interrupt_map.o [23]
  .rodata            const    0x1028'7f08       0x4  cy_ipc_drv.o [15]
  .rodata            const    0x1028'7f0c       0x4  cy_ipc_pipe.o [15]
  .rodata            const    0x1028'7f10       0x4  cy_ipc_pipe.o [15]
  .rodata            const    0x1028'7f14       0x4  cy_scb_spi.o [24]
  .rodata            const    0x1028'7f18       0x4  cy_scb_spi.o [24]
  .rodata            const    0x1028'7f1c       0x4  cy_scb_spi.o [24]
  .rodata            const    0x1028'7f20       0x4  cy_scb_spi.o [24]
  .rodata            const    0x1028'7f24       0x4  cy_scb_uart.o [24]
  .rodata            const    0x1028'7f28       0x4  cy_scb_uart.o [24]
  .rodata            const    0x1028'7f2c       0x4  cy_scb_uart.o [24]
  .rodata            const    0x1028'7f30       0x4  cy_scb_uart.o [24]
  .rodata            const    0x1028'7f34       0x4  cy_scb_uart.o [24]
  .rodata            const    0x1028'7f38       0x4  cy_scb_uart.o [24]
  .rodata            const    0x1028'7f3c       0x4  cy_scb_uart.o [24]
  .rodata            const    0x1028'7f40       0x4  cy_scb_uart.o [24]
  .rodata            const    0x1028'7f44       0x4  cy_scb_uart.o [24]
  .rodata            const    0x1028'7f48       0x4  cy_scb_uart.o [24]
  .rodata            const    0x1028'7f4c       0x4  cy_sysint.o [35]
  .rodata            const    0x1028'7f50       0x4  cy_sysint.o [35]
  .rodata            const    0x1028'7f54       0x4  cy_tcpwm_counter.o [43]
  .rodata            const    0x1028'7f58       0x4  cy_tcpwm_counter.o [43]
  .rodata            const    0x1028'7f5c       0x4  cy_tcpwm_counter.o [43]
  .rodata            const    0x1028'7f60       0x4  cy_tcpwm_counter.o [43]
  .rodata            const    0x1028'7f64       0x4  cy_tcpwm_counter.o [43]
  .text              ro code  0x1028'7f68       0x4  seekfree_assistant_interface.o [47]
  .text              ro code  0x1028'7f6c       0x4  seekfree_assistant_interface.o [47]
  .text              ro code  0x1028'7f70       0x4  startup_cm7.o [31]
  .text              ro code  0x1028'7f74       0x4  startup_cm7.o [31]
  .text              ro code  0x1028'7f78       0x4  startup_cm7.o [31]
  .text              ro code  0x1028'7f7c       0x4  startup_cm7.o [31]
  .text              ro code  0x1028'7f80       0x4  startup_cm7.o [31]
  .text              ro code  0x1028'7f84       0x4  startup_cm7.o [31]
  .text              ro code  0x1028'7f88       0x4  startup_cm7.o [31]
  .text              ro code  0x1028'7f8c       0x4  startup_cm7.o [31]
  .text              ro code  0x1028'7f90       0x4  startup_cm7.o [31]
  .text              ro code  0x1028'7f94       0x4  startup_cm7.o [31]
  .text              ro code  0x1028'7f98       0x4  startup_cm7.o [31]
  .text              ro code  0x1028'7f9c       0x4  startup_cm7.o [31]
  .text              ro code  0x1028'7fa0       0x4  startup_cm7.o [31]
  .text              ro code  0x1028'7fa4       0x4  startup_cm7.o [31]
  .text              ro code  0x1028'7fa8       0x4  startup_cm7.o [31]
  .text              ro code  0x1028'7fac       0x2  zf_device_type.o [48]
  .rodata            const    0x1028'7fae       0x0  zero_init3.o [52]
  .rodata            const    0x1028'7fae       0x0  lz77_init_single.o [52]
  Initializer bytes  const    0x1028'7fae      0x77  <for P2-1>
                            - 0x1028'8025    0x7fa5

Absolute sections:                           0x5820
  .noinit            uninit   0x2802'6024    0x5820  zf_device_mt9v03x.o [48]
                            - 0x2802'b844    0x5820

"P2", part 1 of 3:                            0x752
  P2-1                        0x2808'0000     0x752  <Init block>
    .data            inited   0x2808'0000     0x6ec  cy_interrupt_map.o [23]
    .data            inited   0x2808'06ec       0x4  cy_interrupt_map.o [23]
    .data            inited   0x2808'06f0       0x4  seekfree_assistant.o [47]
    .data            inited   0x2808'06f4       0x4  seekfree_assistant.o [47]
    .data            inited   0x2808'06f8       0x4  zf_device_type.o [48]
    .data            inited   0x2808'06fc       0x4  zf_device_type.o [48]
    .data            inited   0x2808'0700       0x4  zf_driver_ipc.o [49]
    .data            inited   0x2808'0704       0xc  zf_driver_pit.o [49]
    .data            inited   0x2808'0710       0xc  zf_driver_spi.o [49]
    .data            inited   0x2808'071c      0x14  zf_driver_uart.o [49]
    .data            inited   0x2808'0730      0x14  zf_driver_uart.o [49]
    .data            inited   0x2808'0744       0x2  zf_device_ips114.o [48]
    .data            inited   0x2808'0746       0x2  zf_device_ips114.o [48]
    .data            inited   0x2808'0748       0x2  zf_device_ips114.o [48]
    .data            inited   0x2808'074a       0x2  zf_device_ips114.o [48]
    .data            inited   0x2808'074c       0x2  zf_driver_delay.o [49]
    .data            inited   0x2808'074e       0x1  main_cm7_1.o [45]
    .data            inited   0x2808'074f       0x1  zf_common_debug.o [46]
    .data            inited   0x2808'0750       0x1  zf_device_ips114.o [48]
    .data            inited   0x2808'0751       0x1  zf_driver_delay.o [49]
                            - 0x2808'0752     0x752

"P2", part 2 of 3:                         0x1'1120
  .bss               zero     0x2808'0754    0x5820  main_cm7_1.o [45]
  .bss               zero     0x2808'5f74    0x5820  main_cm7_1.o [45]
  .bss               zero     0x2808'b794    0x5820  zf_device_mt9v03x.o [48]
  .bss               zero     0x2809'0fb4     0x1e0  zf_device_ips114.o [48]
  .bss               zero     0x2809'1194     0x118  zf_driver_uart.o [49]
  .bss               zero     0x2809'12ac      0x94  zf_device_wifi_uart.o [48]
  .bss               zero     0x2809'1340      0x80  zf_device_gnss.o [48]
  .bss               zero     0x2809'13c0      0x80  zf_device_gnss.o [48]
  .bss               zero     0x2809'1440      0x80  zf_device_gnss.o [48]
  .bss               zero     0x2809'14c0      0x78  main_cm7_1.o [45]
  .bss               zero     0x2809'1538      0x78  main_cm7_1.o [45]
  .bss               zero     0x2809'15b0      0x78  main_cm7_1.o [45]
  .bss               zero     0x2809'1628      0x70  cy_syslib.o [36]
  .bss               zero     0x2809'1698      0x48  cy_ipc_pipe.o [15]
  .bss               zero     0x2809'16e0      0x40  zf_common_debug.o [46]
  .bss               zero     0x2809'1720      0x20  cy_ipc_pipe.o [15]
  .bss               zero     0x2809'1740      0x18  cy_sysclk.o [33]
  .bss               zero     0x2809'1758      0x18  cy_syslib.o [36]
  .bss               zero     0x2809'1770      0x18  zf_common_debug.o [46]
  .bss               zero     0x2809'1788      0x18  zf_device_bluetooth_ch9141.o [48]
  .bss               zero     0x2809'17a0      0x18  zf_device_gnss.o [48]
  .bss               zero     0x2809'17b8      0x18  zf_device_wifi_spi.o [48]
  .bss               zero     0x2809'17d0      0x18  zf_device_wifi_uart.o [48]
  .bss               zero     0x2809'17e8      0x18  zf_device_wireless_uart.o [48]
  .bss               zero     0x2809'1800      0x14  zf_common_debug.o [46]
  .bss               zero     0x2809'1814      0x10  zf_device_config_mt9v03x.o [54]
  .bss               zero     0x2809'1824       0x4  cy_syslib.o [36]
  .bss               zero     0x2809'1828       0x4  main_cm7_1.o [45]
  .bss               zero     0x2809'182c       0x4  system_tviibh4m_cm7.o [22]
  .bss               zero     0x2809'1830       0x4  system_tviibh4m_cm7.o [22]
  .bss               zero     0x2809'1834       0x4  system_tviibh4m_cm7.o [22]
  .bss               zero     0x2809'1838       0x4  system_tviibh4m_cm7.o [22]
  .bss               zero     0x2809'183c       0x4  system_tviibh4m_cm7.o [22]
  .bss               zero     0x2809'1840       0x4  zf_common_clock.o [46]
  .bss               zero     0x2809'1844       0x4  zf_common_interrupt.o [46]
  .bss               zero     0x2809'1848       0x4  zf_driver_spi.o [49]
  .bss               zero     0x2809'184c       0x4  zf_device_config_mt9v03x.o [54]
  .bss               zero     0x2809'1850       0x4  zf_device_config_mt9v03x.o [54]
  .bss               zero     0x2809'1854       0x4  zf_device_config_mt9v03x.o [54]
  .bss               zero     0x2809'1858       0x4  zf_device_config_mt9v03x.o [54]
  .bss               zero     0x2809'185c       0x4  zf_device_config_mt9v03x.o [54]
  .bss               zero     0x2809'1860       0x1  cy_ipc_pipe.o [15]
  .bss               zero     0x2809'1861       0x1  cy_ipc_pipe.o [15]
  .bss               zero     0x2809'1862       0x1  cy_sysclk.o [33]
  .bss               zero     0x2809'1863       0x1  main_cm7_1.o [45]
  .bss               zero     0x2809'1864       0x1  zf_common_debug.o [46]
  .bss               zero     0x2809'1865       0x1  zf_common_debug.o [46]
  .bss               zero     0x2809'1866       0x1  zf_common_debug.o [46]
  .bss               zero     0x2809'1867       0x1  zf_device_gnss.o [48]
  .bss               zero     0x2809'1868       0x1  zf_device_gnss.o [48]
  .bss               zero     0x2809'1869       0x1  zf_device_gnss.o [48]
  .bss               zero     0x2809'186a       0x1  zf_device_gnss.o [48]
  .bss               zero     0x2809'186b       0x1  zf_device_gnss.o [48]
  .bss               zero     0x2809'186c       0x1  zf_device_ips114.o [48]
  .bss               zero     0x2809'186d       0x1  zf_device_mt9v03x.o [48]
  .bss               zero     0x2809'186e       0x1  zf_device_wifi_spi.o [48]
  .bss               zero     0x2809'186f       0x1  zf_driver_ipc.o [49]
  .bss               zero     0x2809'1870       0x1  zf_driver_ipc.o [49]
                            - 0x2809'1871  0x1'111d

"P2", part 3 of 3:                             0x80
  .intvec_ram        uninit   0x2809'1880      0x80  startup_cm7.o [31]
                            - 0x2809'1900      0x80

"A1":                                        0x2000
  HEAP_STACK                  0x280b'e000    0x2000  <Block>
    CSTACK                    0x280b'e000    0x2000  <Block>
      CSTACK         uninit   0x280b'e000    0x2000  <Block tail>
                            - 0x280c'0000    0x2000

Unused ranges:

         From           To       Size
         ----           --       ----
  0x1028'8106  0x1040'ffff  0x18'7efa
  0x2808'0752  0x2808'0753        0x2
  0x2809'1874  0x2809'187f        0xc
  0x2809'1900  0x280b'dfff   0x2'c700


*******************************************************************************
*** INIT TABLE
***

          Address      Size
          -------      ----
Zero (__iar_zero_init3)
    1 destination range, total size 0x1'111d:
          0x2808'0754  0x1'111d

Copy/lz77 (__iar_lz77_init_single3)
    1 source range, total size 0x77 (6% of destination):
          0x1028'7fae      0x77
    1 destination range, total size 0x752:
          0x2808'0000     0x752



*******************************************************************************
*** MODULE SUMMARY
***

    Module                          ro code  ro data  rw data  rw data
                                                                (abs)
    ------                          -------  -------  -------  -------
command line/config:
    ------------------------------------------------------------------
    Total:

E:\IAR\V1.1.1_25323\Demo\iar\Debug_m7_1\Obj\adc_11722776235721520015.dir: [1]
    ------------------------------------------------------------------
    Total:

E:\IAR\V1.1.1_25323\Demo\iar\Debug_m7_1\Obj\audioss_1346650047966882938.dir: [2]
    ------------------------------------------------------------------
    Total:

E:\IAR\V1.1.1_25323\Demo\iar\Debug_m7_1\Obj\button_4990804375159372270.dir: [3]
    ------------------------------------------------------------------
    Total:

E:\IAR\V1.1.1_25323\Demo\iar\Debug_m7_1\Obj\canfd_1800690984773873875.dir: [4]
    ------------------------------------------------------------------
    Total:

E:\IAR\V1.1.1_25323\Demo\iar\Debug_m7_1\Obj\code_17896468042025673432.dir: [5]
    common.o                            240       48
    view_fun.o                          288
    ------------------------------------------------------------------
    Total:                              528       48

E:\IAR\V1.1.1_25323\Demo\iar\Debug_m7_1\Obj\cpu_15938736945165268644.dir: [6]
    ------------------------------------------------------------------
    Total:

E:\IAR\V1.1.1_25323\Demo\iar\Debug_m7_1\Obj\crypto_1190170608956581615.dir: [7]
    ------------------------------------------------------------------
    Total:

E:\IAR\V1.1.1_25323\Demo\iar\Debug_m7_1\Obj\dma_12106025507578611576.dir: [8]
    ------------------------------------------------------------------
    Total:

E:\IAR\V1.1.1_25323\Demo\iar\Debug_m7_1\Obj\eth_phy_18133017486186456677.dir: [9]
    ------------------------------------------------------------------
    Total:

E:\IAR\V1.1.1_25323\Demo\iar\Debug_m7_1\Obj\ethernet_6029839089178797009.dir: [10]
    ------------------------------------------------------------------
    Total:

E:\IAR\V1.1.1_25323\Demo\iar\Debug_m7_1\Obj\evtgen_3404189088603873129.dir: [11]
    ------------------------------------------------------------------
    Total:

E:\IAR\V1.1.1_25323\Demo\iar\Debug_m7_1\Obj\flash_8529866181315662935.dir: [12]
    ------------------------------------------------------------------
    Total:

E:\IAR\V1.1.1_25323\Demo\iar\Debug_m7_1\Obj\flash_864493325053435817.dir: [13]
    ------------------------------------------------------------------
    Total:

E:\IAR\V1.1.1_25323\Demo\iar\Debug_m7_1\Obj\gpio_3999404635324069351.dir: [14]
    cy_gpio.o                           404
    ------------------------------------------------------------------
    Total:                              404

E:\IAR\V1.1.1_25323\Demo\iar\Debug_m7_1\Obj\ipc_10145506163450686023.dir: [15]
    cy_ipc_drv.o                        112        4
    cy_ipc_pipe.o                       772       80      106
    ------------------------------------------------------------------
    Total:                              884       84      106

E:\IAR\V1.1.1_25323\Demo\iar\Debug_m7_1\Obj\lin_18429031207028094880.dir: [16]
    ------------------------------------------------------------------
    Total:

E:\IAR\V1.1.1_25323\Demo\iar\Debug_m7_1\Obj\lvd_6353935867039560245.dir: [17]
    ------------------------------------------------------------------
    Total:

E:\IAR\V1.1.1_25323\Demo\iar\Debug_m7_1\Obj\mcwdt_4052485907822033969.dir: [18]
    ------------------------------------------------------------------
    Total:

E:\IAR\V1.1.1_25323\Demo\iar\Debug_m7_1\Obj\mpu_5663187252346826382.dir: [19]
    ------------------------------------------------------------------
    Total:

E:\IAR\V1.1.1_25323\Demo\iar\Debug_m7_1\Obj\power_14453085144426420577.dir: [20]
    ------------------------------------------------------------------
    Total:

E:\IAR\V1.1.1_25323\Demo\iar\Debug_m7_1\Obj\prot_10722960861768657883.dir: [21]
    ------------------------------------------------------------------
    Total:

E:\IAR\V1.1.1_25323\Demo\iar\Debug_m7_1\Obj\rev_b_4986922561640112550.dir: [22]
    system_tviibh4m_cm7.o               336      100       20
    ------------------------------------------------------------------
    Total:                              336      100       20

E:\IAR\V1.1.1_25323\Demo\iar\Debug_m7_1\Obj\rev_b_6162237342861132223.dir: [23]
    cy_interrupt_map.o                  408      144    1'776
    ------------------------------------------------------------------
    Total:                              408      144    1'776

E:\IAR\V1.1.1_25323\Demo\iar\Debug_m7_1\Obj\scb_15490842639181808494.dir: [24]
    cy_scb_spi.o                        496       16
    cy_scb_uart.o                       788       40
    ------------------------------------------------------------------
    Total:                            1'284       56

E:\IAR\V1.1.1_25323\Demo\iar\Debug_m7_1\Obj\sd_host_2982766354293506895.dir: [25]
    ------------------------------------------------------------------
    Total:

E:\IAR\V1.1.1_25323\Demo\iar\Debug_m7_1\Obj\semihosting_143864889731838620.dir: [26]
    ------------------------------------------------------------------
    Total:

E:\IAR\V1.1.1_25323\Demo\iar\Debug_m7_1\Obj\smartio_5451710003740070188.dir: [27]
    ------------------------------------------------------------------
    Total:

E:\IAR\V1.1.1_25323\Demo\iar\Debug_m7_1\Obj\smif_427648126384146252.dir: [28]
    ------------------------------------------------------------------
    Total:

E:\IAR\V1.1.1_25323\Demo\iar\Debug_m7_1\Obj\smif_mem_6470536964353725183.dir: [29]
    ------------------------------------------------------------------
    Total:

E:\IAR\V1.1.1_25323\Demo\iar\Debug_m7_1\Obj\srom_13018798572330080582.dir: [30]
    ------------------------------------------------------------------
    Total:

E:\IAR\V1.1.1_25323\Demo\iar\Debug_m7_1\Obj\startup_479057977785470282.dir: [31]
    startup.o                           516       24
    startup_cm7.o                       442               128
    ------------------------------------------------------------------
    Total:                              958       24      128

E:\IAR\V1.1.1_25323\Demo\iar\Debug_m7_1\Obj\sw_timer_4215635015939382130.dir: [32]
    ------------------------------------------------------------------
    Total:

E:\IAR\V1.1.1_25323\Demo\iar\Debug_m7_1\Obj\sysclk_16149231235676103872.dir: [33]
    cy_sysclk.o                       2'280      160       25
    ------------------------------------------------------------------
    Total:                            2'280      160       25

E:\IAR\V1.1.1_25323\Demo\iar\Debug_m7_1\Obj\sysflt_12293435975120599261.dir: [34]
    ------------------------------------------------------------------
    Total:

E:\IAR\V1.1.1_25323\Demo\iar\Debug_m7_1\Obj\sysint_7435970359207984181.dir: [35]
    cy_sysint.o                         172        8
    ------------------------------------------------------------------
    Total:                              172        8

E:\IAR\V1.1.1_25323\Demo\iar\Debug_m7_1\Obj\syslib_16330585751512546975.dir: [36]
    cy_syslib.o                         182               140
    cy_syslib_iar.o                      30
    ------------------------------------------------------------------
    Total:                              212               140

E:\IAR\V1.1.1_25323\Demo\iar\Debug_m7_1\Obj\syspm_10887939769544754770.dir: [37]
    ------------------------------------------------------------------
    Total:

E:\IAR\V1.1.1_25323\Demo\iar\Debug_m7_1\Obj\sysreghc_17676636058511625587.dir: [38]
    ------------------------------------------------------------------
    Total:

E:\IAR\V1.1.1_25323\Demo\iar\Debug_m7_1\Obj\sysreset_14586141425677365288.dir: [39]
    ------------------------------------------------------------------
    Total:

E:\IAR\V1.1.1_25323\Demo\iar\Debug_m7_1\Obj\sysrtc_10747768817563771611.dir: [40]
    ------------------------------------------------------------------
    Total:

E:\IAR\V1.1.1_25323\Demo\iar\Debug_m7_1\Obj\systick_16016591671695740695.dir: [41]
    ------------------------------------------------------------------
    Total:

E:\IAR\V1.1.1_25323\Demo\iar\Debug_m7_1\Obj\syswdt_9118657615806274156.dir: [42]
    ------------------------------------------------------------------
    Total:

E:\IAR\V1.1.1_25323\Demo\iar\Debug_m7_1\Obj\tcpwm_422923530147891246.dir: [43]
    cy_tcpwm.o                           12
    cy_tcpwm_counter.o                  430       20
    ------------------------------------------------------------------
    Total:                              442       20

E:\IAR\V1.1.1_25323\Demo\iar\Debug_m7_1\Obj\trigmux_9729677290734583340.dir: [44]
    ------------------------------------------------------------------
    Total:

E:\IAR\V1.1.1_25323\Demo\iar\Debug_m7_1\Obj\user_8514941877209965082.dir: [45]
    cm7_1_isr.o                         400
    main_cm7_1.o                        148            45'486
    ------------------------------------------------------------------
    Total:                              548            45'486

E:\IAR\V1.1.1_25323\Demo\iar\Debug_m7_1\Obj\zf_common_1201165462030747823.dir: [46]
    zf_common_clock.o                    28                 4
    zf_common_debug.o                 1'088      108      112
    zf_common_fifo.o                  1'552       60
    zf_common_font.o                           2'072
    zf_common_function.o                140       64
    zf_common_interrupt.o               226                 4
    ------------------------------------------------------------------
    Total:                            3'034    2'304      120

E:\IAR\V1.1.1_25323\Demo\iar\Debug_m7_1\Obj\zf_components_14936052685886095442.dir: [47]
    seekfree_assistant.o                           1        8
    seekfree_assistant_interface.o      152
    ------------------------------------------------------------------
    Total:                              152        1        8

E:\IAR\V1.1.1_25323\Demo\iar\Debug_m7_1\Obj\zf_device_6570275422786408770.dir: [48]
    zf_device_bluetooth_ch9141.o        156       72       24
    zf_device_gnss.o                    276               413
    zf_device_ips114.o                2'612       60      490
    zf_device_mt9v03x.o                 816       40   22'561   22'560
    zf_device_type.o                      2                 8
    zf_device_wifi_spi.o                568       64       25
    zf_device_wifi_uart.o               460      108      172
    zf_device_wireless_uart.o           152       68       24
    ------------------------------------------------------------------
    Total:                            5'042      412   23'717   22'560

E:\IAR\V1.1.1_25323\Demo\iar\Debug_m7_1\Obj\zf_driver_11922370083829174090.dir: [49]
    zf_driver_delay.o                   728        1        3
    zf_driver_gpio.o                    420
    zf_driver_ipc.o                     268       13        6
    zf_driver_pit.o                     624                12
    zf_driver_pwm.o                      32
    zf_driver_soft_iic.o              1'532       64
    zf_driver_spi.o                   2'760       57       16
    zf_driver_uart.o                  2'088       63      320
    ------------------------------------------------------------------
    Total:                            8'452      198      357

dl7M_tln.a: [50]
    exit.o                                4
    sprintf.o                            64
    strncmp.o                            42
    strstr.o                             44
    xprintftiny.o                       316
    xsprout.o                            10
    ------------------------------------------------------------------
    Total:                              480

m7M_tlv.a: [51]
    fpinit_M.o                           34
    ------------------------------------------------------------------
    Total:                               34

rt7M_tl.a: [52]
    ABImemclr4.o                          6
    ABImemcpy.o                         166
    ABImemset.o                         102
    ABImemset48.o                        50
    I64DivMod.o                         560
    I64DivZer.o                           2
    cexit.o                              10
    cmain.o                              30
    cstartup_M.o                         28
    data_init.o                          40
    lz77_init_single.o                  126
    strchr.o                             22
    strlen.o                             54
    strncpy.o                           112
    zero_init3.o                         56
    ------------------------------------------------------------------
    Total:                            1'364

shb_l.a: [53]
    exit.o                               20
    ------------------------------------------------------------------
    Total:                               20

zf_device_config.a: [54]
    zf_device_config_mt9v03x.o        2'144                36
    ------------------------------------------------------------------
    Total:                            2'144                36

    Gaps                                 34        2
    Linker created                                32    8'192
----------------------------------------------------------------------
    Grand Total:                     29'212    3'593   80'111   22'560


*******************************************************************************
*** ENTRY LIST
***

Entry                       Address    Size  Type      Object
-----                       -------    ----  ----      ------
.iar.init_table$$Base   0x1028'7ce8           --   Gb  - Linker created -
.iar.init_table$$Limit  0x1028'7d08           --   Gb  - Linker created -
?main                   0x1028'7d51          Code  Gb  cmain.o [52]
BusFault_Handler        0x1028'7f79          Code  Wk  startup_cm7.o [31]
CSTACK$$Base            0x280b'e000           --   Gb  - Linker created -
CSTACK$$Limit           0x280c'0000           --   Gb  - Linker created -
CopyVectorTable         0x1028'6991    0x34  Code  Lc  startup.o [31]
CpuUserInt0_Handler     0x1028'6e0f    0x26  Code  Gb  cy_interrupt_map.o [23]
CpuUserInt10_Handler    0x1028'7f95          Code  Wk  startup_cm7.o [31]
CpuUserInt11_Handler    0x1028'7f99          Code  Wk  startup_cm7.o [31]
CpuUserInt12_Handler    0x1028'7f9d          Code  Wk  startup_cm7.o [31]
CpuUserInt13_Handler    0x1028'7fa1          Code  Wk  startup_cm7.o [31]
CpuUserInt14_Handler    0x1028'7fa5          Code  Wk  startup_cm7.o [31]
CpuUserInt15_Handler    0x1028'7fa9          Code  Wk  startup_cm7.o [31]
CpuUserInt1_Handler     0x1028'6e35    0x26  Code  Gb  cy_interrupt_map.o [23]
CpuUserInt2_Handler     0x1028'6e5b    0x26  Code  Gb  cy_interrupt_map.o [23]
CpuUserInt3_Handler     0x1028'6e81    0x26  Code  Gb  cy_interrupt_map.o [23]
CpuUserInt4_Handler     0x1028'6ea7    0x26  Code  Gb  cy_interrupt_map.o [23]
CpuUserInt5_Handler     0x1028'6ecd    0x26  Code  Gb  cy_interrupt_map.o [23]
CpuUserInt6_Handler     0x1028'6ef3    0x26  Code  Gb  cy_interrupt_map.o [23]
CpuUserInt7_Handler     0x1028'6f19    0x26  Code  Gb  cy_interrupt_map.o [23]
CpuUserInt8_Handler     0x1028'7f8d          Code  Wk  startup_cm7.o [31]
CpuUserInt9_Handler     0x1028'7f91          Code  Wk  startup_cm7.o [31]
Cy_DefaultUserHandler   0x1028'6e0d     0x2  Code  Gb  cy_interrupt_map.o [23]
Cy_GPIO_ClearInterrupt  0x1028'136f     0xe  Code  Lc  cy_gpio.o [14]
Cy_GPIO_Clr             0x1028'3609     0xa  Code  Lc  zf_driver_gpio.o [49]
Cy_GPIO_Inv             0x1028'3613     0xa  Code  Lc  zf_driver_gpio.o [49]
Cy_GPIO_Pin_Init        0x1028'13b3    0x72  Code  Gb  cy_gpio.o [14]
Cy_GPIO_Read            0x1028'35f5     0xa  Code  Lc  zf_driver_gpio.o [49]
Cy_GPIO_Set             0x1028'35ff     0xa  Code  Lc  zf_driver_gpio.o [49]
Cy_GPIO_SetDriveSel     0x1028'1351    0x1e  Code  Lc  cy_gpio.o [14]
Cy_GPIO_SetDrivemode    0x1028'1301    0x1c  Code  Lc  cy_gpio.o [14]
Cy_GPIO_SetDrivemode    0x1028'361d    0x1c  Code  Lc  zf_driver_gpio.o [49]
Cy_GPIO_SetHSIOM        0x1028'129d    0x4c  Code  Lc  cy_gpio.o [14]
Cy_GPIO_SetInterruptEdge
                        0x1028'1397    0x1c  Code  Lc  cy_gpio.o [14]
Cy_GPIO_SetInterruptMask
                        0x1028'137d    0x1a  Code  Lc  cy_gpio.o [14]
Cy_GPIO_SetSlewRate     0x1028'1337    0x1a  Code  Lc  cy_gpio.o [14]
Cy_GPIO_SetVtrip        0x1028'131d    0x1a  Code  Lc  cy_gpio.o [14]
Cy_GPIO_Write           0x1028'12e9    0x18  Code  Lc  cy_gpio.o [14]
Cy_IPC_Drv_AcquireNotify
                        0x1028'5e21     0xc  Code  Lc  cy_ipc_pipe.o [15]
Cy_IPC_Drv_GetInterruptStatus
                        0x1028'5e1d     0x4  Code  Lc  cy_ipc_pipe.o [15]
Cy_IPC_Drv_GetInterruptStatusMasked
                        0x1028'5e19     0x4  Code  Lc  cy_ipc_pipe.o [15]
Cy_IPC_Drv_GetIntrBaseAddr
                        0x1028'5ddd    0x2c  Code  Lc  cy_ipc_pipe.o [15]
Cy_IPC_Drv_GetIpcBaseAddress
                        0x1028'5dad    0x30  Code  Lc  cy_ipc_pipe.o [15]
Cy_IPC_Drv_IsLockAcquired
                        0x1028'60c1     0x8  Code  Lc  cy_ipc_drv.o [15]
Cy_IPC_Drv_IsLockAcquired
                        0x1028'5e31     0x8  Code  Lc  cy_ipc_pipe.o [15]
Cy_IPC_Drv_LockAcquire  0x1028'60c9    0x10  Code  Gb  cy_ipc_drv.o [15]
Cy_IPC_Drv_LockRelease  0x1028'60d9    0x20  Code  Gb  cy_ipc_drv.o [15]
Cy_IPC_Drv_ReadDataValue
                        0x1028'60bd     0x4  Code  Lc  cy_ipc_drv.o [15]
Cy_IPC_Drv_ReadMsgPtr   0x1028'5e39     0x8  Code  Lc  cy_ipc_pipe.o [15]
Cy_IPC_Drv_ReadMsgWord  0x1028'60f9    0x20  Code  Gb  cy_ipc_drv.o [15]
Cy_IPC_Drv_ReleaseNotify
                        0x1028'60b1     0xc  Code  Lc  cy_ipc_drv.o [15]
Cy_IPC_Drv_SetInterruptMask
                        0x1028'5e09    0x10  Code  Lc  cy_ipc_pipe.o [15]
Cy_IPC_Drv_WriteDataValue
                        0x1028'5e2d     0x4  Code  Lc  cy_ipc_pipe.o [15]
Cy_IPC_Pipe_Init        0x1028'5e41    0x9a  Code  Gb  cy_ipc_pipe.o [15]
Cy_IPC_Pipe_Isr         0x1028'5fbd    0x1e  Code  Gb  cy_ipc_pipe.o [15]
Cy_IPC_Pipe_RegisterCallback
                        0x1028'5fa9    0x12  Code  Gb  cy_ipc_pipe.o [15]
Cy_IPC_Pipe_SendMessage
                        0x1028'5f13    0x96  Code  Gb  cy_ipc_pipe.o [15]
Cy_RestoreIRQ           0x1028'6b4d          Code  Gb  startup_cm7.o [31]
Cy_SCB_ClearRxFifo      0x1028'008b    0x1e  Code  Lc  zf_driver_spi.o [49]
Cy_SCB_ClearRxInterrupt
                        0x1028'6f8f     0xa  Code  Lc  cm7_1_isr.o [45]
Cy_SCB_ClearTxInterrupt
                        0x1028'6f9f     0xa  Code  Lc  cm7_1_isr.o [45]
Cy_SCB_GetFifoSize      0x1028'00e5    0x12  Code  Lc  zf_driver_spi.o [49]
Cy_SCB_GetNumInRxFifo   0x1028'0081     0xa  Code  Lc  zf_driver_spi.o [49]
Cy_SCB_GetNumInRxFifo   0x1028'17d7     0xa  Code  Lc  zf_driver_uart.o [49]
Cy_SCB_GetNumInTxFifo   0x1028'00af     0xa  Code  Lc  zf_driver_spi.o [49]
Cy_SCB_GetNumInTxFifo   0x1028'17e7     0xa  Code  Lc  zf_driver_uart.o [49]
Cy_SCB_GetRxInterruptMask
                        0x1028'6f89     0x6  Code  Lc  cm7_1_isr.o [45]
Cy_SCB_GetRxInterruptMask
                        0x1028'1823     0x6  Code  Lc  zf_driver_uart.o [49]
Cy_SCB_GetTxInterruptMask
                        0x1028'6f99     0x6  Code  Lc  cm7_1_isr.o [45]
Cy_SCB_GetTxInterruptMask
                        0x1028'182f     0x6  Code  Lc  zf_driver_uart.o [49]
Cy_SCB_GetTxSrValid     0x1028'00b9     0xa  Code  Lc  zf_driver_spi.o [49]
Cy_SCB_GetTxSrValid     0x1028'17f1     0xa  Code  Lc  zf_driver_uart.o [49]
Cy_SCB_IsTxComplete     0x1028'00c3    0x22  Code  Lc  zf_driver_spi.o [49]
Cy_SCB_IsTxComplete     0x1028'17fb    0x22  Code  Lc  zf_driver_uart.o [49]
Cy_SCB_ReadRxFifo       0x1028'17d1     0x6  Code  Lc  zf_driver_uart.o [49]
Cy_SCB_SPI_ClearRxFifo  0x1028'0115     0x8  Code  Lc  zf_driver_spi.o [49]
Cy_SCB_SPI_Enable       0x1028'00f7     0xa  Code  Lc  zf_driver_spi.o [49]
Cy_SCB_SPI_GetNumInRxFifo
                        0x1028'010d     0x8  Code  Lc  zf_driver_spi.o [49]
Cy_SCB_SPI_Init         0x1028'1431   0x1d8  Code  Gb  cy_scb_spi.o [24]
Cy_SCB_SPI_SetActiveSlaveSelect
                        0x1028'0101     0xc  Code  Lc  zf_driver_spi.o [49]
Cy_SCB_SetRxInterruptMask
                        0x1028'181d     0x6  Code  Lc  zf_driver_uart.o [49]
Cy_SCB_SetTxInterruptMask
                        0x1028'1829     0x6  Code  Lc  zf_driver_uart.o [49]
Cy_SCB_UART_DeInit      0x1028'284d    0x5c  Code  Gb  cy_scb_uart.o [24]
Cy_SCB_UART_Enable      0x1028'1835     0xa  Code  Lc  zf_driver_uart.o [49]
Cy_SCB_UART_Init        0x1028'25c9   0x284  Code  Gb  cy_scb_uart.o [24]
Cy_SCB_WriteTxFifo      0x1028'00a9     0x6  Code  Lc  zf_driver_spi.o [49]
Cy_SCB_WriteTxFifo      0x1028'17e1     0x6  Code  Lc  zf_driver_uart.o [49]
Cy_SaveIRQ              0x1028'6b45          Code  Gb  startup_cm7.o [31]
Cy_SysClk_CheckDividerExisting
                        0x1028'5a7d    0x2a  Code  Lc  zf_device_mt9v03x.o [48]
Cy_SysClk_CheckDividerExisting
                        0x1028'3799    0x2a  Code  Lc  zf_driver_delay.o [49]
Cy_SysClk_CheckDividerExisting
                        0x1028'6121    0x2a  Code  Lc  zf_driver_pit.o [49]
Cy_SysClk_CheckDividerExisting
                        0x1028'011d    0x2c  Code  Lc  zf_driver_spi.o [49]
Cy_SysClk_CheckDividerExisting
                        0x1028'162d    0x2c  Code  Lc  zf_driver_uart.o [49]
Cy_SysClk_ClkPathGetSource
                        0x1028'3da1    0x54  Code  Gb  cy_sysclk.o [33]
Cy_SysClk_EcoGetStatus  0x1028'3c2d    0x1a  Code  Lc  cy_sysclk.o [33]
Cy_SysClk_Fast0ClkGetDivider
                        0x1028'3d75    0x16  Code  Lc  cy_sysclk.o [33]
Cy_SysClk_Fast1ClkGetDivider
                        0x1028'3d8b    0x16  Code  Lc  cy_sysclk.o [33]
Cy_SysClk_FllGetConfiguration
                        0x1028'3dfd    0x7e  Code  Gb  cy_sysclk.o [33]
Cy_SysClk_FllGetLockStatus
                        0x1028'3c47     0xc  Code  Lc  cy_sysclk.o [33]
Cy_SysClk_GetClockGroup
                        0x1028'5b25     0x8  Code  Lc  zf_device_mt9v03x.o [48]
Cy_SysClk_GetClockGroup
                        0x1028'3841     0x8  Code  Lc  zf_driver_delay.o [49]
Cy_SysClk_GetClockGroup
                        0x1028'61c9     0x8  Code  Lc  zf_driver_pit.o [49]
Cy_SysClk_GetClockGroup
                        0x1028'0201     0x8  Code  Lc  zf_driver_spi.o [49]
Cy_SysClk_GetClockGroup
                        0x1028'1711     0x8  Code  Lc  zf_driver_uart.o [49]
Cy_SysClk_GetCoreFrequency
                        0x1028'44c1    0x2a  Code  Gb  cy_sysclk.o [33]
Cy_SysClk_GetEcoFrequency
                        0x1028'3fc9    0x32  Code  Gb  cy_sysclk.o [33]
Cy_SysClk_GetExtFrequency
                        0x1028'3ffd    0x1e  Code  Gb  cy_sysclk.o [33]
Cy_SysClk_GetFast0Frequency
                        0x1028'4415    0x56  Code  Gb  cy_sysclk.o [33]
Cy_SysClk_GetFast1Frequency
                        0x1028'446b    0x56  Code  Gb  cy_sysclk.o [33]
Cy_SysClk_GetFllInputFrequency
                        0x1028'411d     0xc  Code  Gb  cy_sysclk.o [33]
Cy_SysClk_GetFllOutputFrequency
                        0x1028'4145    0x78  Code  Gb  cy_sysclk.o [33]
Cy_SysClk_GetHfClkFrequency
                        0x1028'4397    0x7a  Code  Gb  cy_sysclk.o [33]
Cy_SysClk_GetIlo0Frequency
                        0x1028'401b    0x32  Code  Gb  cy_sysclk.o [33]
Cy_SysClk_GetIlo1Frequency
                        0x1028'404d    0x32  Code  Gb  cy_sysclk.o [33]
Cy_SysClk_GetImoFrequency
                        0x1028'3f97    0x32  Code  Gb  cy_sysclk.o [33]
Cy_SysClk_GetPathFrequency
                        0x1028'4365    0x32  Code  Gb  cy_sysclk.o [33]
Cy_SysClk_GetPathSourceFrequency
                        0x1028'40b9    0x64  Code  Gb  cy_sysclk.o [33]
Cy_SysClk_GetPll400MNo  0x1028'3c91    0x14  Code  Lc  cy_sysclk.o [33]
Cy_SysClk_GetPllInputFrequency
                        0x1028'4129    0x1c  Code  Gb  cy_sysclk.o [33]
Cy_SysClk_GetPllNo      0x1028'3c55    0x12  Code  Lc  cy_sysclk.o [33]
Cy_SysClk_GetPllOutputFrequency
                        0x1028'41c1   0x1a0  Code  Gb  cy_sysclk.o [33]
Cy_SysClk_GetWcoFrequency
                        0x1028'407f    0x32  Code  Gb  cy_sysclk.o [33]
Cy_SysClk_HfClockGetDivider
                        0x1028'3d33    0x42  Code  Lc  cy_sysclk.o [33]
Cy_SysClk_HfClockGetSource
                        0x1028'3cdf    0x54  Code  Lc  cy_sysclk.o [33]
Cy_SysClk_InitGetFreqParams
                        0x1028'3f7d    0x1a  Code  Gb  cy_sysclk.o [33]
Cy_SysClk_PeriphAssignDivider
                        0x1028'5b2d    0x68  Code  Lc  zf_device_mt9v03x.o [48]
Cy_SysClk_PeriphAssignDivider
                        0x1028'3849    0x68  Code  Lc  zf_driver_delay.o [49]
Cy_SysClk_PeriphAssignDivider
                        0x1028'61d1    0x68  Code  Lc  zf_driver_pit.o [49]
Cy_SysClk_PeriphAssignDivider
                        0x1028'0209    0x6a  Code  Lc  zf_driver_spi.o [49]
Cy_SysClk_PeriphAssignDivider
                        0x1028'1719    0x6a  Code  Lc  zf_driver_uart.o [49]
Cy_SysClk_PeriphEnableDivider
                        0x1028'5b95    0x4c  Code  Lc  zf_device_mt9v03x.o [48]
Cy_SysClk_PeriphEnableDivider
                        0x1028'38b1    0x4c  Code  Lc  zf_driver_delay.o [49]
Cy_SysClk_PeriphEnableDivider
                        0x1028'6239    0x4c  Code  Lc  zf_driver_pit.o [49]
Cy_SysClk_PeriphEnableDivider
                        0x1028'0273    0x4e  Code  Lc  zf_driver_spi.o [49]
Cy_SysClk_PeriphEnableDivider
                        0x1028'1783    0x4e  Code  Lc  zf_driver_uart.o [49]
Cy_SysClk_PeriphSetDivider
                        0x1028'5aa7    0x7e  Code  Lc  zf_device_mt9v03x.o [48]
Cy_SysClk_PeriphSetDivider
                        0x1028'37c3    0x7e  Code  Lc  zf_driver_delay.o [49]
Cy_SysClk_PeriphSetDivider
                        0x1028'614b    0x7e  Code  Lc  zf_driver_pit.o [49]
Cy_SysClk_PeriphSetFracDivider
                        0x1028'0149    0xb8  Code  Lc  zf_driver_spi.o [49]
Cy_SysClk_PeriphSetFracDivider
                        0x1028'1659    0xb8  Code  Lc  zf_driver_uart.o [49]
Cy_SysClk_Pll400MGetConfiguration
                        0x1028'3ee9    0x84  Code  Gb  cy_sysclk.o [33]
Cy_SysClk_Pll400MGetLockStatus
                        0x1028'3ca5    0x2a  Code  Lc  cy_sysclk.o [33]
Cy_SysClk_PllGetConfiguration
                        0x1028'3e95    0x48  Code  Gb  cy_sysclk.o [33]
Cy_SysClk_PllGetLockStatus
                        0x1028'3c67    0x28  Code  Lc  cy_sysclk.o [33]
Cy_SysClk_WcoOkay       0x1028'3cd1     0xe  Code  Lc  cy_sysclk.o [33]
Cy_SysInt_InitIRQ       0x1028'2ae1    0x7e  Code  Gb  cy_sysint.o [35]
Cy_SysInt_SetSystemIrqVector
                        0x1028'2b5f    0x12  Code  Gb  cy_sysint.o [35]
Cy_SysInt_SystemIrqUserTableRamPointer
                        0x2808'06ec     0x4  Data  Gb  cy_interrupt_map.o [23]
Cy_SysLib_DelayCycles   0x1028'7d31          Code  Gb  cy_syslib_iar.o [36]
Cy_SysLib_EnterCriticalSection
                        0x1028'7d41          Code  Gb  cy_syslib_iar.o [36]
Cy_SysLib_ExitCriticalSection
                        0x1028'7d49          Code  Gb  cy_syslib_iar.o [36]
Cy_SysLib_FaultHandler  0x1028'4589    0x90  Code  Gb  cy_syslib.o [36]
Cy_SysLib_Halt          0x1028'4585     0x4  Code  Gb  cy_syslib.o [36]
Cy_SysLib_ProcessingFault
                        0x1028'462d     0x2  Code  Wk  cy_syslib.o [36]
Cy_SysLib_SvcHandler    0x1028'7ec5     0xc  Code  Wk  cy_syslib.o [36]
Cy_SystemInitFpuEnable  0x1028'6ae5    0x1e  Code  Gb  system_tviibh4m_cm7.o [22]
Cy_SystemIrqUserTable   0x2808'0000   0x6ec  Data  Gb  cy_interrupt_map.o [23]
Cy_Tcpwm_Counter_ClearTC_Intr
                        0x1028'3c0f    0x10  Code  Gb  cy_tcpwm_counter.o [43]
Cy_Tcpwm_Counter_Enable
                        0x1028'3bf1     0xa  Code  Gb  cy_tcpwm_counter.o [43]
Cy_Tcpwm_Counter_GetCounter
                        0x1028'3bff     0x4  Code  Gb  cy_tcpwm_counter.o [43]
Cy_Tcpwm_Counter_Init   0x1028'3a71   0x16c  Code  Gb  cy_tcpwm_counter.o [43]
Cy_Tcpwm_Counter_SetCounter
                        0x1028'3bfb     0x4  Code  Gb  cy_tcpwm_counter.o [43]
Cy_Tcpwm_Counter_SetTC_IntrMask
                        0x1028'3c03     0xc  Code  Gb  cy_tcpwm_counter.o [43]
Cy_Tcpwm_TriggerStart   0x1028'3c1f     0xc  Code  Gb  cy_tcpwm.o [43]
Cy_u32StartupStackEndAddress
                        0x1028'76cc          Data  Gb  startup_cm7.o [31]
Cy_u32StartupStackStartAddress
                        0x1028'76c8          Data  Gb  startup_cm7.o [31]
DebugMon_Handler        0x1028'7f81          Code  Wk  startup_cm7.o [31]
ExecCallback            0x1028'5fdb    0x9a  Code  Lc  cy_ipc_pipe.o [15]
HEAP_STACK$$Base        0x280b'e000           --   Gb  - Linker created -
HEAP_STACK$$Limit       0x280c'0000           --   Gb  - Linker created -
HardFault_Handler       0x1028'7d09          Code  Wk  startup_cm7.o [31]
InitEndpoint            0x1028'5edb    0x38  Code  Lc  cy_ipc_pipe.o [15]
InitRamEcc              0x1028'687f   0x100  Code  Lc  startup.o [31]
InitRamEccClearArea     0x1028'697f    0x12  Code  Lc  startup.o [31]
L_boundary              0x2809'14c0    0x78  Data  Gb  main_cm7_1.o [45]
M_boundary              0x2809'15b0    0x78  Data  Gb  main_cm7_1.o [45]
Main_Init               0x1028'7487    0xc6  Code  Gb  common.o [5]
MemManage_Handler       0x1028'7f75          Code  Wk  startup_cm7.o [31]
NMI_Handler             0x1028'7f71          Code  Wk  startup_cm7.o [31]
PendSV_Handler          0x1028'7f85          Code  Wk  startup_cm7.o [31]
R_boundary              0x2809'1538    0x78  Data  Gb  main_cm7_1.o [45]
Region$$Table$$Base     0x1028'7ce8           --   Gb  - Linker created -
Region$$Table$$Limit    0x1028'7d08           --   Gb  - Linker created -
Reset_Handler           0x1028'7621          Code  Wk  startup_cm7.o [31]
SVC_Handler             0x1028'7db5          Code  Wk  startup_cm7.o [31]
Startup_Init            0x1028'67f1    0x8e  Code  Gb  startup.o [31]
SysTick_Handler         0x1028'7f89          Code  Wk  startup_cm7.o [31]
SystemCoreClock         0x2809'182c     0x4  Data  Gb  system_tviibh4m_cm7.o [22]
SystemCoreClockUpdate   0x1028'6a51    0x94  Code  Gb  system_tviibh4m_cm7.o [22]
SystemInit              0x1028'69f5    0x5c  Code  Gb  system_tviibh4m_cm7.o [22]
UsageFault_Handler      0x1028'7f7d          Code  Wk  startup_cm7.o [31]
_PrintfTiny             0x1028'28f5   0x124  Code  Gb  xprintftiny.o [50]
_SProut                 0x1028'1623     0xa  Code  Gb  xsprout.o [50]
__NVIC_ClearPendingIRQ  0x1028'6df1    0x1c  Code  Lc  cy_interrupt_map.o [23]
__NVIC_ClearPendingIRQ  0x1028'24f9    0x1c  Code  Lc  zf_common_interrupt.o [46]
__NVIC_ClearPendingIRQ  0x1028'7395    0x1c  Code  Lc  zf_driver_ipc.o [49]
__NVIC_EnableIRQ        0x1028'24dd    0x1c  Code  Lc  zf_common_interrupt.o [46]
__NVIC_EnableIRQ        0x1028'7379    0x1c  Code  Lc  zf_driver_ipc.o [49]
__NVIC_SetPriority      0x1028'2515    0x24  Code  Lc  zf_common_interrupt.o [46]
__Vectors               0x1028'0000           --   Gb  startup_cm7.o [31]
__Vectors_End           0x1028'0080          Data  Gb  startup_cm7.o [31]
__Vectors_Size {Abs}           0x80           --   Gb  startup_cm7.o [31]
__aeabi_ldiv0           0x1028'1621          Code  Gb  I64DivZer.o [52]
__aeabi_memclr4         0x1028'25c1          Code  Gb  ABImemclr4.o [52]
__aeabi_memcpy          0x1028'2a19          Code  Gb  ABImemcpy.o [52]
__aeabi_memcpy4         0x1028'2a39          Code  Gb  ABImemcpy.o [52]
__aeabi_memcpy8         0x1028'2a39          Code  Gb  ABImemcpy.o [52]
__aeabi_memset          0x1028'0d79          Code  Gb  ABImemset.o [52]
__aeabi_uldivmod        0x1028'0b49          Code  Gb  I64DivMod.o [52]
__cmain                 0x1028'7d51          Code  Gb  cmain.o [52]
__ecc_init_dtcm_end_address {Abs}
                        0x2000'3fff          Data  Gb  <internal module>
__ecc_init_dtcm_start_address {Abs}
                        0x2000'0000          Data  Gb  <internal module>
__ecc_init_itcm_end_address {Abs}
                             0x3fff          Data  Gb  <internal module>
__ecc_init_itcm_start_address {Abs}
                                0x0          Data  Gb  <internal module>
__ecc_init_sram_end_address {Abs}
                        0x280b'ffff          Data  Gb  <internal module>
__ecc_init_sram_start_address {Abs}
                        0x2808'0000          Data  Gb  <internal module>
__exit                  0x1028'7d85    0x14  Code  Gb  exit.o [53]
__iar_Memset            0x1028'0d79          Code  Gb  ABImemset.o [52]
__iar_Memset4_word      0x1028'2b8d          Code  Gb  ABImemset48.o [52]
__iar_Memset8_word      0x1028'2b8d          Code  Gb  ABImemset48.o [52]
__iar_Memset_word       0x1028'0d81          Code  Gb  ABImemset.o [52]
__iar_Strchr            0x1028'6dd9          Code  Gb  strchr.o [52]
__iar_data_init3        0x1028'7c9d    0x28  Code  Gb  data_init.o [52]
__iar_init_vfp          0x1028'7cc5          Code  Gb  fpinit_M.o [51]
__iar_lz77_init_single3
                        0x1028'0ddf    0x7e  Code  Gb  lz77_init_single.o [52]
__iar_program_start     0x1028'7dd1          Code  Gb  cstartup_M.o [52]
__iar_zero_init3        0x1028'7c3d    0x38  Code  Gb  zero_init3.o [52]
__low_level_init        0x1028'7d71          Code  Gb  startup_cm7.o [31]
__ramVectors            0x2809'1880          Data  Gb  startup_cm7.o [31]
__vector_table          0x1028'0000          Data  Gb  startup_cm7.o [31]
__vector_table_0x1c     0x1028'001c          Data  Gb  startup_cm7.o [31]
_call_main              0x1028'7d5d          Code  Gb  cmain.o [52]
_exit                   0x1028'7d79          Code  Gb  cexit.o [52]
ascii_font_6x8          0x1028'65c8   0x228  Data  Gb  zf_common_font.o [46]
ascii_font_8x16         0x1028'548c   0x5f0  Data  Gb  zf_common_font.o [46]
assert_interrupt_config
                        0x1028'2571     0xc  Code  Gb  zf_common_interrupt.o [46]
binary_buffer           0x2808'0754  0x5820  Data  Lc  main_cm7_1.o [45]
bluetooth_ch9141_fifo   0x2809'1788    0x18  Data  Lc  zf_device_bluetooth_ch9141.o [48]
bluetooth_ch9141_read_buffer
                        0x1028'7737    0x2c  Code  Gb  zf_device_bluetooth_ch9141.o [48]
bluetooth_ch9141_send_buffer
                        0x1028'76d1    0x66  Code  Gb  zf_device_bluetooth_ch9141.o [48]
camera_finish_callback  0x1028'5be1    0x1e  Code  Gb  zf_device_mt9v03x.o [48]
clock_init              0x1028'7575    0x16  Code  Gb  zf_common_clock.o [46]
cs_pin_save             0x2809'1848     0x4  Data  Gb  zf_driver_spi.o [49]
cy_assertFileName       0x2809'1758    0x18  Data  Gb  cy_syslib.o [36]
cy_assertLine           0x2809'1824     0x4  Data  Gb  cy_syslib.o [36]
cy_delay32kMs           0x2809'183c     0x4  Data  Gb  system_tviibh4m_cm7.o [22]
cy_delayFreqHz          0x2809'1830     0x4  Data  Gb  system_tviibh4m_cm7.o [22]
cy_delayFreqKhz         0x2809'1834     0x4  Data  Gb  system_tviibh4m_cm7.o [22]
cy_delayFreqMhz         0x2809'1838     0x4  Data  Gb  system_tviibh4m_cm7.o [22]
cy_faultFrame           0x2809'1628    0x70  Data  Gb  cy_syslib.o [36]
cy_ipc_pipe_callbackArray
                        0x2809'1720    0x20  Data  Lc  cy_ipc_pipe.o [15]
cy_ipc_pipe_drvInitialized
                        0x2809'1861     0x1  Data  Lc  cy_ipc_pipe.o [15]
cy_ipc_pipe_epCfgStatus
                        0x2809'1698    0x48  Data  Lc  cy_ipc_pipe.o [15]
cy_ipc_pipe_epForThisCpu
                        0x2809'1860     0x1  Data  Lc  cy_ipc_pipe.o [15]
data_buffer             0x2809'0fb4   0x1e0  Data  Lc  zf_device_ips114.o [48]
debug_assert_handler    0x1028'119d    0x3c  Code  Gb  zf_common_debug.o [46]
debug_assert_handler::assert_nest_index
                        0x2809'1866     0x1  Data  Lc  zf_common_debug.o [46]
debug_delay             0x1028'0e5d    0x36  Code  Lc  zf_common_debug.o [46]
debug_info_init         0x1028'1223    0x18  Code  Gb  zf_common_debug.o [46]
debug_init              0x1028'123b    0x2a  Code  Gb  zf_common_debug.o [46]
debug_interrupr_handler
                        0x1028'117d    0x20  Code  Gb  zf_common_debug.o [46]
debug_output            0x1028'0e9f   0x2bc  Code  Lc  zf_common_debug.o [46]
debug_output_info       0x2809'1800    0x14  Data  Lc  zf_common_debug.o [46]
debug_output_init       0x1028'11f9    0x2a  Code  Gb  zf_common_debug.o [46]
debug_output_struct_init
                        0x1028'11d9    0x20  Code  Gb  zf_common_debug.o [46]
debug_read_ring_buffer  0x1028'116b    0x12  Code  Gb  zf_common_debug.o [46]
debug_send_buffer       0x1028'115b    0x10  Code  Gb  zf_common_debug.o [46]
debug_uart_buffer       0x2809'16e0    0x40  Data  Gb  zf_common_debug.o [46]
debug_uart_data         0x2809'1865     0x1  Data  Gb  zf_common_debug.o [46]
debug_uart_fifo         0x2809'1770    0x18  Data  Gb  zf_common_debug.o [46]
debug_uart_str_output   0x1028'0e93     0xc  Code  Lc  zf_common_debug.o [46]
delay_clk               0x2808'074c     0x2  Data  Lc  zf_driver_delay.o [49]
divNumLocator           0x1028'7ed0     0x8  Data  Gb  cy_sysclk.o [33]
exit                    0x1028'7d75     0x4  Code  Gb  exit.o [50]
fifo_clear              0x1028'1f01    0x74  Code  Gb  zf_common_fifo.o [46]
fifo_end_offset         0x1028'1ee7    0x1a  Code  Lc  zf_common_fifo.o [46]
fifo_head_offset        0x1028'1ecd    0x1a  Code  Lc  zf_common_fifo.o [46]
fifo_init               0x1028'249d    0x3a  Code  Gb  zf_common_fifo.o [46]
fifo_read_buffer        0x1028'2137   0x1a0  Code  Gb  zf_common_fifo.o [46]
fifo_read_tail_buffer   0x1028'22d7   0x1c6  Code  Gb  zf_common_fifo.o [46]
fifo_used               0x1028'1f75    0x22  Code  Gb  zf_common_fifo.o [46]
fifo_write_buffer       0x1028'1f97   0x1a0  Code  Gb  zf_common_fifo.o [46]
func_int_to_str         0x1028'6d4d    0x86  Code  Gb  zf_common_function.o [46]
get_scb_module          0x1028'198b    0x44  Code  Gb  zf_driver_uart.o [49]
get_uart_config         0x1028'183f   0x14c  Code  Lc  zf_driver_uart.o [49]
gnss_flag               0x2809'1867     0x1  Data  Gb  zf_device_gnss.o [48]
gnss_gga_state          0x2809'1869     0x1  Data  Lc  zf_device_gnss.o [48]
gnss_receiver_fifo      0x2809'17a0    0x18  Data  Lc  zf_device_gnss.o [48]
gnss_rmc_state          0x2809'186a     0x1  Data  Lc  zf_device_gnss.o [48]
gnss_state              0x2809'1868     0x1  Data  Lc  zf_device_gnss.o [48]
gnss_ths_state          0x2809'186b     0x1  Data  Lc  zf_device_gnss.o [48]
gnss_uart_callback      0x1028'7119    0xe2  Code  Gb  zf_device_gnss.o [48]
gpio_get_level          0x1028'367d    0x22  Code  Gb  zf_driver_gpio.o [49]
gpio_init               0x1028'370d    0x88  Code  Gb  zf_driver_gpio.o [49]
gpio_set_dir            0x1028'36bf    0x4e  Code  Gb  zf_driver_gpio.o [49]
gpio_set_level          0x1028'3639    0x44  Code  Gb  zf_driver_gpio.o [49]
gpio_toggle_level       0x1028'369f    0x20  Code  Gb  zf_driver_gpio.o [49]
gps_gga_buffer          0x2809'1340    0x80  Data  Lc  zf_device_gnss.o [48]
gps_rmc_buffer          0x2809'13c0    0x80  Data  Lc  zf_device_gnss.o [48]
gps_ths_buffer          0x2809'1440    0x80  Data  Lc  zf_device_gnss.o [48]
image_binarize          0x1028'7259    0x2e  Code  Gb  view_fun.o [5]
img                     0x2808'5f74  0x5820  Data  Gb  main_cm7_1.o [45]
intFreqInitialized      0x2809'1862     0x1  Data  Gb  cy_sysclk.o [33]
internalBaseFreqInfo    0x2809'1740    0x18  Data  Gb  cy_sysclk.o [33]
interrupt_global_disable
                        0x1028'2549    0x14  Code  Gb  zf_common_interrupt.o [46]
interrupt_global_enable
                        0x1028'2539    0x10  Code  Gb  zf_common_interrupt.o [46]
interrupt_global_flag   0x2809'1844     0x4  Data  Lc  zf_common_interrupt.o [46]
interrupt_init          0x1028'2589    0x36  Code  Gb  zf_common_interrupt.o [46]
interrupt_set_priority  0x1028'257d     0xc  Code  Gb  zf_common_interrupt.o [46]
ipc_communicate_init    0x1028'7411    0x52  Code  Gb  zf_driver_ipc.o [49]
ipc_default_callback    0x1028'73b1     0x2  Code  Lc  zf_driver_ipc.o [49]
ipc_port_save           0x2809'186f     0x1  Data  Gb  zf_driver_ipc.o [49]
ipc_received_callback   0x1028'73bb     0xc  Code  Gb  zf_driver_ipc.o [49]
ipc_release_callback    0x1028'73b3     0x8  Code  Gb  zf_driver_ipc.o [49]
ipc_released            0x2809'1870     0x1  Data  Gb  zf_driver_ipc.o [49]
ipc_send_data           0x1028'73c7    0x4a  Code  Gb  zf_driver_ipc.o [49]
ips114_bgcolor          0x2808'074a     0x2  Data  Lc  zf_device_ips114.o [48]
ips114_clear            0x1028'2df9    0x66  Code  Gb  zf_device_ips114.o [48]
ips114_debug_init       0x1028'2d8f    0x68  Code  Lc  zf_device_ips114.o [48]
ips114_display_dir      0x2809'186c     0x1  Data  Lc  zf_device_ips114.o [48]
ips114_display_font     0x2808'0750     0x1  Data  Lc  zf_device_ips114.o [48]
ips114_draw_point       0x1028'2ea7    0x7c  Code  Gb  zf_device_ips114.o [48]
ips114_height_max       0x2808'0746     0x2  Data  Gb  zf_device_ips114.o [48]
ips114_init             0x1028'334d   0x27c  Code  Gb  zf_device_ips114.o [48]
ips114_pencolor         0x2808'0748     0x2  Data  Lc  zf_device_ips114.o [48]
ips114_set_color        0x1028'2e99     0xe  Code  Gb  zf_device_ips114.o [48]
ips114_set_dir          0x1028'2e5f    0x3a  Code  Gb  zf_device_ips114.o [48]
ips114_set_region       0x1028'2bdf   0x1b0  Code  Lc  zf_device_ips114.o [48]
ips114_show_char        0x1028'2f23   0x1f4  Code  Gb  zf_device_ips114.o [48]
ips114_show_gray_image  0x1028'31dd   0x14c  Code  Gb  zf_device_ips114.o [48]
ips114_show_string      0x1028'3119    0xaa  Code  Gb  zf_device_ips114.o [48]
ips114_width_max        0x2808'0744     0x2  Data  Gb  zf_device_ips114.o [48]
ips114_write_index      0x1028'2bc1    0x1e  Code  Lc  zf_device_ips114.o [48]
main                    0x1028'7805    0x94  Code  Gb  main_cm7_1.o [45]
mt9v03x_auto_exp        0x2809'1854     0x4  Data  Lc  zf_device_config_mt9v03x.o [54]
mt9v03x_exp_time        0x2809'1858     0x4  Data  Lc  zf_device_config_mt9v03x.o [54]
mt9v03x_finish_flag     0x2809'186d     0x1  Data  Gb  zf_device_mt9v03x.o [48]
mt9v03x_h_blank         0x2809'1850     0x4  Data  Lc  zf_device_config_mt9v03x.o [54]
mt9v03x_iic_inf_struct  0x2809'1814    0x10  Data  Lc  zf_device_config_mt9v03x.o [54]
mt9v03x_image           0x2808'b794  0x5820  Data  Gb  zf_device_mt9v03x.o [48]
mt9v03x_image_temp      0x2802'6024  0x5820  Data  Wk  zf_device_mt9v03x.o [48]
mt9v03x_init            0x1028'5ceb    0x86  Code  Gb  zf_device_mt9v03x.o [48]
mt9v03x_read_word_sccb  0x1028'46ed    0x28  Code  Lc  zf_device_config_mt9v03x.o [54]
mt9v03x_row             0x2809'185c     0x4  Data  Lc  zf_device_config_mt9v03x.o [54]
mt9v03x_sccb_check_id   0x1028'4715    0x60  Code  Gb  zf_device_config_mt9v03x.o [54]
mt9v03x_sccb_init       0x1028'5caf    0x3c  Code  Gb  zf_device_mt9v03x.o [48]
mt9v03x_sccb_set_config
                        0x1028'4775   0x6fe  Code  Gb  zf_device_config_mt9v03x.o [54]
mt9v03x_trig_init       0x1028'5bff    0xb0  Code  Lc  zf_device_mt9v03x.o [48]
mt9v03x_v_blank         0x2809'184c     0x4  Data  Lc  zf_device_config_mt9v03x.o [54]
mt9v03x_write_and_check_word_sccb
                        0x1028'465b    0x92  Code  Lc  zf_device_config_mt9v03x.o [54]
mt9v03x_write_word_sccb
                        0x1028'4631    0x2a  Code  Lc  zf_device_config_mt9v03x.o [54]
my_ipc_callback         0x1028'7485     0x2  Code  Gb  common.o [5]
out                     0x1028'28dd    0x18  Code  Lc  xprintftiny.o [50]
pit0_ch0_isr            0x1028'6fa9    0x10  Code  Gb  cm7_1_isr.o [45]
pit0_ch1_isr            0x1028'6fb9     0xa  Code  Gb  cm7_1_isr.o [45]
pit0_ch2_isr            0x1028'6fc3     0xa  Code  Gb  cm7_1_isr.o [45]
pit_00_state            0x2809'1863     0x1  Data  Gb  main_cm7_1.o [45]
pit_init                0x1028'6295    0xec  Code  Gb  zf_driver_pit.o [49]
pit_isr_flag_clear      0x1028'6285    0x10  Code  Gb  zf_driver_pit.o [49]
pit_isr_func            0x2808'0704     0xc  Data  Gb  zf_driver_pit.o [49]
pwm_all_channel_close   0x1028'2ac1    0x1a  Code  Gb  zf_driver_pwm.o [49]
scb_module              0x2808'0730    0x14  Data  Gb  zf_driver_uart.o [49]
seek_boundary           0x1028'7287    0xe2  Code  Gb  view_fun.o [5]
seekfree_assistant_interface_init
                        0x1028'7591    0x90  Code  Wk  seekfree_assistant_interface.o [47]
seekfree_assistant_receive
                        0x1028'7f6d     0x4  Code  Wk  seekfree_assistant_interface.o [47]
seekfree_assistant_receive_callback
                        0x2808'06f4     0x4  Data  Gb  seekfree_assistant.o [47]
seekfree_assistant_transfer
                        0x1028'7f69     0x4  Code  Wk  seekfree_assistant_interface.o [47]
seekfree_assistant_transfer_callback
                        0x2808'06f0     0x4  Data  Gb  seekfree_assistant.o [47]
send_data               0x2809'1828     0x4  Data  Gb  main_cm7_1.o [45]
soft_iic_init           0x1028'5411    0x78  Code  Gb  zf_driver_soft_iic.o [49]
soft_iic_read_data      0x1028'523b   0x10e  Code  Lc  zf_driver_soft_iic.o [49]
soft_iic_sccb_read_register
                        0x1028'53a5    0x6c  Code  Gb  zf_driver_soft_iic.o [49]
soft_iic_sccb_write_register
                        0x1028'5355    0x4c  Code  Gb  zf_driver_soft_iic.o [49]
soft_iic_send_ack       0x1028'4fcd    0xc6  Code  Lc  zf_driver_soft_iic.o [49]
soft_iic_send_data      0x1028'5163    0xd8  Code  Lc  zf_driver_soft_iic.o [49]
soft_iic_start          0x1028'4e91    0x9e  Code  Lc  zf_driver_soft_iic.o [49]
soft_iic_stop           0x1028'4f2f    0x9e  Code  Lc  zf_driver_soft_iic.o [49]
soft_iic_wait_ack       0x1028'5093    0xd0  Code  Lc  zf_driver_soft_iic.o [49]
spi_get_clk_hsiom       0x1028'0357    0x20  Code  Lc  zf_driver_spi.o [49]
spi_get_clk_pin         0x1028'02c1    0x20  Code  Lc  zf_driver_spi.o [49]
spi_get_cs_hsiom        0x1028'03b7    0x36  Code  Lc  zf_driver_spi.o [49]
spi_get_cs_pin          0x1028'0321    0x36  Code  Lc  zf_driver_spi.o [49]
spi_get_miso_hsiom      0x1028'0397    0x20  Code  Lc  zf_driver_spi.o [49]
spi_get_miso_pin        0x1028'0301    0x20  Code  Lc  zf_driver_spi.o [49]
spi_get_mosi_hsiom      0x1028'0377    0x20  Code  Lc  zf_driver_spi.o [49]
spi_get_mosi_pin        0x1028'02e1    0x20  Code  Lc  zf_driver_spi.o [49]
spi_init                0x1028'08cd   0x264  Code  Gb  zf_driver_spi.o [49]
spi_module              0x2808'0710     0xc  Data  Gb  zf_driver_spi.o [49]
spi_transfer_8bit       0x1028'07fd    0xc8  Code  Gb  zf_driver_spi.o [49]
spi_write_16bit         0x1028'0689    0xaa  Code  Gb  zf_driver_spi.o [49]
spi_write_16bit_array   0x1028'0733    0xb6  Code  Gb  zf_driver_spi.o [49]
spi_write_8bit          0x1028'0529    0xaa  Code  Gb  zf_driver_spi.o [49]
spi_write_8bit_array    0x1028'05d3    0xb6  Code  Gb  zf_driver_spi.o [49]
sprintf                 0x1028'1e8d    0x40  Code  Gb  sprintf.o [50]
strchr                  0x1028'6dd9          Code  Gb  strchr.o [52]
strlen                  0x1028'1e55          Code  Gb  strlen.o [52]
strncmp                 0x1028'722d    0x2a  Code  Gb  strncmp.o [50]
strncpy                 0x1028'4515          Code  Gb  strncpy.o [52]
strstr                  0x1028'6d21    0x2c  Code  Gb  strstr.o [50]
switch_transition_length
                        0x1028'03ed   0x13c  Code  Lc  zf_driver_spi.o [49]
system_clock            0x2809'1840     0x4  Data  Gb  zf_common_clock.o [46]
system_delay_init       0x1028'39b1    0xa6  Code  Gb  zf_driver_delay.o [49]
system_delay_ms         0x1028'3953    0x5e  Code  Gb  zf_driver_delay.o [49]
system_delay_us         0x1028'38fd    0x56  Code  Gb  zf_driver_delay.o [49]
threshold               0x2808'074e     0x1  Data  Gb  main_cm7_1.o [45]
timer_ch                0x2808'0751     0x1  Data  Lc  zf_driver_delay.o [49]
type_default_callback   0x1028'7fad     0x2  Code  Lc  zf_device_type.o [48]
uart0_isr               0x1028'6fcd    0x40  Code  Gb  cm7_1_isr.o [45]
uart1_isr               0x1028'700d    0x42  Code  Gb  cm7_1_isr.o [45]
uart2_isr               0x1028'704f    0x40  Code  Gb  cm7_1_isr.o [45]
uart3_isr               0x1028'708f    0x3c  Code  Gb  cm7_1_isr.o [45]
uart4_isr               0x1028'70cb    0x42  Code  Gb  cm7_1_isr.o [45]
uart_context            0x2809'1194   0x118  Data  Gb  zf_driver_uart.o [49]
uart_init               0x1028'1c7d   0x190  Code  Gb  zf_driver_uart.o [49]
uart_isr_func           0x2808'071c    0x14  Data  Gb  zf_driver_uart.o [49]
uart_query_byte         0x1028'1a31    0x32  Code  Gb  zf_driver_uart.o [49]
uart_receiver_handler   0x2808'06fc     0x4  Data  Gb  zf_device_type.o [48]
uart_rx_interrupt       0x1028'1b7f    0xfe  Code  Gb  zf_driver_uart.o [49]
uart_tx_interrupt       0x1028'1a63   0x11c  Code  Gb  zf_driver_uart.o [49]
uart_write_buffer       0x1028'19f7    0x1e  Code  Gb  zf_driver_uart.o [49]
uart_write_byte         0x1028'19cf    0x28  Code  Gb  zf_driver_uart.o [49]
uart_write_string       0x1028'1a15    0x1c  Code  Gb  zf_driver_uart.o [49]
user_callback           0x2808'0700     0x4  Data  Gb  zf_driver_ipc.o [49]
wifi_spi_fifo           0x2809'17b8    0x18  Data  Lc  zf_device_wifi_spi.o [48]
wifi_spi_mutex          0x2809'186e     0x1  Data  Lc  zf_device_wifi_spi.o [48]
wifi_spi_read_buffer    0x1028'652d    0x90  Code  Gb  zf_device_wifi_spi.o [48]
wifi_spi_send_buffer    0x1028'6465    0xc8  Code  Gb  zf_device_wifi_spi.o [48]
wifi_spi_transfer_command
                        0x1028'63bf    0x3a  Code  Lc  zf_device_wifi_spi.o [48]
wifi_spi_transfer_data  0x1028'63f9    0x6c  Code  Lc  zf_device_wifi_spi.o [48]
wifi_spi_wait_idle      0x1028'6391    0x2e  Code  Lc  zf_device_wifi_spi.o [48]
wifi_uart_clear_receive_buffer
                        0x1028'6bc3     0xc  Code  Lc  zf_device_wifi_uart.o [48]
wifi_uart_fifo          0x2809'17d0    0x18  Data  Lc  zf_device_wifi_uart.o [48]
wifi_uart_information   0x2809'12ac    0x94  Data  Gb  zf_device_wifi_uart.o [48]
wifi_uart_read_buffer   0x1028'6cd1    0x2e  Code  Gb  zf_device_wifi_uart.o [48]
wifi_uart_send_buffer   0x1028'6bd9    0xf2  Code  Gb  zf_device_wifi_uart.o [48]
wifi_uart_wait_ack      0x1028'6b55    0x6e  Code  Lc  zf_device_wifi_uart.o [48]
wireless_module_uart_handler
                        0x2808'06f8     0x4  Data  Gb  zf_device_type.o [48]
wireless_uart_fifo      0x2809'17e8    0x18  Data  Lc  zf_device_wireless_uart.o [48]
wireless_uart_read_buffer
                        0x1028'77d1    0x2c  Code  Gb  zf_device_wireless_uart.o [48]
wireless_uart_send_buffer
                        0x1028'776d    0x64  Code  Gb  zf_device_wireless_uart.o [48]
zf_debug_assert_enable  0x2808'074f     0x1  Data  Lc  zf_common_debug.o [46]
zf_debug_init_flag      0x2809'1864     0x1  Data  Lc  zf_common_debug.o [46]


[1] = E:\IAR\V1.1.1_25323\Demo\iar\Debug_m7_1\Obj\adc_11722776235721520015.dir
[2] = E:\IAR\V1.1.1_25323\Demo\iar\Debug_m7_1\Obj\audioss_1346650047966882938.dir
[3] = E:\IAR\V1.1.1_25323\Demo\iar\Debug_m7_1\Obj\button_4990804375159372270.dir
[4] = E:\IAR\V1.1.1_25323\Demo\iar\Debug_m7_1\Obj\canfd_1800690984773873875.dir
[5] = E:\IAR\V1.1.1_25323\Demo\iar\Debug_m7_1\Obj\code_17896468042025673432.dir
[6] = E:\IAR\V1.1.1_25323\Demo\iar\Debug_m7_1\Obj\cpu_15938736945165268644.dir
[7] = E:\IAR\V1.1.1_25323\Demo\iar\Debug_m7_1\Obj\crypto_1190170608956581615.dir
[8] = E:\IAR\V1.1.1_25323\Demo\iar\Debug_m7_1\Obj\dma_12106025507578611576.dir
[9] = E:\IAR\V1.1.1_25323\Demo\iar\Debug_m7_1\Obj\eth_phy_18133017486186456677.dir
[10] = E:\IAR\V1.1.1_25323\Demo\iar\Debug_m7_1\Obj\ethernet_6029839089178797009.dir
[11] = E:\IAR\V1.1.1_25323\Demo\iar\Debug_m7_1\Obj\evtgen_3404189088603873129.dir
[12] = E:\IAR\V1.1.1_25323\Demo\iar\Debug_m7_1\Obj\flash_8529866181315662935.dir
[13] = E:\IAR\V1.1.1_25323\Demo\iar\Debug_m7_1\Obj\flash_864493325053435817.dir
[14] = E:\IAR\V1.1.1_25323\Demo\iar\Debug_m7_1\Obj\gpio_3999404635324069351.dir
[15] = E:\IAR\V1.1.1_25323\Demo\iar\Debug_m7_1\Obj\ipc_10145506163450686023.dir
[16] = E:\IAR\V1.1.1_25323\Demo\iar\Debug_m7_1\Obj\lin_18429031207028094880.dir
[17] = E:\IAR\V1.1.1_25323\Demo\iar\Debug_m7_1\Obj\lvd_6353935867039560245.dir
[18] = E:\IAR\V1.1.1_25323\Demo\iar\Debug_m7_1\Obj\mcwdt_4052485907822033969.dir
[19] = E:\IAR\V1.1.1_25323\Demo\iar\Debug_m7_1\Obj\mpu_5663187252346826382.dir
[20] = E:\IAR\V1.1.1_25323\Demo\iar\Debug_m7_1\Obj\power_14453085144426420577.dir
[21] = E:\IAR\V1.1.1_25323\Demo\iar\Debug_m7_1\Obj\prot_10722960861768657883.dir
[22] = E:\IAR\V1.1.1_25323\Demo\iar\Debug_m7_1\Obj\rev_b_4986922561640112550.dir
[23] = E:\IAR\V1.1.1_25323\Demo\iar\Debug_m7_1\Obj\rev_b_6162237342861132223.dir
[24] = E:\IAR\V1.1.1_25323\Demo\iar\Debug_m7_1\Obj\scb_15490842639181808494.dir
[25] = E:\IAR\V1.1.1_25323\Demo\iar\Debug_m7_1\Obj\sd_host_2982766354293506895.dir
[26] = E:\IAR\V1.1.1_25323\Demo\iar\Debug_m7_1\Obj\semihosting_143864889731838620.dir
[27] = E:\IAR\V1.1.1_25323\Demo\iar\Debug_m7_1\Obj\smartio_5451710003740070188.dir
[28] = E:\IAR\V1.1.1_25323\Demo\iar\Debug_m7_1\Obj\smif_427648126384146252.dir
[29] = E:\IAR\V1.1.1_25323\Demo\iar\Debug_m7_1\Obj\smif_mem_6470536964353725183.dir
[30] = E:\IAR\V1.1.1_25323\Demo\iar\Debug_m7_1\Obj\srom_13018798572330080582.dir
[31] = E:\IAR\V1.1.1_25323\Demo\iar\Debug_m7_1\Obj\startup_479057977785470282.dir
[32] = E:\IAR\V1.1.1_25323\Demo\iar\Debug_m7_1\Obj\sw_timer_4215635015939382130.dir
[33] = E:\IAR\V1.1.1_25323\Demo\iar\Debug_m7_1\Obj\sysclk_16149231235676103872.dir
[34] = E:\IAR\V1.1.1_25323\Demo\iar\Debug_m7_1\Obj\sysflt_12293435975120599261.dir
[35] = E:\IAR\V1.1.1_25323\Demo\iar\Debug_m7_1\Obj\sysint_7435970359207984181.dir
[36] = E:\IAR\V1.1.1_25323\Demo\iar\Debug_m7_1\Obj\syslib_16330585751512546975.dir
[37] = E:\IAR\V1.1.1_25323\Demo\iar\Debug_m7_1\Obj\syspm_10887939769544754770.dir
[38] = E:\IAR\V1.1.1_25323\Demo\iar\Debug_m7_1\Obj\sysreghc_17676636058511625587.dir
[39] = E:\IAR\V1.1.1_25323\Demo\iar\Debug_m7_1\Obj\sysreset_14586141425677365288.dir
[40] = E:\IAR\V1.1.1_25323\Demo\iar\Debug_m7_1\Obj\sysrtc_10747768817563771611.dir
[41] = E:\IAR\V1.1.1_25323\Demo\iar\Debug_m7_1\Obj\systick_16016591671695740695.dir
[42] = E:\IAR\V1.1.1_25323\Demo\iar\Debug_m7_1\Obj\syswdt_9118657615806274156.dir
[43] = E:\IAR\V1.1.1_25323\Demo\iar\Debug_m7_1\Obj\tcpwm_422923530147891246.dir
[44] = E:\IAR\V1.1.1_25323\Demo\iar\Debug_m7_1\Obj\trigmux_9729677290734583340.dir
[45] = E:\IAR\V1.1.1_25323\Demo\iar\Debug_m7_1\Obj\user_8514941877209965082.dir
[46] = E:\IAR\V1.1.1_25323\Demo\iar\Debug_m7_1\Obj\zf_common_1201165462030747823.dir
[47] = E:\IAR\V1.1.1_25323\Demo\iar\Debug_m7_1\Obj\zf_components_14936052685886095442.dir
[48] = E:\IAR\V1.1.1_25323\Demo\iar\Debug_m7_1\Obj\zf_device_6570275422786408770.dir
[49] = E:\IAR\V1.1.1_25323\Demo\iar\Debug_m7_1\Obj\zf_driver_11922370083829174090.dir
[50] = dl7M_tln.a
[51] = m7M_tlv.a
[52] = rt7M_tl.a
[53] = shb_l.a
[54] = zf_device_config.a

  29'212 bytes of readonly  code memory
   3'593 bytes of readonly  data memory
  80'111 bytes of readwrite data memory (+ 22'560 absolute)

Errors: none
Warnings: none
